<!doctype html public "-//w3c//dtd html 4.0 transitional//en">
<html><head>
<title>Static Call Graph - [.\Objects\stm32f103.axf]</title></head>
<body><HR>
<H1>Static Call Graph for image .\Objects\stm32f103.axf</H1><HR>
<BR><P>#&#060CALLGRAPH&#062# ARM Linker, 5050041: Last Updated: Fri Apr 22 23:54:15 2022
<BR><P>
<H3>Maximum Stack Usage =       5600 bytes + Unknown(Cycles, Untraceable Function Pointers)</H3><H3>
Call chain for Maximum Stack Depth:</H3>
main &rArr; iap_load_app &rArr; BootStatus_Send &rArr; OneNet_DevLink &rArr; OneNET_Authorization &rArr; hmac_sha1 &rArr; sha1 &rArr; rotl
<P>
<H3>
Mutually Recursive functions
</H3> <LI><a href="#[8]">PendSV_Handler</a>&nbsp;&nbsp;&nbsp;&rArr;&nbsp;&nbsp;&nbsp;<a href="#[8]">PendSV_Handler</a><BR>
 <LI><a href="#[1c]">ADC1_2_IRQHandler</a>&nbsp;&nbsp;&nbsp;&rArr;&nbsp;&nbsp;&nbsp;<a href="#[1c]">ADC1_2_IRQHandler</a><BR>
</UL>
<P>
<H3>
Function Pointers
</H3><UL>
 <LI><a href="#[1c]">ADC1_2_IRQHandler</a> from startup_stm32f10x_hd.o(.text) referenced from startup_stm32f10x_hd.o(RESET)
 <LI><a href="#[39]">ADC3_IRQHandler</a> from startup_stm32f10x_hd.o(.text) referenced from startup_stm32f10x_hd.o(RESET)
 <LI><a href="#[4]">BusFault_Handler</a> from stm32f10x_it.o(i.BusFault_Handler) referenced from startup_stm32f10x_hd.o(RESET)
 <LI><a href="#[1f]">CAN1_RX1_IRQHandler</a> from startup_stm32f10x_hd.o(.text) referenced from startup_stm32f10x_hd.o(RESET)
 <LI><a href="#[20]">CAN1_SCE_IRQHandler</a> from startup_stm32f10x_hd.o(.text) referenced from startup_stm32f10x_hd.o(RESET)
 <LI><a href="#[15]">DMA1_Channel1_IRQHandler</a> from startup_stm32f10x_hd.o(.text) referenced from startup_stm32f10x_hd.o(RESET)
 <LI><a href="#[16]">DMA1_Channel2_IRQHandler</a> from startup_stm32f10x_hd.o(.text) referenced from startup_stm32f10x_hd.o(RESET)
 <LI><a href="#[17]">DMA1_Channel3_IRQHandler</a> from startup_stm32f10x_hd.o(.text) referenced from startup_stm32f10x_hd.o(RESET)
 <LI><a href="#[18]">DMA1_Channel4_IRQHandler</a> from startup_stm32f10x_hd.o(.text) referenced from startup_stm32f10x_hd.o(RESET)
 <LI><a href="#[19]">DMA1_Channel5_IRQHandler</a> from startup_stm32f10x_hd.o(.text) referenced from startup_stm32f10x_hd.o(RESET)
 <LI><a href="#[1a]">DMA1_Channel6_IRQHandler</a> from startup_stm32f10x_hd.o(.text) referenced from startup_stm32f10x_hd.o(RESET)
 <LI><a href="#[1b]">DMA1_Channel7_IRQHandler</a> from startup_stm32f10x_hd.o(.text) referenced from startup_stm32f10x_hd.o(RESET)
 <LI><a href="#[42]">DMA2_Channel1_IRQHandler</a> from startup_stm32f10x_hd.o(.text) referenced from startup_stm32f10x_hd.o(RESET)
 <LI><a href="#[43]">DMA2_Channel2_IRQHandler</a> from startup_stm32f10x_hd.o(.text) referenced from startup_stm32f10x_hd.o(RESET)
 <LI><a href="#[44]">DMA2_Channel3_IRQHandler</a> from startup_stm32f10x_hd.o(.text) referenced from startup_stm32f10x_hd.o(RESET)
 <LI><a href="#[45]">DMA2_Channel4_5_IRQHandler</a> from startup_stm32f10x_hd.o(.text) referenced from startup_stm32f10x_hd.o(RESET)
 <LI><a href="#[7]">DebugMon_Handler</a> from stm32f10x_it.o(i.DebugMon_Handler) referenced from startup_stm32f10x_hd.o(RESET)
 <LI><a href="#[10]">EXTI0_IRQHandler</a> from stm32f10x_it.o(i.EXTI0_IRQHandler) referenced from startup_stm32f10x_hd.o(RESET)
 <LI><a href="#[32]">EXTI15_10_IRQHandler</a> from startup_stm32f10x_hd.o(.text) referenced from startup_stm32f10x_hd.o(RESET)
 <LI><a href="#[11]">EXTI1_IRQHandler</a> from startup_stm32f10x_hd.o(.text) referenced from startup_stm32f10x_hd.o(RESET)
 <LI><a href="#[12]">EXTI2_IRQHandler</a> from startup_stm32f10x_hd.o(.text) referenced from startup_stm32f10x_hd.o(RESET)
 <LI><a href="#[13]">EXTI3_IRQHandler</a> from startup_stm32f10x_hd.o(.text) referenced from startup_stm32f10x_hd.o(RESET)
 <LI><a href="#[14]">EXTI4_IRQHandler</a> from startup_stm32f10x_hd.o(.text) referenced from startup_stm32f10x_hd.o(RESET)
 <LI><a href="#[21]">EXTI9_5_IRQHandler</a> from startup_stm32f10x_hd.o(.text) referenced from startup_stm32f10x_hd.o(RESET)
 <LI><a href="#[e]">FLASH_IRQHandler</a> from startup_stm32f10x_hd.o(.text) referenced from startup_stm32f10x_hd.o(RESET)
 <LI><a href="#[3a]">FSMC_IRQHandler</a> from startup_stm32f10x_hd.o(.text) referenced from startup_stm32f10x_hd.o(RESET)
 <LI><a href="#[2]">HardFault_Handler</a> from stm32f10x_it.o(i.HardFault_Handler) referenced from startup_stm32f10x_hd.o(RESET)
 <LI><a href="#[2a]">I2C1_ER_IRQHandler</a> from startup_stm32f10x_hd.o(.text) referenced from startup_stm32f10x_hd.o(RESET)
 <LI><a href="#[29]">I2C1_EV_IRQHandler</a> from startup_stm32f10x_hd.o(.text) referenced from startup_stm32f10x_hd.o(RESET)
 <LI><a href="#[2c]">I2C2_ER_IRQHandler</a> from startup_stm32f10x_hd.o(.text) referenced from startup_stm32f10x_hd.o(RESET)
 <LI><a href="#[2b]">I2C2_EV_IRQHandler</a> from startup_stm32f10x_hd.o(.text) referenced from startup_stm32f10x_hd.o(RESET)
 <LI><a href="#[3]">MemManage_Handler</a> from stm32f10x_it.o(i.MemManage_Handler) referenced from startup_stm32f10x_hd.o(RESET)
 <LI><a href="#[1]">NMI_Handler</a> from stm32f10x_it.o(i.NMI_Handler) referenced from startup_stm32f10x_hd.o(RESET)
 <LI><a href="#[b]">PVD_IRQHandler</a> from startup_stm32f10x_hd.o(.text) referenced from startup_stm32f10x_hd.o(RESET)
 <LI><a href="#[8]">PendSV_Handler</a> from startup_stm32f10x_hd.o(.text) referenced from startup_stm32f10x_hd.o(RESET)
 <LI><a href="#[f]">RCC_IRQHandler</a> from startup_stm32f10x_hd.o(.text) referenced from startup_stm32f10x_hd.o(RESET)
 <LI><a href="#[33]">RTCAlarm_IRQHandler</a> from startup_stm32f10x_hd.o(.text) referenced from startup_stm32f10x_hd.o(RESET)
 <LI><a href="#[d]">RTC_IRQHandler</a> from stm32f10x_it.o(i.RTC_IRQHandler) referenced from startup_stm32f10x_hd.o(RESET)
 <LI><a href="#[0]">Reset_Handler</a> from startup_stm32f10x_hd.o(.text) referenced from startup_stm32f10x_hd.o(RESET)
 <LI><a href="#[3b]">SDIO_IRQHandler</a> from startup_stm32f10x_hd.o(.text) referenced from startup_stm32f10x_hd.o(RESET)
 <LI><a href="#[2d]">SPI1_IRQHandler</a> from startup_stm32f10x_hd.o(.text) referenced from startup_stm32f10x_hd.o(RESET)
 <LI><a href="#[2e]">SPI2_IRQHandler</a> from startup_stm32f10x_hd.o(.text) referenced from startup_stm32f10x_hd.o(RESET)
 <LI><a href="#[3d]">SPI3_IRQHandler</a> from startup_stm32f10x_hd.o(.text) referenced from startup_stm32f10x_hd.o(RESET)
 <LI><a href="#[6]">SVC_Handler</a> from stm32f10x_it.o(i.SVC_Handler) referenced from startup_stm32f10x_hd.o(RESET)
 <LI><a href="#[9]">SysTick_Handler</a> from stm32f10x_it.o(i.SysTick_Handler) referenced from startup_stm32f10x_hd.o(RESET)
 <LI><a href="#[47]">SystemInit</a> from system_stm32f10x.o(i.SystemInit) referenced from startup_stm32f10x_hd.o(.text)
 <LI><a href="#[c]">TAMPER_IRQHandler</a> from startup_stm32f10x_hd.o(.text) referenced from startup_stm32f10x_hd.o(RESET)
 <LI><a href="#[22]">TIM1_BRK_IRQHandler</a> from startup_stm32f10x_hd.o(.text) referenced from startup_stm32f10x_hd.o(RESET)
 <LI><a href="#[25]">TIM1_CC_IRQHandler</a> from startup_stm32f10x_hd.o(.text) referenced from startup_stm32f10x_hd.o(RESET)
 <LI><a href="#[24]">TIM1_TRG_COM_IRQHandler</a> from startup_stm32f10x_hd.o(.text) referenced from startup_stm32f10x_hd.o(RESET)
 <LI><a href="#[23]">TIM1_UP_IRQHandler</a> from startup_stm32f10x_hd.o(.text) referenced from startup_stm32f10x_hd.o(RESET)
 <LI><a href="#[26]">TIM2_IRQHandler</a> from startup_stm32f10x_hd.o(.text) referenced from startup_stm32f10x_hd.o(RESET)
 <LI><a href="#[27]">TIM3_IRQHandler</a> from timer.o(i.TIM3_IRQHandler) referenced from startup_stm32f10x_hd.o(RESET)
 <LI><a href="#[28]">TIM4_IRQHandler</a> from startup_stm32f10x_hd.o(.text) referenced from startup_stm32f10x_hd.o(RESET)
 <LI><a href="#[3c]">TIM5_IRQHandler</a> from startup_stm32f10x_hd.o(.text) referenced from startup_stm32f10x_hd.o(RESET)
 <LI><a href="#[40]">TIM6_IRQHandler</a> from startup_stm32f10x_hd.o(.text) referenced from startup_stm32f10x_hd.o(RESET)
 <LI><a href="#[41]">TIM7_IRQHandler</a> from startup_stm32f10x_hd.o(.text) referenced from startup_stm32f10x_hd.o(RESET)
 <LI><a href="#[35]">TIM8_BRK_IRQHandler</a> from startup_stm32f10x_hd.o(.text) referenced from startup_stm32f10x_hd.o(RESET)
 <LI><a href="#[38]">TIM8_CC_IRQHandler</a> from startup_stm32f10x_hd.o(.text) referenced from startup_stm32f10x_hd.o(RESET)
 <LI><a href="#[37]">TIM8_TRG_COM_IRQHandler</a> from startup_stm32f10x_hd.o(.text) referenced from startup_stm32f10x_hd.o(RESET)
 <LI><a href="#[36]">TIM8_UP_IRQHandler</a> from startup_stm32f10x_hd.o(.text) referenced from startup_stm32f10x_hd.o(RESET)
 <LI><a href="#[3e]">UART4_IRQHandler</a> from startup_stm32f10x_hd.o(.text) referenced from startup_stm32f10x_hd.o(RESET)
 <LI><a href="#[3f]">UART5_IRQHandler</a> from startup_stm32f10x_hd.o(.text) referenced from startup_stm32f10x_hd.o(RESET)
 <LI><a href="#[2f]">USART1_IRQHandler</a> from usart.o(i.USART1_IRQHandler) referenced from startup_stm32f10x_hd.o(RESET)
 <LI><a href="#[30]">USART2_IRQHandler</a> from esp8266.o(i.USART2_IRQHandler) referenced from startup_stm32f10x_hd.o(RESET)
 <LI><a href="#[31]">USART3_IRQHandler</a> from startup_stm32f10x_hd.o(.text) referenced from startup_stm32f10x_hd.o(RESET)
 <LI><a href="#[34]">USBWakeUp_IRQHandler</a> from startup_stm32f10x_hd.o(.text) referenced from startup_stm32f10x_hd.o(RESET)
 <LI><a href="#[1d]">USB_HP_CAN1_TX_IRQHandler</a> from startup_stm32f10x_hd.o(.text) referenced from startup_stm32f10x_hd.o(RESET)
 <LI><a href="#[1e]">USB_LP_CAN1_RX0_IRQHandler</a> from startup_stm32f10x_hd.o(.text) referenced from startup_stm32f10x_hd.o(RESET)
 <LI><a href="#[5]">UsageFault_Handler</a> from stm32f10x_it.o(i.UsageFault_Handler) referenced from startup_stm32f10x_hd.o(RESET)
 <LI><a href="#[a]">WWDG_IRQHandler</a> from startup_stm32f10x_hd.o(.text) referenced from startup_stm32f10x_hd.o(RESET)
 <LI><a href="#[48]">__main</a> from entry.o(.ARM.Collect$$$$00000000) referenced from startup_stm32f10x_hd.o(.text)
 <LI><a href="#[49]">_snputc</a> from printfa.o(i._snputc) referenced from printfa.o(i.__0snprintf)
 <LI><a href="#[49]">_snputc</a> from printfa.o(i._snputc) referenced from printfa.o(i.__0vsnprintf)
 <LI><a href="#[4a]">_sputc</a> from printfa.o(i._sputc) referenced from printfa.o(i.__0sprintf)
 <LI><a href="#[46]">main</a> from main.o(i.main) referenced from entry9a.o(.ARM.Collect$$$$0000000B)
</UL>
<P>
<H3>
Global Symbols
</H3>
<P><STRONG><a name="[48]"></a>__main</STRONG> (Thumb, 0 bytes, Stack size unknown bytes, entry.o(.ARM.Collect$$$$00000000))
<BR>[Address Reference Count : 1]<UL><LI> startup_stm32f10x_hd.o(.text)
</UL>
<P><STRONG><a name="[e4]"></a>_main_stk</STRONG> (Thumb, 0 bytes, Stack size unknown bytes, entry2.o(.ARM.Collect$$$$00000001))

<P><STRONG><a name="[4b]"></a>_main_scatterload</STRONG> (Thumb, 0 bytes, Stack size unknown bytes, entry5.o(.ARM.Collect$$$$00000004))
<BR><BR>[Calls]<UL><LI><a href="#[4c]">&gt;&gt;</a>&nbsp;&nbsp;&nbsp;__scatterload
</UL>

<P><STRONG><a name="[61]"></a>__main_after_scatterload</STRONG> (Thumb, 0 bytes, Stack size unknown bytes, entry5.o(.ARM.Collect$$$$00000004))
<BR><BR>[Called By]<UL><LI><a href="#[4c]">&gt;&gt;</a>&nbsp;&nbsp;&nbsp;__scatterload
</UL>

<P><STRONG><a name="[e5]"></a>_main_clock</STRONG> (Thumb, 0 bytes, Stack size unknown bytes, entry7b.o(.ARM.Collect$$$$00000008))

<P><STRONG><a name="[e6]"></a>_main_cpp_init</STRONG> (Thumb, 0 bytes, Stack size unknown bytes, entry8b.o(.ARM.Collect$$$$0000000A))

<P><STRONG><a name="[e7]"></a>_main_init</STRONG> (Thumb, 0 bytes, Stack size unknown bytes, entry9a.o(.ARM.Collect$$$$0000000B))

<P><STRONG><a name="[e8]"></a>__rt_final_cpp</STRONG> (Thumb, 0 bytes, Stack size unknown bytes, entry10a.o(.ARM.Collect$$$$0000000D))

<P><STRONG><a name="[e9]"></a>__rt_final_exit</STRONG> (Thumb, 0 bytes, Stack size unknown bytes, entry11a.o(.ARM.Collect$$$$0000000F))

<P><STRONG><a name="[dc]"></a>MSR_MSP</STRONG> (Thumb, 6 bytes, Stack size 0 bytes, sys.o(.emb_text))
<BR><BR>[Called By]<UL><LI><a href="#[db]">&gt;&gt;</a>&nbsp;&nbsp;&nbsp;iap_load_app
</UL>

<P><STRONG><a name="[0]"></a>Reset_Handler</STRONG> (Thumb, 8 bytes, Stack size 0 bytes, startup_stm32f10x_hd.o(.text))
<BR>[Address Reference Count : 1]<UL><LI> startup_stm32f10x_hd.o(RESET)
</UL>
<P><STRONG><a name="[8]"></a>PendSV_Handler</STRONG> (Thumb, 2 bytes, Stack size 0 bytes, startup_stm32f10x_hd.o(.text))
<BR><BR>[Calls]<UL><LI><a href="#[8]">&gt;&gt;</a>&nbsp;&nbsp;&nbsp;PendSV_Handler
</UL>
<BR>[Called By]<UL><LI><a href="#[8]">&gt;&gt;</a>&nbsp;&nbsp;&nbsp;PendSV_Handler
</UL>
<BR>[Address Reference Count : 1]<UL><LI> startup_stm32f10x_hd.o(RESET)
</UL>
<P><STRONG><a name="[1c]"></a>ADC1_2_IRQHandler</STRONG> (Thumb, 0 bytes, Stack size 0 bytes, startup_stm32f10x_hd.o(.text))
<BR><BR>[Calls]<UL><LI><a href="#[1c]">&gt;&gt;</a>&nbsp;&nbsp;&nbsp;ADC1_2_IRQHandler
</UL>
<BR>[Called By]<UL><LI><a href="#[1c]">&gt;&gt;</a>&nbsp;&nbsp;&nbsp;ADC1_2_IRQHandler
</UL>
<BR>[Address Reference Count : 1]<UL><LI> startup_stm32f10x_hd.o(RESET)
</UL>
<P><STRONG><a name="[39]"></a>ADC3_IRQHandler</STRONG> (Thumb, 0 bytes, Stack size 0 bytes, startup_stm32f10x_hd.o(.text))
<BR>[Address Reference Count : 1]<UL><LI> startup_stm32f10x_hd.o(RESET)
</UL>
<P><STRONG><a name="[1f]"></a>CAN1_RX1_IRQHandler</STRONG> (Thumb, 0 bytes, Stack size 0 bytes, startup_stm32f10x_hd.o(.text))
<BR>[Address Reference Count : 1]<UL><LI> startup_stm32f10x_hd.o(RESET)
</UL>
<P><STRONG><a name="[20]"></a>CAN1_SCE_IRQHandler</STRONG> (Thumb, 0 bytes, Stack size 0 bytes, startup_stm32f10x_hd.o(.text))
<BR>[Address Reference Count : 1]<UL><LI> startup_stm32f10x_hd.o(RESET)
</UL>
<P><STRONG><a name="[15]"></a>DMA1_Channel1_IRQHandler</STRONG> (Thumb, 0 bytes, Stack size 0 bytes, startup_stm32f10x_hd.o(.text))
<BR>[Address Reference Count : 1]<UL><LI> startup_stm32f10x_hd.o(RESET)
</UL>
<P><STRONG><a name="[16]"></a>DMA1_Channel2_IRQHandler</STRONG> (Thumb, 0 bytes, Stack size 0 bytes, startup_stm32f10x_hd.o(.text))
<BR>[Address Reference Count : 1]<UL><LI> startup_stm32f10x_hd.o(RESET)
</UL>
<P><STRONG><a name="[17]"></a>DMA1_Channel3_IRQHandler</STRONG> (Thumb, 0 bytes, Stack size 0 bytes, startup_stm32f10x_hd.o(.text))
<BR>[Address Reference Count : 1]<UL><LI> startup_stm32f10x_hd.o(RESET)
</UL>
<P><STRONG><a name="[18]"></a>DMA1_Channel4_IRQHandler</STRONG> (Thumb, 0 bytes, Stack size 0 bytes, startup_stm32f10x_hd.o(.text))
<BR>[Address Reference Count : 1]<UL><LI> startup_stm32f10x_hd.o(RESET)
</UL>
<P><STRONG><a name="[19]"></a>DMA1_Channel5_IRQHandler</STRONG> (Thumb, 0 bytes, Stack size 0 bytes, startup_stm32f10x_hd.o(.text))
<BR>[Address Reference Count : 1]<UL><LI> startup_stm32f10x_hd.o(RESET)
</UL>
<P><STRONG><a name="[1a]"></a>DMA1_Channel6_IRQHandler</STRONG> (Thumb, 0 bytes, Stack size 0 bytes, startup_stm32f10x_hd.o(.text))
<BR>[Address Reference Count : 1]<UL><LI> startup_stm32f10x_hd.o(RESET)
</UL>
<P><STRONG><a name="[1b]"></a>DMA1_Channel7_IRQHandler</STRONG> (Thumb, 0 bytes, Stack size 0 bytes, startup_stm32f10x_hd.o(.text))
<BR>[Address Reference Count : 1]<UL><LI> startup_stm32f10x_hd.o(RESET)
</UL>
<P><STRONG><a name="[42]"></a>DMA2_Channel1_IRQHandler</STRONG> (Thumb, 0 bytes, Stack size 0 bytes, startup_stm32f10x_hd.o(.text))
<BR>[Address Reference Count : 1]<UL><LI> startup_stm32f10x_hd.o(RESET)
</UL>
<P><STRONG><a name="[43]"></a>DMA2_Channel2_IRQHandler</STRONG> (Thumb, 0 bytes, Stack size 0 bytes, startup_stm32f10x_hd.o(.text))
<BR>[Address Reference Count : 1]<UL><LI> startup_stm32f10x_hd.o(RESET)
</UL>
<P><STRONG><a name="[44]"></a>DMA2_Channel3_IRQHandler</STRONG> (Thumb, 0 bytes, Stack size 0 bytes, startup_stm32f10x_hd.o(.text))
<BR>[Address Reference Count : 1]<UL><LI> startup_stm32f10x_hd.o(RESET)
</UL>
<P><STRONG><a name="[45]"></a>DMA2_Channel4_5_IRQHandler</STRONG> (Thumb, 0 bytes, Stack size 0 bytes, startup_stm32f10x_hd.o(.text))
<BR>[Address Reference Count : 1]<UL><LI> startup_stm32f10x_hd.o(RESET)
</UL>
<P><STRONG><a name="[32]"></a>EXTI15_10_IRQHandler</STRONG> (Thumb, 0 bytes, Stack size 0 bytes, startup_stm32f10x_hd.o(.text))
<BR>[Address Reference Count : 1]<UL><LI> startup_stm32f10x_hd.o(RESET)
</UL>
<P><STRONG><a name="[11]"></a>EXTI1_IRQHandler</STRONG> (Thumb, 0 bytes, Stack size 0 bytes, startup_stm32f10x_hd.o(.text))
<BR>[Address Reference Count : 1]<UL><LI> startup_stm32f10x_hd.o(RESET)
</UL>
<P><STRONG><a name="[12]"></a>EXTI2_IRQHandler</STRONG> (Thumb, 0 bytes, Stack size 0 bytes, startup_stm32f10x_hd.o(.text))
<BR>[Address Reference Count : 1]<UL><LI> startup_stm32f10x_hd.o(RESET)
</UL>
<P><STRONG><a name="[13]"></a>EXTI3_IRQHandler</STRONG> (Thumb, 0 bytes, Stack size 0 bytes, startup_stm32f10x_hd.o(.text))
<BR>[Address Reference Count : 1]<UL><LI> startup_stm32f10x_hd.o(RESET)
</UL>
<P><STRONG><a name="[14]"></a>EXTI4_IRQHandler</STRONG> (Thumb, 0 bytes, Stack size 0 bytes, startup_stm32f10x_hd.o(.text))
<BR>[Address Reference Count : 1]<UL><LI> startup_stm32f10x_hd.o(RESET)
</UL>
<P><STRONG><a name="[21]"></a>EXTI9_5_IRQHandler</STRONG> (Thumb, 0 bytes, Stack size 0 bytes, startup_stm32f10x_hd.o(.text))
<BR>[Address Reference Count : 1]<UL><LI> startup_stm32f10x_hd.o(RESET)
</UL>
<P><STRONG><a name="[e]"></a>FLASH_IRQHandler</STRONG> (Thumb, 0 bytes, Stack size 0 bytes, startup_stm32f10x_hd.o(.text))
<BR>[Address Reference Count : 1]<UL><LI> startup_stm32f10x_hd.o(RESET)
</UL>
<P><STRONG><a name="[3a]"></a>FSMC_IRQHandler</STRONG> (Thumb, 0 bytes, Stack size 0 bytes, startup_stm32f10x_hd.o(.text))
<BR>[Address Reference Count : 1]<UL><LI> startup_stm32f10x_hd.o(RESET)
</UL>
<P><STRONG><a name="[2a]"></a>I2C1_ER_IRQHandler</STRONG> (Thumb, 0 bytes, Stack size 0 bytes, startup_stm32f10x_hd.o(.text))
<BR>[Address Reference Count : 1]<UL><LI> startup_stm32f10x_hd.o(RESET)
</UL>
<P><STRONG><a name="[29]"></a>I2C1_EV_IRQHandler</STRONG> (Thumb, 0 bytes, Stack size 0 bytes, startup_stm32f10x_hd.o(.text))
<BR>[Address Reference Count : 1]<UL><LI> startup_stm32f10x_hd.o(RESET)
</UL>
<P><STRONG><a name="[2c]"></a>I2C2_ER_IRQHandler</STRONG> (Thumb, 0 bytes, Stack size 0 bytes, startup_stm32f10x_hd.o(.text))
<BR>[Address Reference Count : 1]<UL><LI> startup_stm32f10x_hd.o(RESET)
</UL>
<P><STRONG><a name="[2b]"></a>I2C2_EV_IRQHandler</STRONG> (Thumb, 0 bytes, Stack size 0 bytes, startup_stm32f10x_hd.o(.text))
<BR>[Address Reference Count : 1]<UL><LI> startup_stm32f10x_hd.o(RESET)
</UL>
<P><STRONG><a name="[b]"></a>PVD_IRQHandler</STRONG> (Thumb, 0 bytes, Stack size 0 bytes, startup_stm32f10x_hd.o(.text))
<BR>[Address Reference Count : 1]<UL><LI> startup_stm32f10x_hd.o(RESET)
</UL>
<P><STRONG><a name="[f]"></a>RCC_IRQHandler</STRONG> (Thumb, 0 bytes, Stack size 0 bytes, startup_stm32f10x_hd.o(.text))
<BR>[Address Reference Count : 1]<UL><LI> startup_stm32f10x_hd.o(RESET)
</UL>
<P><STRONG><a name="[33]"></a>RTCAlarm_IRQHandler</STRONG> (Thumb, 0 bytes, Stack size 0 bytes, startup_stm32f10x_hd.o(.text))
<BR>[Address Reference Count : 1]<UL><LI> startup_stm32f10x_hd.o(RESET)
</UL>
<P><STRONG><a name="[3b]"></a>SDIO_IRQHandler</STRONG> (Thumb, 0 bytes, Stack size 0 bytes, startup_stm32f10x_hd.o(.text))
<BR>[Address Reference Count : 1]<UL><LI> startup_stm32f10x_hd.o(RESET)
</UL>
<P><STRONG><a name="[2d]"></a>SPI1_IRQHandler</STRONG> (Thumb, 0 bytes, Stack size 0 bytes, startup_stm32f10x_hd.o(.text))
<BR>[Address Reference Count : 1]<UL><LI> startup_stm32f10x_hd.o(RESET)
</UL>
<P><STRONG><a name="[2e]"></a>SPI2_IRQHandler</STRONG> (Thumb, 0 bytes, Stack size 0 bytes, startup_stm32f10x_hd.o(.text))
<BR>[Address Reference Count : 1]<UL><LI> startup_stm32f10x_hd.o(RESET)
</UL>
<P><STRONG><a name="[3d]"></a>SPI3_IRQHandler</STRONG> (Thumb, 0 bytes, Stack size 0 bytes, startup_stm32f10x_hd.o(.text))
<BR>[Address Reference Count : 1]<UL><LI> startup_stm32f10x_hd.o(RESET)
</UL>
<P><STRONG><a name="[c]"></a>TAMPER_IRQHandler</STRONG> (Thumb, 0 bytes, Stack size 0 bytes, startup_stm32f10x_hd.o(.text))
<BR>[Address Reference Count : 1]<UL><LI> startup_stm32f10x_hd.o(RESET)
</UL>
<P><STRONG><a name="[22]"></a>TIM1_BRK_IRQHandler</STRONG> (Thumb, 0 bytes, Stack size 0 bytes, startup_stm32f10x_hd.o(.text))
<BR>[Address Reference Count : 1]<UL><LI> startup_stm32f10x_hd.o(RESET)
</UL>
<P><STRONG><a name="[25]"></a>TIM1_CC_IRQHandler</STRONG> (Thumb, 0 bytes, Stack size 0 bytes, startup_stm32f10x_hd.o(.text))
<BR>[Address Reference Count : 1]<UL><LI> startup_stm32f10x_hd.o(RESET)
</UL>
<P><STRONG><a name="[24]"></a>TIM1_TRG_COM_IRQHandler</STRONG> (Thumb, 0 bytes, Stack size 0 bytes, startup_stm32f10x_hd.o(.text))
<BR>[Address Reference Count : 1]<UL><LI> startup_stm32f10x_hd.o(RESET)
</UL>
<P><STRONG><a name="[23]"></a>TIM1_UP_IRQHandler</STRONG> (Thumb, 0 bytes, Stack size 0 bytes, startup_stm32f10x_hd.o(.text))
<BR>[Address Reference Count : 1]<UL><LI> startup_stm32f10x_hd.o(RESET)
</UL>
<P><STRONG><a name="[26]"></a>TIM2_IRQHandler</STRONG> (Thumb, 0 bytes, Stack size 0 bytes, startup_stm32f10x_hd.o(.text))
<BR>[Address Reference Count : 1]<UL><LI> startup_stm32f10x_hd.o(RESET)
</UL>
<P><STRONG><a name="[28]"></a>TIM4_IRQHandler</STRONG> (Thumb, 0 bytes, Stack size 0 bytes, startup_stm32f10x_hd.o(.text))
<BR>[Address Reference Count : 1]<UL><LI> startup_stm32f10x_hd.o(RESET)
</UL>
<P><STRONG><a name="[3c]"></a>TIM5_IRQHandler</STRONG> (Thumb, 0 bytes, Stack size 0 bytes, startup_stm32f10x_hd.o(.text))
<BR>[Address Reference Count : 1]<UL><LI> startup_stm32f10x_hd.o(RESET)
</UL>
<P><STRONG><a name="[40]"></a>TIM6_IRQHandler</STRONG> (Thumb, 0 bytes, Stack size 0 bytes, startup_stm32f10x_hd.o(.text))
<BR>[Address Reference Count : 1]<UL><LI> startup_stm32f10x_hd.o(RESET)
</UL>
<P><STRONG><a name="[41]"></a>TIM7_IRQHandler</STRONG> (Thumb, 0 bytes, Stack size 0 bytes, startup_stm32f10x_hd.o(.text))
<BR>[Address Reference Count : 1]<UL><LI> startup_stm32f10x_hd.o(RESET)
</UL>
<P><STRONG><a name="[35]"></a>TIM8_BRK_IRQHandler</STRONG> (Thumb, 0 bytes, Stack size 0 bytes, startup_stm32f10x_hd.o(.text))
<BR>[Address Reference Count : 1]<UL><LI> startup_stm32f10x_hd.o(RESET)
</UL>
<P><STRONG><a name="[38]"></a>TIM8_CC_IRQHandler</STRONG> (Thumb, 0 bytes, Stack size 0 bytes, startup_stm32f10x_hd.o(.text))
<BR>[Address Reference Count : 1]<UL><LI> startup_stm32f10x_hd.o(RESET)
</UL>
<P><STRONG><a name="[37]"></a>TIM8_TRG_COM_IRQHandler</STRONG> (Thumb, 0 bytes, Stack size 0 bytes, startup_stm32f10x_hd.o(.text))
<BR>[Address Reference Count : 1]<UL><LI> startup_stm32f10x_hd.o(RESET)
</UL>
<P><STRONG><a name="[36]"></a>TIM8_UP_IRQHandler</STRONG> (Thumb, 0 bytes, Stack size 0 bytes, startup_stm32f10x_hd.o(.text))
<BR>[Address Reference Count : 1]<UL><LI> startup_stm32f10x_hd.o(RESET)
</UL>
<P><STRONG><a name="[3e]"></a>UART4_IRQHandler</STRONG> (Thumb, 0 bytes, Stack size 0 bytes, startup_stm32f10x_hd.o(.text))
<BR>[Address Reference Count : 1]<UL><LI> startup_stm32f10x_hd.o(RESET)
</UL>
<P><STRONG><a name="[3f]"></a>UART5_IRQHandler</STRONG> (Thumb, 0 bytes, Stack size 0 bytes, startup_stm32f10x_hd.o(.text))
<BR>[Address Reference Count : 1]<UL><LI> startup_stm32f10x_hd.o(RESET)
</UL>
<P><STRONG><a name="[31]"></a>USART3_IRQHandler</STRONG> (Thumb, 0 bytes, Stack size 0 bytes, startup_stm32f10x_hd.o(.text))
<BR>[Address Reference Count : 1]<UL><LI> startup_stm32f10x_hd.o(RESET)
</UL>
<P><STRONG><a name="[34]"></a>USBWakeUp_IRQHandler</STRONG> (Thumb, 0 bytes, Stack size 0 bytes, startup_stm32f10x_hd.o(.text))
<BR>[Address Reference Count : 1]<UL><LI> startup_stm32f10x_hd.o(RESET)
</UL>
<P><STRONG><a name="[1d]"></a>USB_HP_CAN1_TX_IRQHandler</STRONG> (Thumb, 0 bytes, Stack size 0 bytes, startup_stm32f10x_hd.o(.text))
<BR>[Address Reference Count : 1]<UL><LI> startup_stm32f10x_hd.o(RESET)
</UL>
<P><STRONG><a name="[1e]"></a>USB_LP_CAN1_RX0_IRQHandler</STRONG> (Thumb, 0 bytes, Stack size 0 bytes, startup_stm32f10x_hd.o(.text))
<BR>[Address Reference Count : 1]<UL><LI> startup_stm32f10x_hd.o(RESET)
</UL>
<P><STRONG><a name="[a]"></a>WWDG_IRQHandler</STRONG> (Thumb, 0 bytes, Stack size 0 bytes, startup_stm32f10x_hd.o(.text))
<BR>[Address Reference Count : 1]<UL><LI> startup_stm32f10x_hd.o(RESET)
</UL>
<P><STRONG><a name="[93]"></a>__aeabi_memcpy</STRONG> (Thumb, 36 bytes, Stack size 0 bytes, memcpya.o(.text))
<BR><BR>[Called By]<UL><LI><a href="#[97]">&gt;&gt;</a>&nbsp;&nbsp;&nbsp;MQTT_UnPacketPublish
<LI><a href="#[92]">&gt;&gt;</a>&nbsp;&nbsp;&nbsp;MQTT_PacketPublish
<LI><a href="#[a9]">&gt;&gt;</a>&nbsp;&nbsp;&nbsp;OneNet_RevPro
</UL>

<P><STRONG><a name="[ea]"></a>__aeabi_memcpy4</STRONG> (Thumb, 0 bytes, Stack size 0 bytes, memcpya.o(.text), UNUSED)

<P><STRONG><a name="[eb]"></a>__aeabi_memcpy8</STRONG> (Thumb, 0 bytes, Stack size 0 bytes, memcpya.o(.text), UNUSED)

<P><STRONG><a name="[4e]"></a>__aeabi_memset</STRONG> (Thumb, 14 bytes, Stack size 0 bytes, memseta.o(.text))
<BR><BR>[Called By]<UL><LI><a href="#[4f]">&gt;&gt;</a>&nbsp;&nbsp;&nbsp;_memset$wrapper
<LI><a href="#[4d]">&gt;&gt;</a>&nbsp;&nbsp;&nbsp;__aeabi_memclr
</UL>

<P><STRONG><a name="[ec]"></a>__aeabi_memset4</STRONG> (Thumb, 0 bytes, Stack size 0 bytes, memseta.o(.text), UNUSED)

<P><STRONG><a name="[ed]"></a>__aeabi_memset8</STRONG> (Thumb, 0 bytes, Stack size 0 bytes, memseta.o(.text), UNUSED)

<P><STRONG><a name="[4d]"></a>__aeabi_memclr</STRONG> (Thumb, 4 bytes, Stack size 0 bytes, memseta.o(.text))
<BR><BR>[Calls]<UL><LI><a href="#[4e]">&gt;&gt;</a>&nbsp;&nbsp;&nbsp;__aeabi_memset
</UL>
<BR>[Called By]<UL><LI><a href="#[97]">&gt;&gt;</a>&nbsp;&nbsp;&nbsp;MQTT_UnPacketPublish
<LI><a href="#[92]">&gt;&gt;</a>&nbsp;&nbsp;&nbsp;MQTT_PacketPublish
<LI><a href="#[8e]">&gt;&gt;</a>&nbsp;&nbsp;&nbsp;MQTT_PacketConnect
<LI><a href="#[6a]">&gt;&gt;</a>&nbsp;&nbsp;&nbsp;ESP8266_Clear
</UL>

<P><STRONG><a name="[9e]"></a>__aeabi_memclr4</STRONG> (Thumb, 0 bytes, Stack size 0 bytes, memseta.o(.text))
<BR><BR>[Called By]<UL><LI><a href="#[68]">&gt;&gt;</a>&nbsp;&nbsp;&nbsp;OneNet_SendData
<LI><a href="#[a6]">&gt;&gt;</a>&nbsp;&nbsp;&nbsp;OneNet_FillBuf
<LI><a href="#[9d]">&gt;&gt;</a>&nbsp;&nbsp;&nbsp;OneNET_Authorization
<LI><a href="#[af]">&gt;&gt;</a>&nbsp;&nbsp;&nbsp;OneNet_SendData_Get
<LI><a href="#[ae]">&gt;&gt;</a>&nbsp;&nbsp;&nbsp;OneNet_RevPro_HTTP
</UL>

<P><STRONG><a name="[ee]"></a>__aeabi_memclr8</STRONG> (Thumb, 0 bytes, Stack size 0 bytes, memseta.o(.text), UNUSED)

<P><STRONG><a name="[4f]"></a>_memset$wrapper</STRONG> (Thumb, 18 bytes, Stack size 8 bytes, memseta.o(.text), UNUSED)
<BR><BR>[Calls]<UL><LI><a href="#[4e]">&gt;&gt;</a>&nbsp;&nbsp;&nbsp;__aeabi_memset
</UL>

<P><STRONG><a name="[9c]"></a>strcat</STRONG> (Thumb, 24 bytes, Stack size 0 bytes, strcat.o(.text))
<BR><BR>[Called By]<UL><LI><a href="#[a6]">&gt;&gt;</a>&nbsp;&nbsp;&nbsp;OneNet_FillBuf
<LI><a href="#[9b]">&gt;&gt;</a>&nbsp;&nbsp;&nbsp;OTA_UrlEncode
</UL>

<P><STRONG><a name="[6d]"></a>strstr</STRONG> (Thumb, 36 bytes, Stack size 12 bytes, strstr.o(.text))
<BR><BR>[Stack]<UL><LI>Max Depth = 12<LI>Call Chain = strstr
</UL>
<BR>[Called By]<UL><LI><a href="#[9a]">&gt;&gt;</a>&nbsp;&nbsp;&nbsp;Merge_Pkg
<LI><a href="#[7e]">&gt;&gt;</a>&nbsp;&nbsp;&nbsp;Get_Splice_Points
<LI><a href="#[99]">&gt;&gt;</a>&nbsp;&nbsp;&nbsp;MQTT_UnPacketRecv
<LI><a href="#[97]">&gt;&gt;</a>&nbsp;&nbsp;&nbsp;MQTT_UnPacketPublish
<LI><a href="#[a9]">&gt;&gt;</a>&nbsp;&nbsp;&nbsp;OneNet_RevPro
<LI><a href="#[7d]">&gt;&gt;</a>&nbsp;&nbsp;&nbsp;GetXmlData_andCheck
<LI><a href="#[66]">&gt;&gt;</a>&nbsp;&nbsp;&nbsp;ESP8266_SendCmd
<LI><a href="#[6f]">&gt;&gt;</a>&nbsp;&nbsp;&nbsp;ESP8266_MQTTIPD
<LI><a href="#[6b]">&gt;&gt;</a>&nbsp;&nbsp;&nbsp;ESP8266_GetIPD
</UL>

<P><STRONG><a name="[70]"></a>strchr</STRONG> (Thumb, 20 bytes, Stack size 0 bytes, strchr.o(.text))
<BR><BR>[Called By]<UL><LI><a href="#[7e]">&gt;&gt;</a>&nbsp;&nbsp;&nbsp;Get_Splice_Points
<LI><a href="#[97]">&gt;&gt;</a>&nbsp;&nbsp;&nbsp;MQTT_UnPacketPublish
<LI><a href="#[a9]">&gt;&gt;</a>&nbsp;&nbsp;&nbsp;OneNet_RevPro
<LI><a href="#[6f]">&gt;&gt;</a>&nbsp;&nbsp;&nbsp;ESP8266_MQTTIPD
</UL>

<P><STRONG><a name="[71]"></a>strlen</STRONG> (Thumb, 14 bytes, Stack size 0 bytes, strlen.o(.text))
<BR><BR>[Called By]<UL><LI><a href="#[96]">&gt;&gt;</a>&nbsp;&nbsp;&nbsp;MQTT_PacketSubscribe
<LI><a href="#[8e]">&gt;&gt;</a>&nbsp;&nbsp;&nbsp;MQTT_PacketConnect
<LI><a href="#[a6]">&gt;&gt;</a>&nbsp;&nbsp;&nbsp;OneNet_FillBuf
<LI><a href="#[a2]">&gt;&gt;</a>&nbsp;&nbsp;&nbsp;OneNET_Publish
<LI><a href="#[9d]">&gt;&gt;</a>&nbsp;&nbsp;&nbsp;OneNET_Authorization
<LI><a href="#[9b]">&gt;&gt;</a>&nbsp;&nbsp;&nbsp;OTA_UrlEncode
<LI><a href="#[af]">&gt;&gt;</a>&nbsp;&nbsp;&nbsp;OneNet_SendData_Get
<LI><a href="#[66]">&gt;&gt;</a>&nbsp;&nbsp;&nbsp;ESP8266_SendCmd
</UL>

<P><STRONG><a name="[90]"></a>strncat</STRONG> (Thumb, 40 bytes, Stack size 8 bytes, strncat.o(.text))
<BR><BR>[Stack]<UL><LI>Max Depth = 8<LI>Call Chain = strncat
</UL>
<BR>[Called By]<UL><LI><a href="#[96]">&gt;&gt;</a>&nbsp;&nbsp;&nbsp;MQTT_PacketSubscribe
<LI><a href="#[92]">&gt;&gt;</a>&nbsp;&nbsp;&nbsp;MQTT_PacketPublish
<LI><a href="#[8e]">&gt;&gt;</a>&nbsp;&nbsp;&nbsp;MQTT_PacketConnect
</UL>

<P><STRONG><a name="[a7]"></a>strcpy</STRONG> (Thumb, 18 bytes, Stack size 0 bytes, strcpy.o(.text))
<BR><BR>[Called By]<UL><LI><a href="#[a6]">&gt;&gt;</a>&nbsp;&nbsp;&nbsp;OneNet_FillBuf
</UL>

<P><STRONG><a name="[50]"></a>atoi</STRONG> (Thumb, 26 bytes, Stack size 16 bytes, atoi.o(.text))
<BR><BR>[Stack]<UL><LI>Max Depth = 88<LI>Call Chain = atoi &rArr; strtol &rArr; _strtoul
</UL>
<BR>[Calls]<UL><LI><a href="#[52]">&gt;&gt;</a>&nbsp;&nbsp;&nbsp;strtol
<LI><a href="#[51]">&gt;&gt;</a>&nbsp;&nbsp;&nbsp;__aeabi_errno_addr
</UL>
<BR>[Called By]<UL><LI><a href="#[7e]">&gt;&gt;</a>&nbsp;&nbsp;&nbsp;Get_Splice_Points
<LI><a href="#[a9]">&gt;&gt;</a>&nbsp;&nbsp;&nbsp;OneNet_RevPro
</UL>

<P><STRONG><a name="[53]"></a>__aeabi_dadd</STRONG> (Thumb, 322 bytes, Stack size 48 bytes, dadd.o(.text), UNUSED)
<BR><BR>[Calls]<UL><LI><a href="#[55]">&gt;&gt;</a>&nbsp;&nbsp;&nbsp;__aeabi_lasr
<LI><a href="#[54]">&gt;&gt;</a>&nbsp;&nbsp;&nbsp;__aeabi_llsl
<LI><a href="#[57]">&gt;&gt;</a>&nbsp;&nbsp;&nbsp;_double_round
<LI><a href="#[56]">&gt;&gt;</a>&nbsp;&nbsp;&nbsp;_double_epilogue
</UL>
<BR>[Called By]<UL><LI><a href="#[58]">&gt;&gt;</a>&nbsp;&nbsp;&nbsp;__aeabi_dsub
<LI><a href="#[59]">&gt;&gt;</a>&nbsp;&nbsp;&nbsp;__aeabi_drsub
<LI><a href="#[d5]">&gt;&gt;</a>&nbsp;&nbsp;&nbsp;_fp_digits
</UL>

<P><STRONG><a name="[58]"></a>__aeabi_dsub</STRONG> (Thumb, 6 bytes, Stack size 0 bytes, dadd.o(.text), UNUSED)
<BR><BR>[Calls]<UL><LI><a href="#[53]">&gt;&gt;</a>&nbsp;&nbsp;&nbsp;__aeabi_dadd
</UL>

<P><STRONG><a name="[59]"></a>__aeabi_drsub</STRONG> (Thumb, 6 bytes, Stack size 0 bytes, dadd.o(.text), UNUSED)
<BR><BR>[Calls]<UL><LI><a href="#[53]">&gt;&gt;</a>&nbsp;&nbsp;&nbsp;__aeabi_dadd
</UL>

<P><STRONG><a name="[5a]"></a>__aeabi_dmul</STRONG> (Thumb, 228 bytes, Stack size 48 bytes, dmul.o(.text), UNUSED)
<BR><BR>[Calls]<UL><LI><a href="#[56]">&gt;&gt;</a>&nbsp;&nbsp;&nbsp;_double_epilogue
</UL>
<BR>[Called By]<UL><LI><a href="#[d5]">&gt;&gt;</a>&nbsp;&nbsp;&nbsp;_fp_digits
</UL>

<P><STRONG><a name="[ef]"></a>__aeabi_uidiv</STRONG> (Thumb, 0 bytes, Stack size 12 bytes, uidiv.o(.text), UNUSED)

<P><STRONG><a name="[d9]"></a>__aeabi_uidivmod</STRONG> (Thumb, 44 bytes, Stack size 12 bytes, uidiv.o(.text), UNUSED)
<BR><BR>[Called By]<UL><LI><a href="#[d2]">&gt;&gt;</a>&nbsp;&nbsp;&nbsp;_printf_core
</UL>

<P><STRONG><a name="[5b]"></a>__aeabi_uldivmod</STRONG> (Thumb, 98 bytes, Stack size 40 bytes, uldiv.o(.text), UNUSED)
<BR><BR>[Calls]<UL><LI><a href="#[54]">&gt;&gt;</a>&nbsp;&nbsp;&nbsp;__aeabi_llsl
<LI><a href="#[5c]">&gt;&gt;</a>&nbsp;&nbsp;&nbsp;__aeabi_llsr
</UL>
<BR>[Called By]<UL><LI><a href="#[d2]">&gt;&gt;</a>&nbsp;&nbsp;&nbsp;_printf_core
<LI><a href="#[d5]">&gt;&gt;</a>&nbsp;&nbsp;&nbsp;_fp_digits
</UL>

<P><STRONG><a name="[54]"></a>__aeabi_llsl</STRONG> (Thumb, 30 bytes, Stack size 0 bytes, llshl.o(.text), UNUSED)
<BR><BR>[Called By]<UL><LI><a href="#[53]">&gt;&gt;</a>&nbsp;&nbsp;&nbsp;__aeabi_dadd
<LI><a href="#[5b]">&gt;&gt;</a>&nbsp;&nbsp;&nbsp;__aeabi_uldivmod
<LI><a href="#[56]">&gt;&gt;</a>&nbsp;&nbsp;&nbsp;_double_epilogue
<LI><a href="#[60]">&gt;&gt;</a>&nbsp;&nbsp;&nbsp;__aeabi_d2ulz
</UL>

<P><STRONG><a name="[f0]"></a>_ll_shift_l</STRONG> (Thumb, 0 bytes, Stack size 0 bytes, llshl.o(.text), UNUSED)

<P><STRONG><a name="[55]"></a>__aeabi_lasr</STRONG> (Thumb, 36 bytes, Stack size 0 bytes, llsshr.o(.text), UNUSED)
<BR><BR>[Called By]<UL><LI><a href="#[53]">&gt;&gt;</a>&nbsp;&nbsp;&nbsp;__aeabi_dadd
</UL>

<P><STRONG><a name="[f1]"></a>_ll_sshift_r</STRONG> (Thumb, 0 bytes, Stack size 0 bytes, llsshr.o(.text), UNUSED)

<P><STRONG><a name="[62]"></a>_chval</STRONG> (Thumb, 28 bytes, Stack size 0 bytes, _chval.o(.text))
<BR><BR>[Called By]<UL><LI><a href="#[5e]">&gt;&gt;</a>&nbsp;&nbsp;&nbsp;_strtoul
</UL>

<P><STRONG><a name="[52]"></a>strtol</STRONG> (Thumb, 112 bytes, Stack size 32 bytes, strtol.o(.text))
<BR><BR>[Stack]<UL><LI>Max Depth = 72<LI>Call Chain = strtol &rArr; _strtoul
</UL>
<BR>[Calls]<UL><LI><a href="#[51]">&gt;&gt;</a>&nbsp;&nbsp;&nbsp;__aeabi_errno_addr
<LI><a href="#[5e]">&gt;&gt;</a>&nbsp;&nbsp;&nbsp;_strtoul
<LI><a href="#[5d]">&gt;&gt;</a>&nbsp;&nbsp;&nbsp;__rt_ctype_table
</UL>
<BR>[Called By]<UL><LI><a href="#[50]">&gt;&gt;</a>&nbsp;&nbsp;&nbsp;atoi
</UL>

<P><STRONG><a name="[f2]"></a>__I$use$fp</STRONG> (Thumb, 0 bytes, Stack size 8 bytes, iusefp.o(.text), UNUSED)

<P><STRONG><a name="[57]"></a>_double_round</STRONG> (Thumb, 30 bytes, Stack size 8 bytes, depilogue.o(.text), UNUSED)
<BR><BR>[Called By]<UL><LI><a href="#[53]">&gt;&gt;</a>&nbsp;&nbsp;&nbsp;__aeabi_dadd
<LI><a href="#[56]">&gt;&gt;</a>&nbsp;&nbsp;&nbsp;_double_epilogue
<LI><a href="#[5f]">&gt;&gt;</a>&nbsp;&nbsp;&nbsp;__aeabi_ddiv
</UL>

<P><STRONG><a name="[56]"></a>_double_epilogue</STRONG> (Thumb, 156 bytes, Stack size 32 bytes, depilogue.o(.text), UNUSED)
<BR><BR>[Calls]<UL><LI><a href="#[54]">&gt;&gt;</a>&nbsp;&nbsp;&nbsp;__aeabi_llsl
<LI><a href="#[57]">&gt;&gt;</a>&nbsp;&nbsp;&nbsp;_double_round
<LI><a href="#[5c]">&gt;&gt;</a>&nbsp;&nbsp;&nbsp;__aeabi_llsr
</UL>
<BR>[Called By]<UL><LI><a href="#[5a]">&gt;&gt;</a>&nbsp;&nbsp;&nbsp;__aeabi_dmul
<LI><a href="#[53]">&gt;&gt;</a>&nbsp;&nbsp;&nbsp;__aeabi_dadd
</UL>

<P><STRONG><a name="[5f]"></a>__aeabi_ddiv</STRONG> (Thumb, 222 bytes, Stack size 32 bytes, ddiv.o(.text), UNUSED)
<BR><BR>[Calls]<UL><LI><a href="#[57]">&gt;&gt;</a>&nbsp;&nbsp;&nbsp;_double_round
</UL>
<BR>[Called By]<UL><LI><a href="#[d5]">&gt;&gt;</a>&nbsp;&nbsp;&nbsp;_fp_digits
</UL>

<P><STRONG><a name="[60]"></a>__aeabi_d2ulz</STRONG> (Thumb, 48 bytes, Stack size 0 bytes, dfixul.o(.text), UNUSED)
<BR><BR>[Calls]<UL><LI><a href="#[54]">&gt;&gt;</a>&nbsp;&nbsp;&nbsp;__aeabi_llsl
<LI><a href="#[5c]">&gt;&gt;</a>&nbsp;&nbsp;&nbsp;__aeabi_llsr
</UL>
<BR>[Called By]<UL><LI><a href="#[d5]">&gt;&gt;</a>&nbsp;&nbsp;&nbsp;_fp_digits
</UL>

<P><STRONG><a name="[d6]"></a>__aeabi_cdrcmple</STRONG> (Thumb, 48 bytes, Stack size 0 bytes, cdrcmple.o(.text), UNUSED)
<BR><BR>[Called By]<UL><LI><a href="#[d5]">&gt;&gt;</a>&nbsp;&nbsp;&nbsp;_fp_digits
</UL>

<P><STRONG><a name="[4c]"></a>__scatterload</STRONG> (Thumb, 28 bytes, Stack size 0 bytes, init.o(.text))
<BR><BR>[Calls]<UL><LI><a href="#[61]">&gt;&gt;</a>&nbsp;&nbsp;&nbsp;__main_after_scatterload
</UL>
<BR>[Called By]<UL><LI><a href="#[4b]">&gt;&gt;</a>&nbsp;&nbsp;&nbsp;_main_scatterload
</UL>

<P><STRONG><a name="[f3]"></a>__scatterload_rt2</STRONG> (Thumb, 0 bytes, Stack size 0 bytes, init.o(.text), UNUSED)

<P><STRONG><a name="[5c]"></a>__aeabi_llsr</STRONG> (Thumb, 32 bytes, Stack size 0 bytes, llushr.o(.text), UNUSED)
<BR><BR>[Called By]<UL><LI><a href="#[5b]">&gt;&gt;</a>&nbsp;&nbsp;&nbsp;__aeabi_uldivmod
<LI><a href="#[56]">&gt;&gt;</a>&nbsp;&nbsp;&nbsp;_double_epilogue
<LI><a href="#[60]">&gt;&gt;</a>&nbsp;&nbsp;&nbsp;__aeabi_d2ulz
</UL>

<P><STRONG><a name="[f4]"></a>_ll_ushift_r</STRONG> (Thumb, 0 bytes, Stack size 0 bytes, llushr.o(.text), UNUSED)

<P><STRONG><a name="[5d]"></a>__rt_ctype_table</STRONG> (Thumb, 4 bytes, Stack size 0 bytes, ctype_o.o(.text))
<BR><BR>[Called By]<UL><LI><a href="#[52]">&gt;&gt;</a>&nbsp;&nbsp;&nbsp;strtol
</UL>

<P><STRONG><a name="[5e]"></a>_strtoul</STRONG> (Thumb, 158 bytes, Stack size 40 bytes, _strtoul.o(.text))
<BR><BR>[Stack]<UL><LI>Max Depth = 40<LI>Call Chain = _strtoul
</UL>
<BR>[Calls]<UL><LI><a href="#[62]">&gt;&gt;</a>&nbsp;&nbsp;&nbsp;_chval
<LI><a href="#[51]">&gt;&gt;</a>&nbsp;&nbsp;&nbsp;__aeabi_errno_addr
</UL>
<BR>[Called By]<UL><LI><a href="#[52]">&gt;&gt;</a>&nbsp;&nbsp;&nbsp;strtol
</UL>

<P><STRONG><a name="[9f]"></a>BASE64_Decode</STRONG> (Thumb, 360 bytes, Stack size 32 bytes, base64.o(i.BASE64_Decode))
<BR><BR>[Stack]<UL><LI>Max Depth = 32<LI>Call Chain = BASE64_Decode
</UL>
<BR>[Called By]<UL><LI><a href="#[9d]">&gt;&gt;</a>&nbsp;&nbsp;&nbsp;OneNET_Authorization
</UL>

<P><STRONG><a name="[a1]"></a>BASE64_Encode</STRONG> (Thumb, 320 bytes, Stack size 36 bytes, base64.o(i.BASE64_Encode))
<BR><BR>[Stack]<UL><LI>Max Depth = 36<LI>Call Chain = BASE64_Encode
</UL>
<BR>[Called By]<UL><LI><a href="#[9d]">&gt;&gt;</a>&nbsp;&nbsp;&nbsp;OneNET_Authorization
</UL>

<P><STRONG><a name="[63]"></a>BootStatus_Send</STRONG> (Thumb, 58 bytes, Stack size 8 bytes, onenet.o(i.BootStatus_Send))
<BR><BR>[Stack]<UL><LI>Max Depth = 5560<LI>Call Chain = BootStatus_Send &rArr; OneNet_DevLink &rArr; OneNET_Authorization &rArr; hmac_sha1 &rArr; sha1 &rArr; rotl
</UL>
<BR>[Calls]<UL><LI><a href="#[65]">&gt;&gt;</a>&nbsp;&nbsp;&nbsp;DelayXms
<LI><a href="#[68]">&gt;&gt;</a>&nbsp;&nbsp;&nbsp;OneNet_SendData
<LI><a href="#[67]">&gt;&gt;</a>&nbsp;&nbsp;&nbsp;OneNet_DevLink
<LI><a href="#[66]">&gt;&gt;</a>&nbsp;&nbsp;&nbsp;ESP8266_SendCmd
<LI><a href="#[64]">&gt;&gt;</a>&nbsp;&nbsp;&nbsp;ESP8266_Init
</UL>
<BR>[Called By]<UL><LI><a href="#[db]">&gt;&gt;</a>&nbsp;&nbsp;&nbsp;iap_load_app
</UL>

<P><STRONG><a name="[4]"></a>BusFault_Handler</STRONG> (Thumb, 12 bytes, Stack size 0 bytes, stm32f10x_it.o(i.BusFault_Handler))
<BR><BR>[Stack]<UL><LI>Max Depth = 352<LI>Call Chain = BusFault_Handler &rArr; UsartPrintf &rArr; vsnprintf
</UL>
<BR>[Calls]<UL><LI><a href="#[69]">&gt;&gt;</a>&nbsp;&nbsp;&nbsp;UsartPrintf
</UL>
<BR>[Address Reference Count : 1]<UL><LI> startup_stm32f10x_hd.o(RESET)
</UL>
<P><STRONG><a name="[7]"></a>DebugMon_Handler</STRONG> (Thumb, 2 bytes, Stack size 0 bytes, stm32f10x_it.o(i.DebugMon_Handler))
<BR>[Address Reference Count : 1]<UL><LI> startup_stm32f10x_hd.o(RESET)
</UL>
<P><STRONG><a name="[65]"></a>DelayXms</STRONG> (Thumb, 66 bytes, Stack size 0 bytes, delay.o(i.DelayXms))
<BR><BR>[Called By]<UL><LI><a href="#[63]">&gt;&gt;</a>&nbsp;&nbsp;&nbsp;BootStatus_Send
<LI><a href="#[66]">&gt;&gt;</a>&nbsp;&nbsp;&nbsp;ESP8266_SendCmd
<LI><a href="#[6f]">&gt;&gt;</a>&nbsp;&nbsp;&nbsp;ESP8266_MQTTIPD
<LI><a href="#[64]">&gt;&gt;</a>&nbsp;&nbsp;&nbsp;ESP8266_Init
<LI><a href="#[6b]">&gt;&gt;</a>&nbsp;&nbsp;&nbsp;ESP8266_GetIPD
<LI><a href="#[46]">&gt;&gt;</a>&nbsp;&nbsp;&nbsp;main
</UL>

<P><STRONG><a name="[82]"></a>Delay_Init</STRONG> (Thumb, 48 bytes, Stack size 0 bytes, delay.o(i.Delay_Init))
<BR><BR>[Called By]<UL><LI><a href="#[7f]">&gt;&gt;</a>&nbsp;&nbsp;&nbsp;Hardware_Init
</UL>

<P><STRONG><a name="[6a]"></a>ESP8266_Clear</STRONG> (Thumb, 20 bytes, Stack size 8 bytes, esp8266.o(i.ESP8266_Clear))
<BR><BR>[Stack]<UL><LI>Max Depth = 8<LI>Call Chain = ESP8266_Clear
</UL>
<BR>[Calls]<UL><LI><a href="#[4d]">&gt;&gt;</a>&nbsp;&nbsp;&nbsp;__aeabi_memclr
</UL>
<BR>[Called By]<UL><LI><a href="#[73]">&gt;&gt;</a>&nbsp;&nbsp;&nbsp;ESP8266_SendData
<LI><a href="#[ae]">&gt;&gt;</a>&nbsp;&nbsp;&nbsp;OneNet_RevPro_HTTP
<LI><a href="#[a9]">&gt;&gt;</a>&nbsp;&nbsp;&nbsp;OneNet_RevPro
<LI><a href="#[66]">&gt;&gt;</a>&nbsp;&nbsp;&nbsp;ESP8266_SendCmd
<LI><a href="#[64]">&gt;&gt;</a>&nbsp;&nbsp;&nbsp;ESP8266_Init
<LI><a href="#[46]">&gt;&gt;</a>&nbsp;&nbsp;&nbsp;main
</UL>

<P><STRONG><a name="[6b]"></a>ESP8266_GetIPD</STRONG> (Thumb, 50 bytes, Stack size 16 bytes, esp8266.o(i.ESP8266_GetIPD))
<BR><BR>[Stack]<UL><LI>Max Depth = 28<LI>Call Chain = ESP8266_GetIPD &rArr; strstr
</UL>
<BR>[Calls]<UL><LI><a href="#[65]">&gt;&gt;</a>&nbsp;&nbsp;&nbsp;DelayXms
<LI><a href="#[6c]">&gt;&gt;</a>&nbsp;&nbsp;&nbsp;ESP8266_WaitRecive
<LI><a href="#[6d]">&gt;&gt;</a>&nbsp;&nbsp;&nbsp;strstr
</UL>
<BR>[Called By]<UL><LI><a href="#[46]">&gt;&gt;</a>&nbsp;&nbsp;&nbsp;main
</UL>

<P><STRONG><a name="[64]"></a>ESP8266_Init</STRONG> (Thumb, 172 bytes, Stack size 8 bytes, esp8266.o(i.ESP8266_Init))
<BR><BR>[Stack]<UL><LI>Max Depth = 360<LI>Call Chain = ESP8266_Init &rArr; UsartPrintf &rArr; vsnprintf
</UL>
<BR>[Calls]<UL><LI><a href="#[69]">&gt;&gt;</a>&nbsp;&nbsp;&nbsp;UsartPrintf
<LI><a href="#[65]">&gt;&gt;</a>&nbsp;&nbsp;&nbsp;DelayXms
<LI><a href="#[6e]">&gt;&gt;</a>&nbsp;&nbsp;&nbsp;GPIO_WriteBit
<LI><a href="#[66]">&gt;&gt;</a>&nbsp;&nbsp;&nbsp;ESP8266_SendCmd
<LI><a href="#[6a]">&gt;&gt;</a>&nbsp;&nbsp;&nbsp;ESP8266_Clear
</UL>
<BR>[Called By]<UL><LI><a href="#[63]">&gt;&gt;</a>&nbsp;&nbsp;&nbsp;BootStatus_Send
<LI><a href="#[46]">&gt;&gt;</a>&nbsp;&nbsp;&nbsp;main
<LI><a href="#[7f]">&gt;&gt;</a>&nbsp;&nbsp;&nbsp;Hardware_Init
</UL>

<P><STRONG><a name="[6f]"></a>ESP8266_MQTTIPD</STRONG> (Thumb, 68 bytes, Stack size 16 bytes, esp8266.o(i.ESP8266_MQTTIPD))
<BR><BR>[Stack]<UL><LI>Max Depth = 28<LI>Call Chain = ESP8266_MQTTIPD &rArr; strstr
</UL>
<BR>[Calls]<UL><LI><a href="#[65]">&gt;&gt;</a>&nbsp;&nbsp;&nbsp;DelayXms
<LI><a href="#[6c]">&gt;&gt;</a>&nbsp;&nbsp;&nbsp;ESP8266_WaitRecive
<LI><a href="#[70]">&gt;&gt;</a>&nbsp;&nbsp;&nbsp;strchr
<LI><a href="#[6d]">&gt;&gt;</a>&nbsp;&nbsp;&nbsp;strstr
</UL>
<BR>[Called By]<UL><LI><a href="#[67]">&gt;&gt;</a>&nbsp;&nbsp;&nbsp;OneNet_DevLink
<LI><a href="#[46]">&gt;&gt;</a>&nbsp;&nbsp;&nbsp;main
</UL>

<P><STRONG><a name="[66]"></a>ESP8266_SendCmd</STRONG> (Thumb, 76 bytes, Stack size 24 bytes, esp8266.o(i.ESP8266_SendCmd))
<BR><BR>[Stack]<UL><LI>Max Depth = 48<LI>Call Chain = ESP8266_SendCmd &rArr; Usart_SendString
</UL>
<BR>[Calls]<UL><LI><a href="#[72]">&gt;&gt;</a>&nbsp;&nbsp;&nbsp;Usart_SendString
<LI><a href="#[65]">&gt;&gt;</a>&nbsp;&nbsp;&nbsp;DelayXms
<LI><a href="#[6c]">&gt;&gt;</a>&nbsp;&nbsp;&nbsp;ESP8266_WaitRecive
<LI><a href="#[6a]">&gt;&gt;</a>&nbsp;&nbsp;&nbsp;ESP8266_Clear
<LI><a href="#[71]">&gt;&gt;</a>&nbsp;&nbsp;&nbsp;strlen
<LI><a href="#[6d]">&gt;&gt;</a>&nbsp;&nbsp;&nbsp;strstr
</UL>
<BR>[Called By]<UL><LI><a href="#[73]">&gt;&gt;</a>&nbsp;&nbsp;&nbsp;ESP8266_SendData
<LI><a href="#[63]">&gt;&gt;</a>&nbsp;&nbsp;&nbsp;BootStatus_Send
<LI><a href="#[64]">&gt;&gt;</a>&nbsp;&nbsp;&nbsp;ESP8266_Init
<LI><a href="#[46]">&gt;&gt;</a>&nbsp;&nbsp;&nbsp;main
</UL>

<P><STRONG><a name="[73]"></a>ESP8266_SendData</STRONG> (Thumb, 46 bytes, Stack size 48 bytes, esp8266.o(i.ESP8266_SendData))
<BR><BR>[Stack]<UL><LI>Max Depth = 96<LI>Call Chain = ESP8266_SendData &rArr; ESP8266_SendCmd &rArr; Usart_SendString
</UL>
<BR>[Calls]<UL><LI><a href="#[72]">&gt;&gt;</a>&nbsp;&nbsp;&nbsp;Usart_SendString
<LI><a href="#[66]">&gt;&gt;</a>&nbsp;&nbsp;&nbsp;ESP8266_SendCmd
<LI><a href="#[6a]">&gt;&gt;</a>&nbsp;&nbsp;&nbsp;ESP8266_Clear
<LI><a href="#[74]">&gt;&gt;</a>&nbsp;&nbsp;&nbsp;__2sprintf
</UL>
<BR>[Called By]<UL><LI><a href="#[ad]">&gt;&gt;</a>&nbsp;&nbsp;&nbsp;OneNet_ping
<LI><a href="#[68]">&gt;&gt;</a>&nbsp;&nbsp;&nbsp;OneNet_SendData
<LI><a href="#[a2]">&gt;&gt;</a>&nbsp;&nbsp;&nbsp;OneNET_Publish
<LI><a href="#[af]">&gt;&gt;</a>&nbsp;&nbsp;&nbsp;OneNet_SendData_Get
<LI><a href="#[67]">&gt;&gt;</a>&nbsp;&nbsp;&nbsp;OneNet_DevLink
<LI><a href="#[a3]">&gt;&gt;</a>&nbsp;&nbsp;&nbsp;OneNET_Subscribe
</UL>

<P><STRONG><a name="[6c]"></a>ESP8266_WaitRecive</STRONG> (Thumb, 42 bytes, Stack size 0 bytes, esp8266.o(i.ESP8266_WaitRecive))
<BR><BR>[Called By]<UL><LI><a href="#[66]">&gt;&gt;</a>&nbsp;&nbsp;&nbsp;ESP8266_SendCmd
<LI><a href="#[6f]">&gt;&gt;</a>&nbsp;&nbsp;&nbsp;ESP8266_MQTTIPD
<LI><a href="#[6b]">&gt;&gt;</a>&nbsp;&nbsp;&nbsp;ESP8266_GetIPD
</UL>

<P><STRONG><a name="[10]"></a>EXTI0_IRQHandler</STRONG> (Thumb, 2 bytes, Stack size 0 bytes, stm32f10x_it.o(i.EXTI0_IRQHandler))
<BR>[Address Reference Count : 1]<UL><LI> startup_stm32f10x_hd.o(RESET)
</UL>
<P><STRONG><a name="[75]"></a>FLASH_ErasePage</STRONG> (Thumb, 72 bytes, Stack size 12 bytes, stm32f10x_flash.o(i.FLASH_ErasePage))
<BR><BR>[Stack]<UL><LI>Max Depth = 16<LI>Call Chain = FLASH_ErasePage &rArr; FLASH_WaitForLastOperation
</UL>
<BR>[Calls]<UL><LI><a href="#[76]">&gt;&gt;</a>&nbsp;&nbsp;&nbsp;FLASH_WaitForLastOperation
</UL>
<BR>[Called By]<UL><LI><a href="#[dd]">&gt;&gt;</a>&nbsp;&nbsp;&nbsp;iap_write_appbin
</UL>

<P><STRONG><a name="[78]"></a>FLASH_GetBank1Status</STRONG> (Thumb, 48 bytes, Stack size 0 bytes, stm32f10x_flash.o(i.FLASH_GetBank1Status))
<BR><BR>[Called By]<UL><LI><a href="#[76]">&gt;&gt;</a>&nbsp;&nbsp;&nbsp;FLASH_WaitForLastOperation
</UL>

<P><STRONG><a name="[df]"></a>FLASH_Lock</STRONG> (Thumb, 14 bytes, Stack size 0 bytes, stm32f10x_flash.o(i.FLASH_Lock))
<BR><BR>[Called By]<UL><LI><a href="#[dd]">&gt;&gt;</a>&nbsp;&nbsp;&nbsp;iap_write_appbin
</UL>

<P><STRONG><a name="[b3]"></a>FLASH_PrefetchBufferCmd</STRONG> (Thumb, 22 bytes, Stack size 0 bytes, stm32f10x_flash.o(i.FLASH_PrefetchBufferCmd))
<BR><BR>[Called By]<UL><LI><a href="#[80]">&gt;&gt;</a>&nbsp;&nbsp;&nbsp;RCC_Configuration
</UL>

<P><STRONG><a name="[77]"></a>FLASH_ProgramHalfWord</STRONG> (Thumb, 60 bytes, Stack size 16 bytes, stm32f10x_flash.o(i.FLASH_ProgramHalfWord))
<BR><BR>[Stack]<UL><LI>Max Depth = 20<LI>Call Chain = FLASH_ProgramHalfWord &rArr; FLASH_WaitForLastOperation
</UL>
<BR>[Calls]<UL><LI><a href="#[76]">&gt;&gt;</a>&nbsp;&nbsp;&nbsp;FLASH_WaitForLastOperation
</UL>
<BR>[Called By]<UL><LI><a href="#[dd]">&gt;&gt;</a>&nbsp;&nbsp;&nbsp;iap_write_appbin
</UL>

<P><STRONG><a name="[b4]"></a>FLASH_SetLatency</STRONG> (Thumb, 18 bytes, Stack size 0 bytes, stm32f10x_flash.o(i.FLASH_SetLatency))
<BR><BR>[Called By]<UL><LI><a href="#[80]">&gt;&gt;</a>&nbsp;&nbsp;&nbsp;RCC_Configuration
</UL>

<P><STRONG><a name="[de]"></a>FLASH_Unlock</STRONG> (Thumb, 12 bytes, Stack size 0 bytes, stm32f10x_flash.o(i.FLASH_Unlock))
<BR><BR>[Called By]<UL><LI><a href="#[dd]">&gt;&gt;</a>&nbsp;&nbsp;&nbsp;iap_write_appbin
</UL>

<P><STRONG><a name="[76]"></a>FLASH_WaitForLastOperation</STRONG> (Thumb, 38 bytes, Stack size 4 bytes, stm32f10x_flash.o(i.FLASH_WaitForLastOperation))
<BR><BR>[Stack]<UL><LI>Max Depth = 4<LI>Call Chain = FLASH_WaitForLastOperation
</UL>
<BR>[Calls]<UL><LI><a href="#[78]">&gt;&gt;</a>&nbsp;&nbsp;&nbsp;FLASH_GetBank1Status
</UL>
<BR>[Called By]<UL><LI><a href="#[77]">&gt;&gt;</a>&nbsp;&nbsp;&nbsp;FLASH_ProgramHalfWord
<LI><a href="#[75]">&gt;&gt;</a>&nbsp;&nbsp;&nbsp;FLASH_ErasePage
</UL>

<P><STRONG><a name="[79]"></a>GPIO_Configuration</STRONG> (Thumb, 312 bytes, Stack size 8 bytes, main.o(i.GPIO_Configuration))
<BR><BR>[Stack]<UL><LI>Max Depth = 32<LI>Call Chain = GPIO_Configuration &rArr; GPIO_Init
</UL>
<BR>[Calls]<UL><LI><a href="#[7b]">&gt;&gt;</a>&nbsp;&nbsp;&nbsp;GPIO_Init
<LI><a href="#[7a]">&gt;&gt;</a>&nbsp;&nbsp;&nbsp;GPIO_PinRemapConfig
</UL>
<BR>[Called By]<UL><LI><a href="#[7f]">&gt;&gt;</a>&nbsp;&nbsp;&nbsp;Hardware_Init
</UL>

<P><STRONG><a name="[7b]"></a>GPIO_Init</STRONG> (Thumb, 278 bytes, Stack size 24 bytes, stm32f10x_gpio.o(i.GPIO_Init))
<BR><BR>[Stack]<UL><LI>Max Depth = 24<LI>Call Chain = GPIO_Init
</UL>
<BR>[Called By]<UL><LI><a href="#[84]">&gt;&gt;</a>&nbsp;&nbsp;&nbsp;Usart2_Init
<LI><a href="#[79]">&gt;&gt;</a>&nbsp;&nbsp;&nbsp;GPIO_Configuration
</UL>

<P><STRONG><a name="[7a]"></a>GPIO_PinRemapConfig</STRONG> (Thumb, 138 bytes, Stack size 20 bytes, stm32f10x_gpio.o(i.GPIO_PinRemapConfig))
<BR><BR>[Stack]<UL><LI>Max Depth = 20<LI>Call Chain = GPIO_PinRemapConfig
</UL>
<BR>[Called By]<UL><LI><a href="#[79]">&gt;&gt;</a>&nbsp;&nbsp;&nbsp;GPIO_Configuration
</UL>

<P><STRONG><a name="[6e]"></a>GPIO_WriteBit</STRONG> (Thumb, 10 bytes, Stack size 0 bytes, stm32f10x_gpio.o(i.GPIO_WriteBit))
<BR><BR>[Called By]<UL><LI><a href="#[64]">&gt;&gt;</a>&nbsp;&nbsp;&nbsp;ESP8266_Init
<LI><a href="#[89]">&gt;&gt;</a>&nbsp;&nbsp;&nbsp;LedF9_Set
<LI><a href="#[88]">&gt;&gt;</a>&nbsp;&nbsp;&nbsp;LedF8_Set
<LI><a href="#[87]">&gt;&gt;</a>&nbsp;&nbsp;&nbsp;LedF7_Set
<LI><a href="#[86]">&gt;&gt;</a>&nbsp;&nbsp;&nbsp;LedF6_Set
</UL>

<P><STRONG><a name="[7c]"></a>GetPkgData_andCheck</STRONG> (Thumb, 134 bytes, Stack size 32 bytes, onenethttp.o(i.GetPkgData_andCheck))
<BR><BR>[Stack]<UL><LI>Max Depth = 384<LI>Call Chain = GetPkgData_andCheck &rArr; UsartPrintf &rArr; vsnprintf
</UL>
<BR>[Calls]<UL><LI><a href="#[69]">&gt;&gt;</a>&nbsp;&nbsp;&nbsp;UsartPrintf
</UL>
<BR>[Called By]<UL><LI><a href="#[ae]">&gt;&gt;</a>&nbsp;&nbsp;&nbsp;OneNet_RevPro_HTTP
</UL>

<P><STRONG><a name="[7d]"></a>GetXmlData_andCheck</STRONG> (Thumb, 158 bytes, Stack size 24 bytes, onenethttp.o(i.GetXmlData_andCheck))
<BR><BR>[Stack]<UL><LI>Max Depth = 376<LI>Call Chain = GetXmlData_andCheck &rArr; UsartPrintf &rArr; vsnprintf
</UL>
<BR>[Calls]<UL><LI><a href="#[69]">&gt;&gt;</a>&nbsp;&nbsp;&nbsp;UsartPrintf
<LI><a href="#[6d]">&gt;&gt;</a>&nbsp;&nbsp;&nbsp;strstr
</UL>
<BR>[Called By]<UL><LI><a href="#[46]">&gt;&gt;</a>&nbsp;&nbsp;&nbsp;main
</UL>

<P><STRONG><a name="[7e]"></a>Get_Splice_Points</STRONG> (Thumb, 192 bytes, Stack size 48 bytes, onenethttp.o(i.Get_Splice_Points))
<BR><BR>[Stack]<UL><LI>Max Depth = 136<LI>Call Chain = Get_Splice_Points &rArr; atoi &rArr; strtol &rArr; _strtoul
</UL>
<BR>[Calls]<UL><LI><a href="#[50]">&gt;&gt;</a>&nbsp;&nbsp;&nbsp;atoi
<LI><a href="#[70]">&gt;&gt;</a>&nbsp;&nbsp;&nbsp;strchr
<LI><a href="#[6d]">&gt;&gt;</a>&nbsp;&nbsp;&nbsp;strstr
</UL>
<BR>[Called By]<UL><LI><a href="#[ae]">&gt;&gt;</a>&nbsp;&nbsp;&nbsp;OneNet_RevPro_HTTP
</UL>

<P><STRONG><a name="[2]"></a>HardFault_Handler</STRONG> (Thumb, 12 bytes, Stack size 0 bytes, stm32f10x_it.o(i.HardFault_Handler))
<BR><BR>[Stack]<UL><LI>Max Depth = 352<LI>Call Chain = HardFault_Handler &rArr; UsartPrintf &rArr; vsnprintf
</UL>
<BR>[Calls]<UL><LI><a href="#[69]">&gt;&gt;</a>&nbsp;&nbsp;&nbsp;UsartPrintf
</UL>
<BR>[Address Reference Count : 1]<UL><LI> startup_stm32f10x_hd.o(RESET)
</UL>
<P><STRONG><a name="[7f]"></a>Hardware_Init</STRONG> (Thumb, 92 bytes, Stack size 8 bytes, main.o(i.Hardware_Init))
<BR><BR>[Stack]<UL><LI>Max Depth = 368<LI>Call Chain = Hardware_Init &rArr; ESP8266_Init &rArr; UsartPrintf &rArr; vsnprintf
</UL>
<BR>[Calls]<UL><LI><a href="#[81]">&gt;&gt;</a>&nbsp;&nbsp;&nbsp;NVIC_PriorityGroupConfig
<LI><a href="#[69]">&gt;&gt;</a>&nbsp;&nbsp;&nbsp;UsartPrintf
<LI><a href="#[84]">&gt;&gt;</a>&nbsp;&nbsp;&nbsp;Usart2_Init
<LI><a href="#[83]">&gt;&gt;</a>&nbsp;&nbsp;&nbsp;Usart1_Init
<LI><a href="#[82]">&gt;&gt;</a>&nbsp;&nbsp;&nbsp;Delay_Init
<LI><a href="#[64]">&gt;&gt;</a>&nbsp;&nbsp;&nbsp;ESP8266_Init
<LI><a href="#[80]">&gt;&gt;</a>&nbsp;&nbsp;&nbsp;RCC_Configuration
<LI><a href="#[79]">&gt;&gt;</a>&nbsp;&nbsp;&nbsp;GPIO_Configuration
<LI><a href="#[85]">&gt;&gt;</a>&nbsp;&nbsp;&nbsp;Led_Init
</UL>
<BR>[Called By]<UL><LI><a href="#[46]">&gt;&gt;</a>&nbsp;&nbsp;&nbsp;main
</UL>

<P><STRONG><a name="[86]"></a>LedF6_Set</STRONG> (Thumb, 32 bytes, Stack size 8 bytes, led.o(i.LedF6_Set))
<BR><BR>[Stack]<UL><LI>Max Depth = 8<LI>Call Chain = LedF6_Set
</UL>
<BR>[Calls]<UL><LI><a href="#[6e]">&gt;&gt;</a>&nbsp;&nbsp;&nbsp;GPIO_WriteBit
</UL>
<BR>[Called By]<UL><LI><a href="#[a9]">&gt;&gt;</a>&nbsp;&nbsp;&nbsp;OneNet_RevPro
<LI><a href="#[46]">&gt;&gt;</a>&nbsp;&nbsp;&nbsp;main
<LI><a href="#[85]">&gt;&gt;</a>&nbsp;&nbsp;&nbsp;Led_Init
</UL>

<P><STRONG><a name="[87]"></a>LedF7_Set</STRONG> (Thumb, 32 bytes, Stack size 8 bytes, led.o(i.LedF7_Set))
<BR><BR>[Stack]<UL><LI>Max Depth = 8<LI>Call Chain = LedF7_Set
</UL>
<BR>[Calls]<UL><LI><a href="#[6e]">&gt;&gt;</a>&nbsp;&nbsp;&nbsp;GPIO_WriteBit
</UL>
<BR>[Called By]<UL><LI><a href="#[a9]">&gt;&gt;</a>&nbsp;&nbsp;&nbsp;OneNet_RevPro
<LI><a href="#[85]">&gt;&gt;</a>&nbsp;&nbsp;&nbsp;Led_Init
</UL>

<P><STRONG><a name="[88]"></a>LedF8_Set</STRONG> (Thumb, 34 bytes, Stack size 8 bytes, led.o(i.LedF8_Set))
<BR><BR>[Stack]<UL><LI>Max Depth = 8<LI>Call Chain = LedF8_Set
</UL>
<BR>[Calls]<UL><LI><a href="#[6e]">&gt;&gt;</a>&nbsp;&nbsp;&nbsp;GPIO_WriteBit
</UL>
<BR>[Called By]<UL><LI><a href="#[a9]">&gt;&gt;</a>&nbsp;&nbsp;&nbsp;OneNet_RevPro
<LI><a href="#[85]">&gt;&gt;</a>&nbsp;&nbsp;&nbsp;Led_Init
</UL>

<P><STRONG><a name="[89]"></a>LedF9_Set</STRONG> (Thumb, 34 bytes, Stack size 8 bytes, led.o(i.LedF9_Set))
<BR><BR>[Stack]<UL><LI>Max Depth = 8<LI>Call Chain = LedF9_Set
</UL>
<BR>[Calls]<UL><LI><a href="#[6e]">&gt;&gt;</a>&nbsp;&nbsp;&nbsp;GPIO_WriteBit
</UL>
<BR>[Called By]<UL><LI><a href="#[a9]">&gt;&gt;</a>&nbsp;&nbsp;&nbsp;OneNet_RevPro
<LI><a href="#[85]">&gt;&gt;</a>&nbsp;&nbsp;&nbsp;Led_Init
</UL>

<P><STRONG><a name="[85]"></a>Led_Init</STRONG> (Thumb, 28 bytes, Stack size 8 bytes, led.o(i.Led_Init))
<BR><BR>[Stack]<UL><LI>Max Depth = 16<LI>Call Chain = Led_Init &rArr; LedF9_Set
</UL>
<BR>[Calls]<UL><LI><a href="#[89]">&gt;&gt;</a>&nbsp;&nbsp;&nbsp;LedF9_Set
<LI><a href="#[88]">&gt;&gt;</a>&nbsp;&nbsp;&nbsp;LedF8_Set
<LI><a href="#[87]">&gt;&gt;</a>&nbsp;&nbsp;&nbsp;LedF7_Set
<LI><a href="#[86]">&gt;&gt;</a>&nbsp;&nbsp;&nbsp;LedF6_Set
</UL>
<BR>[Called By]<UL><LI><a href="#[7f]">&gt;&gt;</a>&nbsp;&nbsp;&nbsp;Hardware_Init
</UL>

<P><STRONG><a name="[8a]"></a>MQTT_DeleteBuffer</STRONG> (Thumb, 28 bytes, Stack size 8 bytes, mqttkit.o(i.MQTT_DeleteBuffer))
<BR><BR>[Stack]<UL><LI>Max Depth = 16<LI>Call Chain = MQTT_DeleteBuffer &rArr; free
</UL>
<BR>[Calls]<UL><LI><a href="#[8b]">&gt;&gt;</a>&nbsp;&nbsp;&nbsp;free
</UL>
<BR>[Called By]<UL><LI><a href="#[96]">&gt;&gt;</a>&nbsp;&nbsp;&nbsp;MQTT_PacketSubscribe
<LI><a href="#[92]">&gt;&gt;</a>&nbsp;&nbsp;&nbsp;MQTT_PacketPublish
<LI><a href="#[8e]">&gt;&gt;</a>&nbsp;&nbsp;&nbsp;MQTT_PacketConnect
<LI><a href="#[ad]">&gt;&gt;</a>&nbsp;&nbsp;&nbsp;OneNet_ping
<LI><a href="#[68]">&gt;&gt;</a>&nbsp;&nbsp;&nbsp;OneNet_SendData
<LI><a href="#[a2]">&gt;&gt;</a>&nbsp;&nbsp;&nbsp;OneNET_Publish
<LI><a href="#[67]">&gt;&gt;</a>&nbsp;&nbsp;&nbsp;OneNet_DevLink
<LI><a href="#[a3]">&gt;&gt;</a>&nbsp;&nbsp;&nbsp;OneNET_Subscribe
</UL>

<P><STRONG><a name="[8f]"></a>MQTT_DumpLength</STRONG> (Thumb, 46 bytes, Stack size 0 bytes, mqttkit.o(i.MQTT_DumpLength))
<BR><BR>[Called By]<UL><LI><a href="#[96]">&gt;&gt;</a>&nbsp;&nbsp;&nbsp;MQTT_PacketSubscribe
<LI><a href="#[92]">&gt;&gt;</a>&nbsp;&nbsp;&nbsp;MQTT_PacketPublish
<LI><a href="#[8e]">&gt;&gt;</a>&nbsp;&nbsp;&nbsp;MQTT_PacketConnect
</UL>

<P><STRONG><a name="[8c]"></a>MQTT_NewBuffer</STRONG> (Thumb, 88 bytes, Stack size 16 bytes, mqttkit.o(i.MQTT_NewBuffer))
<BR><BR>[Stack]<UL><LI>Max Depth = 36<LI>Call Chain = MQTT_NewBuffer &rArr; malloc
</UL>
<BR>[Calls]<UL><LI><a href="#[8d]">&gt;&gt;</a>&nbsp;&nbsp;&nbsp;malloc
</UL>
<BR>[Called By]<UL><LI><a href="#[96]">&gt;&gt;</a>&nbsp;&nbsp;&nbsp;MQTT_PacketSubscribe
<LI><a href="#[92]">&gt;&gt;</a>&nbsp;&nbsp;&nbsp;MQTT_PacketPublish
<LI><a href="#[91]">&gt;&gt;</a>&nbsp;&nbsp;&nbsp;MQTT_PacketPing
<LI><a href="#[8e]">&gt;&gt;</a>&nbsp;&nbsp;&nbsp;MQTT_PacketConnect
</UL>

<P><STRONG><a name="[8e]"></a>MQTT_PacketConnect</STRONG> (Thumb, 666 bytes, Stack size 64 bytes, mqttkit.o(i.MQTT_PacketConnect))
<BR><BR>[Stack]<UL><LI>Max Depth = 100<LI>Call Chain = MQTT_PacketConnect &rArr; MQTT_NewBuffer &rArr; malloc
</UL>
<BR>[Calls]<UL><LI><a href="#[8c]">&gt;&gt;</a>&nbsp;&nbsp;&nbsp;MQTT_NewBuffer
<LI><a href="#[8f]">&gt;&gt;</a>&nbsp;&nbsp;&nbsp;MQTT_DumpLength
<LI><a href="#[8a]">&gt;&gt;</a>&nbsp;&nbsp;&nbsp;MQTT_DeleteBuffer
<LI><a href="#[90]">&gt;&gt;</a>&nbsp;&nbsp;&nbsp;strncat
<LI><a href="#[71]">&gt;&gt;</a>&nbsp;&nbsp;&nbsp;strlen
<LI><a href="#[4d]">&gt;&gt;</a>&nbsp;&nbsp;&nbsp;__aeabi_memclr
</UL>
<BR>[Called By]<UL><LI><a href="#[67]">&gt;&gt;</a>&nbsp;&nbsp;&nbsp;OneNet_DevLink
</UL>

<P><STRONG><a name="[91]"></a>MQTT_PacketPing</STRONG> (Thumb, 48 bytes, Stack size 8 bytes, mqttkit.o(i.MQTT_PacketPing))
<BR><BR>[Stack]<UL><LI>Max Depth = 44<LI>Call Chain = MQTT_PacketPing &rArr; MQTT_NewBuffer &rArr; malloc
</UL>
<BR>[Calls]<UL><LI><a href="#[8c]">&gt;&gt;</a>&nbsp;&nbsp;&nbsp;MQTT_NewBuffer
</UL>
<BR>[Called By]<UL><LI><a href="#[ad]">&gt;&gt;</a>&nbsp;&nbsp;&nbsp;OneNet_ping
</UL>

<P><STRONG><a name="[92]"></a>MQTT_PacketPublish</STRONG> (Thumb, 440 bytes, Stack size 64 bytes, mqttkit.o(i.MQTT_PacketPublish))
<BR><BR>[Stack]<UL><LI>Max Depth = 100<LI>Call Chain = MQTT_PacketPublish &rArr; MQTT_NewBuffer &rArr; malloc
</UL>
<BR>[Calls]<UL><LI><a href="#[8c]">&gt;&gt;</a>&nbsp;&nbsp;&nbsp;MQTT_NewBuffer
<LI><a href="#[8f]">&gt;&gt;</a>&nbsp;&nbsp;&nbsp;MQTT_DumpLength
<LI><a href="#[8a]">&gt;&gt;</a>&nbsp;&nbsp;&nbsp;MQTT_DeleteBuffer
<LI><a href="#[90]">&gt;&gt;</a>&nbsp;&nbsp;&nbsp;strncat
<LI><a href="#[4d]">&gt;&gt;</a>&nbsp;&nbsp;&nbsp;__aeabi_memclr
<LI><a href="#[93]">&gt;&gt;</a>&nbsp;&nbsp;&nbsp;__aeabi_memcpy
</UL>
<BR>[Called By]<UL><LI><a href="#[94]">&gt;&gt;</a>&nbsp;&nbsp;&nbsp;MQTT_PacketSaveData
<LI><a href="#[a2]">&gt;&gt;</a>&nbsp;&nbsp;&nbsp;OneNET_Publish
</UL>

<P><STRONG><a name="[94]"></a>MQTT_PacketSaveData</STRONG> (Thumb, 68 bytes, Stack size 88 bytes, mqttkit.o(i.MQTT_PacketSaveData))
<BR><BR>[Stack]<UL><LI>Max Depth = 188<LI>Call Chain = MQTT_PacketSaveData &rArr; MQTT_PacketPublish &rArr; MQTT_NewBuffer &rArr; malloc
</UL>
<BR>[Calls]<UL><LI><a href="#[92]">&gt;&gt;</a>&nbsp;&nbsp;&nbsp;MQTT_PacketPublish
<LI><a href="#[95]">&gt;&gt;</a>&nbsp;&nbsp;&nbsp;__2snprintf
</UL>
<BR>[Called By]<UL><LI><a href="#[68]">&gt;&gt;</a>&nbsp;&nbsp;&nbsp;OneNet_SendData
</UL>

<P><STRONG><a name="[96]"></a>MQTT_PacketSubscribe</STRONG> (Thumb, 254 bytes, Stack size 56 bytes, mqttkit.o(i.MQTT_PacketSubscribe))
<BR><BR>[Stack]<UL><LI>Max Depth = 92<LI>Call Chain = MQTT_PacketSubscribe &rArr; MQTT_NewBuffer &rArr; malloc
</UL>
<BR>[Calls]<UL><LI><a href="#[8c]">&gt;&gt;</a>&nbsp;&nbsp;&nbsp;MQTT_NewBuffer
<LI><a href="#[8f]">&gt;&gt;</a>&nbsp;&nbsp;&nbsp;MQTT_DumpLength
<LI><a href="#[8a]">&gt;&gt;</a>&nbsp;&nbsp;&nbsp;MQTT_DeleteBuffer
<LI><a href="#[90]">&gt;&gt;</a>&nbsp;&nbsp;&nbsp;strncat
<LI><a href="#[71]">&gt;&gt;</a>&nbsp;&nbsp;&nbsp;strlen
</UL>
<BR>[Called By]<UL><LI><a href="#[a3]">&gt;&gt;</a>&nbsp;&nbsp;&nbsp;OneNET_Subscribe
</UL>

<P><STRONG><a name="[98]"></a>MQTT_ReadLength</STRONG> (Thumb, 70 bytes, Stack size 20 bytes, mqttkit.o(i.MQTT_ReadLength))
<BR><BR>[Stack]<UL><LI>Max Depth = 20<LI>Call Chain = MQTT_ReadLength
</UL>
<BR>[Called By]<UL><LI><a href="#[99]">&gt;&gt;</a>&nbsp;&nbsp;&nbsp;MQTT_UnPacketRecv
<LI><a href="#[97]">&gt;&gt;</a>&nbsp;&nbsp;&nbsp;MQTT_UnPacketPublish
</UL>

<P><STRONG><a name="[a5]"></a>MQTT_UnPacketConnectAck</STRONG> (Thumb, 30 bytes, Stack size 0 bytes, mqttkit.o(i.MQTT_UnPacketConnectAck))
<BR><BR>[Called By]<UL><LI><a href="#[67]">&gt;&gt;</a>&nbsp;&nbsp;&nbsp;OneNet_DevLink
</UL>

<P><STRONG><a name="[ac]"></a>MQTT_UnPacketPing</STRONG> (Thumb, 14 bytes, Stack size 0 bytes, mqttkit.o(i.MQTT_UnPacketPing))
<BR><BR>[Called By]<UL><LI><a href="#[a9]">&gt;&gt;</a>&nbsp;&nbsp;&nbsp;OneNet_RevPro
</UL>

<P><STRONG><a name="[97]"></a>MQTT_UnPacketPublish</STRONG> (Thumb, 438 bytes, Stack size 48 bytes, mqttkit.o(i.MQTT_UnPacketPublish))
<BR><BR>[Stack]<UL><LI>Max Depth = 68<LI>Call Chain = MQTT_UnPacketPublish &rArr; MQTT_ReadLength
</UL>
<BR>[Calls]<UL><LI><a href="#[98]">&gt;&gt;</a>&nbsp;&nbsp;&nbsp;MQTT_ReadLength
<LI><a href="#[8d]">&gt;&gt;</a>&nbsp;&nbsp;&nbsp;malloc
<LI><a href="#[8b]">&gt;&gt;</a>&nbsp;&nbsp;&nbsp;free
<LI><a href="#[70]">&gt;&gt;</a>&nbsp;&nbsp;&nbsp;strchr
<LI><a href="#[6d]">&gt;&gt;</a>&nbsp;&nbsp;&nbsp;strstr
<LI><a href="#[4d]">&gt;&gt;</a>&nbsp;&nbsp;&nbsp;__aeabi_memclr
<LI><a href="#[93]">&gt;&gt;</a>&nbsp;&nbsp;&nbsp;__aeabi_memcpy
</UL>
<BR>[Called By]<UL><LI><a href="#[a9]">&gt;&gt;</a>&nbsp;&nbsp;&nbsp;OneNet_RevPro
</UL>

<P><STRONG><a name="[aa]"></a>MQTT_UnPacketPublishAck</STRONG> (Thumb, 30 bytes, Stack size 0 bytes, mqttkit.o(i.MQTT_UnPacketPublishAck))
<BR><BR>[Called By]<UL><LI><a href="#[a9]">&gt;&gt;</a>&nbsp;&nbsp;&nbsp;OneNet_RevPro
</UL>

<P><STRONG><a name="[99]"></a>MQTT_UnPacketRecv</STRONG> (Thumb, 106 bytes, Stack size 24 bytes, mqttkit.o(i.MQTT_UnPacketRecv))
<BR><BR>[Stack]<UL><LI>Max Depth = 44<LI>Call Chain = MQTT_UnPacketRecv &rArr; MQTT_ReadLength
</UL>
<BR>[Calls]<UL><LI><a href="#[98]">&gt;&gt;</a>&nbsp;&nbsp;&nbsp;MQTT_ReadLength
<LI><a href="#[6d]">&gt;&gt;</a>&nbsp;&nbsp;&nbsp;strstr
</UL>
<BR>[Called By]<UL><LI><a href="#[a9]">&gt;&gt;</a>&nbsp;&nbsp;&nbsp;OneNet_RevPro
<LI><a href="#[67]">&gt;&gt;</a>&nbsp;&nbsp;&nbsp;OneNet_DevLink
</UL>

<P><STRONG><a name="[ab]"></a>MQTT_UnPacketSubscribe</STRONG> (Thumb, 52 bytes, Stack size 0 bytes, mqttkit.o(i.MQTT_UnPacketSubscribe))
<BR><BR>[Called By]<UL><LI><a href="#[a9]">&gt;&gt;</a>&nbsp;&nbsp;&nbsp;OneNet_RevPro
</UL>

<P><STRONG><a name="[3]"></a>MemManage_Handler</STRONG> (Thumb, 12 bytes, Stack size 0 bytes, stm32f10x_it.o(i.MemManage_Handler))
<BR><BR>[Stack]<UL><LI>Max Depth = 352<LI>Call Chain = MemManage_Handler &rArr; UsartPrintf &rArr; vsnprintf
</UL>
<BR>[Calls]<UL><LI><a href="#[69]">&gt;&gt;</a>&nbsp;&nbsp;&nbsp;UsartPrintf
</UL>
<BR>[Address Reference Count : 1]<UL><LI> startup_stm32f10x_hd.o(RESET)
</UL>
<P><STRONG><a name="[9a]"></a>Merge_Pkg</STRONG> (Thumb, 152 bytes, Stack size 56 bytes, onenethttp.o(i.Merge_Pkg))
<BR><BR>[Stack]<UL><LI>Max Depth = 68<LI>Call Chain = Merge_Pkg &rArr; strstr
</UL>
<BR>[Calls]<UL><LI><a href="#[6d]">&gt;&gt;</a>&nbsp;&nbsp;&nbsp;strstr
</UL>
<BR>[Called By]<UL><LI><a href="#[ae]">&gt;&gt;</a>&nbsp;&nbsp;&nbsp;OneNet_RevPro_HTTP
</UL>

<P><STRONG><a name="[1]"></a>NMI_Handler</STRONG> (Thumb, 2 bytes, Stack size 0 bytes, stm32f10x_it.o(i.NMI_Handler))
<BR>[Address Reference Count : 1]<UL><LI> startup_stm32f10x_hd.o(RESET)
</UL>
<P><STRONG><a name="[c7]"></a>NVIC_Init</STRONG> (Thumb, 100 bytes, Stack size 16 bytes, misc.o(i.NVIC_Init))
<BR><BR>[Stack]<UL><LI>Max Depth = 16<LI>Call Chain = NVIC_Init
</UL>
<BR>[Called By]<UL><LI><a href="#[84]">&gt;&gt;</a>&nbsp;&nbsp;&nbsp;Usart2_Init
<LI><a href="#[83]">&gt;&gt;</a>&nbsp;&nbsp;&nbsp;Usart1_Init
<LI><a href="#[c4]">&gt;&gt;</a>&nbsp;&nbsp;&nbsp;TIM3_Int_Init
</UL>

<P><STRONG><a name="[81]"></a>NVIC_PriorityGroupConfig</STRONG> (Thumb, 10 bytes, Stack size 0 bytes, misc.o(i.NVIC_PriorityGroupConfig))
<BR><BR>[Called By]<UL><LI><a href="#[7f]">&gt;&gt;</a>&nbsp;&nbsp;&nbsp;Hardware_Init
</UL>

<P><STRONG><a name="[a2]"></a>OneNET_Publish</STRONG> (Thumb, 86 bytes, Stack size 48 bytes, onenet.o(i.OneNET_Publish))
<BR><BR>[Stack]<UL><LI>Max Depth = 400<LI>Call Chain = OneNET_Publish &rArr; UsartPrintf &rArr; vsnprintf
</UL>
<BR>[Calls]<UL><LI><a href="#[69]">&gt;&gt;</a>&nbsp;&nbsp;&nbsp;UsartPrintf
<LI><a href="#[92]">&gt;&gt;</a>&nbsp;&nbsp;&nbsp;MQTT_PacketPublish
<LI><a href="#[8a]">&gt;&gt;</a>&nbsp;&nbsp;&nbsp;MQTT_DeleteBuffer
<LI><a href="#[73]">&gt;&gt;</a>&nbsp;&nbsp;&nbsp;ESP8266_SendData
<LI><a href="#[71]">&gt;&gt;</a>&nbsp;&nbsp;&nbsp;strlen
</UL>
<BR>[Called By]<UL><LI><a href="#[a9]">&gt;&gt;</a>&nbsp;&nbsp;&nbsp;OneNet_RevPro
</UL>

<P><STRONG><a name="[a3]"></a>OneNET_Subscribe</STRONG> (Thumb, 90 bytes, Stack size 104 bytes, onenet.o(i.OneNET_Subscribe))
<BR><BR>[Stack]<UL><LI>Max Depth = 456<LI>Call Chain = OneNET_Subscribe &rArr; UsartPrintf &rArr; vsnprintf
</UL>
<BR>[Calls]<UL><LI><a href="#[69]">&gt;&gt;</a>&nbsp;&nbsp;&nbsp;UsartPrintf
<LI><a href="#[96]">&gt;&gt;</a>&nbsp;&nbsp;&nbsp;MQTT_PacketSubscribe
<LI><a href="#[8a]">&gt;&gt;</a>&nbsp;&nbsp;&nbsp;MQTT_DeleteBuffer
<LI><a href="#[73]">&gt;&gt;</a>&nbsp;&nbsp;&nbsp;ESP8266_SendData
<LI><a href="#[a4]">&gt;&gt;</a>&nbsp;&nbsp;&nbsp;vsnprintf
</UL>
<BR>[Called By]<UL><LI><a href="#[46]">&gt;&gt;</a>&nbsp;&nbsp;&nbsp;main
</UL>

<P><STRONG><a name="[67]"></a>OneNet_DevLink</STRONG> (Thumb, 242 bytes, Stack size 216 bytes, onenet.o(i.OneNet_DevLink))
<BR><BR>[Stack]<UL><LI>Max Depth = 5552<LI>Call Chain = OneNet_DevLink &rArr; OneNET_Authorization &rArr; hmac_sha1 &rArr; sha1 &rArr; rotl
</UL>
<BR>[Calls]<UL><LI><a href="#[69]">&gt;&gt;</a>&nbsp;&nbsp;&nbsp;UsartPrintf
<LI><a href="#[99]">&gt;&gt;</a>&nbsp;&nbsp;&nbsp;MQTT_UnPacketRecv
<LI><a href="#[a5]">&gt;&gt;</a>&nbsp;&nbsp;&nbsp;MQTT_UnPacketConnectAck
<LI><a href="#[8e]">&gt;&gt;</a>&nbsp;&nbsp;&nbsp;MQTT_PacketConnect
<LI><a href="#[8a]">&gt;&gt;</a>&nbsp;&nbsp;&nbsp;MQTT_DeleteBuffer
<LI><a href="#[73]">&gt;&gt;</a>&nbsp;&nbsp;&nbsp;ESP8266_SendData
<LI><a href="#[9d]">&gt;&gt;</a>&nbsp;&nbsp;&nbsp;OneNET_Authorization
<LI><a href="#[6f]">&gt;&gt;</a>&nbsp;&nbsp;&nbsp;ESP8266_MQTTIPD
</UL>
<BR>[Called By]<UL><LI><a href="#[63]">&gt;&gt;</a>&nbsp;&nbsp;&nbsp;BootStatus_Send
<LI><a href="#[46]">&gt;&gt;</a>&nbsp;&nbsp;&nbsp;main
</UL>

<P><STRONG><a name="[a6]"></a>OneNet_FillBuf</STRONG> (Thumb, 126 bytes, Stack size 40 bytes, onenet.o(i.OneNet_FillBuf))
<BR><BR>[Stack]<UL><LI>Max Depth = 64<LI>Call Chain = OneNet_FillBuf &rArr; __2sprintf
</UL>
<BR>[Calls]<UL><LI><a href="#[74]">&gt;&gt;</a>&nbsp;&nbsp;&nbsp;__2sprintf
<LI><a href="#[a7]">&gt;&gt;</a>&nbsp;&nbsp;&nbsp;strcpy
<LI><a href="#[71]">&gt;&gt;</a>&nbsp;&nbsp;&nbsp;strlen
<LI><a href="#[9c]">&gt;&gt;</a>&nbsp;&nbsp;&nbsp;strcat
<LI><a href="#[9e]">&gt;&gt;</a>&nbsp;&nbsp;&nbsp;__aeabi_memclr4
</UL>
<BR>[Called By]<UL><LI><a href="#[68]">&gt;&gt;</a>&nbsp;&nbsp;&nbsp;OneNet_SendData
</UL>

<P><STRONG><a name="[a8]"></a>OneNet_FillBuf_Get</STRONG> (Thumb, 30 bytes, Stack size 16 bytes, onenethttp.o(i.OneNet_FillBuf_Get))
<BR><BR>[Stack]<UL><LI>Max Depth = 40<LI>Call Chain = OneNet_FillBuf_Get &rArr; __2sprintf
</UL>
<BR>[Calls]<UL><LI><a href="#[74]">&gt;&gt;</a>&nbsp;&nbsp;&nbsp;__2sprintf
</UL>
<BR>[Called By]<UL><LI><a href="#[af]">&gt;&gt;</a>&nbsp;&nbsp;&nbsp;OneNet_SendData_Get
</UL>

<P><STRONG><a name="[a9]"></a>OneNet_RevPro</STRONG> (Thumb, 514 bytes, Stack size 192 bytes, onenet.o(i.OneNet_RevPro))
<BR><BR>[Stack]<UL><LI>Max Depth = 592<LI>Call Chain = OneNet_RevPro &rArr; OneNET_Publish &rArr; UsartPrintf &rArr; vsnprintf
</UL>
<BR>[Calls]<UL><LI><a href="#[69]">&gt;&gt;</a>&nbsp;&nbsp;&nbsp;UsartPrintf
<LI><a href="#[ab]">&gt;&gt;</a>&nbsp;&nbsp;&nbsp;MQTT_UnPacketSubscribe
<LI><a href="#[99]">&gt;&gt;</a>&nbsp;&nbsp;&nbsp;MQTT_UnPacketRecv
<LI><a href="#[aa]">&gt;&gt;</a>&nbsp;&nbsp;&nbsp;MQTT_UnPacketPublishAck
<LI><a href="#[97]">&gt;&gt;</a>&nbsp;&nbsp;&nbsp;MQTT_UnPacketPublish
<LI><a href="#[ac]">&gt;&gt;</a>&nbsp;&nbsp;&nbsp;MQTT_UnPacketPing
<LI><a href="#[ad]">&gt;&gt;</a>&nbsp;&nbsp;&nbsp;OneNet_ping
<LI><a href="#[a2]">&gt;&gt;</a>&nbsp;&nbsp;&nbsp;OneNET_Publish
<LI><a href="#[6a]">&gt;&gt;</a>&nbsp;&nbsp;&nbsp;ESP8266_Clear
<LI><a href="#[89]">&gt;&gt;</a>&nbsp;&nbsp;&nbsp;LedF9_Set
<LI><a href="#[88]">&gt;&gt;</a>&nbsp;&nbsp;&nbsp;LedF8_Set
<LI><a href="#[87]">&gt;&gt;</a>&nbsp;&nbsp;&nbsp;LedF7_Set
<LI><a href="#[86]">&gt;&gt;</a>&nbsp;&nbsp;&nbsp;LedF6_Set
<LI><a href="#[50]">&gt;&gt;</a>&nbsp;&nbsp;&nbsp;atoi
<LI><a href="#[8b]">&gt;&gt;</a>&nbsp;&nbsp;&nbsp;free
<LI><a href="#[95]">&gt;&gt;</a>&nbsp;&nbsp;&nbsp;__2snprintf
<LI><a href="#[70]">&gt;&gt;</a>&nbsp;&nbsp;&nbsp;strchr
<LI><a href="#[6d]">&gt;&gt;</a>&nbsp;&nbsp;&nbsp;strstr
<LI><a href="#[93]">&gt;&gt;</a>&nbsp;&nbsp;&nbsp;__aeabi_memcpy
</UL>
<BR>[Called By]<UL><LI><a href="#[46]">&gt;&gt;</a>&nbsp;&nbsp;&nbsp;main
</UL>

<P><STRONG><a name="[ae]"></a>OneNet_RevPro_HTTP</STRONG> (Thumb, 82 bytes, Stack size 264 bytes, onenethttp.o(i.OneNet_RevPro_HTTP))
<BR><BR>[Stack]<UL><LI>Max Depth = 648<LI>Call Chain = OneNet_RevPro_HTTP &rArr; GetPkgData_andCheck &rArr; UsartPrintf &rArr; vsnprintf
</UL>
<BR>[Calls]<UL><LI><a href="#[9a]">&gt;&gt;</a>&nbsp;&nbsp;&nbsp;Merge_Pkg
<LI><a href="#[7e]">&gt;&gt;</a>&nbsp;&nbsp;&nbsp;Get_Splice_Points
<LI><a href="#[7c]">&gt;&gt;</a>&nbsp;&nbsp;&nbsp;GetPkgData_andCheck
<LI><a href="#[6a]">&gt;&gt;</a>&nbsp;&nbsp;&nbsp;ESP8266_Clear
<LI><a href="#[9e]">&gt;&gt;</a>&nbsp;&nbsp;&nbsp;__aeabi_memclr4
</UL>
<BR>[Called By]<UL><LI><a href="#[46]">&gt;&gt;</a>&nbsp;&nbsp;&nbsp;main
</UL>

<P><STRONG><a name="[68]"></a>OneNet_SendData</STRONG> (Thumb, 130 bytes, Stack size 288 bytes, onenet.o(i.OneNet_SendData))
<BR><BR>[Stack]<UL><LI>Max Depth = 640<LI>Call Chain = OneNet_SendData &rArr; UsartPrintf &rArr; vsnprintf
</UL>
<BR>[Calls]<UL><LI><a href="#[69]">&gt;&gt;</a>&nbsp;&nbsp;&nbsp;UsartPrintf
<LI><a href="#[94]">&gt;&gt;</a>&nbsp;&nbsp;&nbsp;MQTT_PacketSaveData
<LI><a href="#[8a]">&gt;&gt;</a>&nbsp;&nbsp;&nbsp;MQTT_DeleteBuffer
<LI><a href="#[73]">&gt;&gt;</a>&nbsp;&nbsp;&nbsp;ESP8266_SendData
<LI><a href="#[a6]">&gt;&gt;</a>&nbsp;&nbsp;&nbsp;OneNet_FillBuf
<LI><a href="#[9e]">&gt;&gt;</a>&nbsp;&nbsp;&nbsp;__aeabi_memclr4
</UL>
<BR>[Called By]<UL><LI><a href="#[63]">&gt;&gt;</a>&nbsp;&nbsp;&nbsp;BootStatus_Send
</UL>

<P><STRONG><a name="[af]"></a>OneNet_SendData_Get</STRONG> (Thumb, 54 bytes, Stack size 272 bytes, onenethttp.o(i.OneNet_SendData_Get))
<BR><BR>[Stack]<UL><LI>Max Depth = 624<LI>Call Chain = OneNet_SendData_Get &rArr; UsartPrintf &rArr; vsnprintf
</UL>
<BR>[Calls]<UL><LI><a href="#[69]">&gt;&gt;</a>&nbsp;&nbsp;&nbsp;UsartPrintf
<LI><a href="#[a8]">&gt;&gt;</a>&nbsp;&nbsp;&nbsp;OneNet_FillBuf_Get
<LI><a href="#[73]">&gt;&gt;</a>&nbsp;&nbsp;&nbsp;ESP8266_SendData
<LI><a href="#[71]">&gt;&gt;</a>&nbsp;&nbsp;&nbsp;strlen
<LI><a href="#[9e]">&gt;&gt;</a>&nbsp;&nbsp;&nbsp;__aeabi_memclr4
</UL>
<BR>[Called By]<UL><LI><a href="#[46]">&gt;&gt;</a>&nbsp;&nbsp;&nbsp;main
</UL>

<P><STRONG><a name="[ad]"></a>OneNet_ping</STRONG> (Thumb, 38 bytes, Stack size 24 bytes, onenet.o(i.OneNet_ping))
<BR><BR>[Stack]<UL><LI>Max Depth = 120<LI>Call Chain = OneNet_ping &rArr; ESP8266_SendData &rArr; ESP8266_SendCmd &rArr; Usart_SendString
</UL>
<BR>[Calls]<UL><LI><a href="#[91]">&gt;&gt;</a>&nbsp;&nbsp;&nbsp;MQTT_PacketPing
<LI><a href="#[8a]">&gt;&gt;</a>&nbsp;&nbsp;&nbsp;MQTT_DeleteBuffer
<LI><a href="#[73]">&gt;&gt;</a>&nbsp;&nbsp;&nbsp;ESP8266_SendData
</UL>
<BR>[Called By]<UL><LI><a href="#[a9]">&gt;&gt;</a>&nbsp;&nbsp;&nbsp;OneNet_RevPro
</UL>

<P><STRONG><a name="[bd]"></a>RCC_AHBPeriphClockCmd</STRONG> (Thumb, 26 bytes, Stack size 0 bytes, stm32f10x_rcc.o(i.RCC_AHBPeriphClockCmd))
<BR><BR>[Called By]<UL><LI><a href="#[80]">&gt;&gt;</a>&nbsp;&nbsp;&nbsp;RCC_Configuration
</UL>

<P><STRONG><a name="[bf]"></a>RCC_APB1PeriphClockCmd</STRONG> (Thumb, 26 bytes, Stack size 0 bytes, stm32f10x_rcc.o(i.RCC_APB1PeriphClockCmd))
<BR><BR>[Called By]<UL><LI><a href="#[84]">&gt;&gt;</a>&nbsp;&nbsp;&nbsp;Usart2_Init
<LI><a href="#[80]">&gt;&gt;</a>&nbsp;&nbsp;&nbsp;RCC_Configuration
<LI><a href="#[c4]">&gt;&gt;</a>&nbsp;&nbsp;&nbsp;TIM3_Int_Init
</UL>

<P><STRONG><a name="[be]"></a>RCC_APB2PeriphClockCmd</STRONG> (Thumb, 26 bytes, Stack size 0 bytes, stm32f10x_rcc.o(i.RCC_APB2PeriphClockCmd))
<BR><BR>[Called By]<UL><LI><a href="#[84]">&gt;&gt;</a>&nbsp;&nbsp;&nbsp;Usart2_Init
<LI><a href="#[80]">&gt;&gt;</a>&nbsp;&nbsp;&nbsp;RCC_Configuration
</UL>

<P><STRONG><a name="[80]"></a>RCC_Configuration</STRONG> (Thumb, 136 bytes, Stack size 8 bytes, main.o(i.RCC_Configuration))
<BR><BR>[Stack]<UL><LI>Max Depth = 32<LI>Call Chain = RCC_Configuration &rArr; RCC_WaitForHSEStartUp &rArr; RCC_GetFlagStatus
</UL>
<BR>[Calls]<UL><LI><a href="#[b2]">&gt;&gt;</a>&nbsp;&nbsp;&nbsp;RCC_WaitForHSEStartUp
<LI><a href="#[b8]">&gt;&gt;</a>&nbsp;&nbsp;&nbsp;RCC_SYSCLKConfig
<LI><a href="#[b5]">&gt;&gt;</a>&nbsp;&nbsp;&nbsp;RCC_PLLConfig
<LI><a href="#[b6]">&gt;&gt;</a>&nbsp;&nbsp;&nbsp;RCC_PLLCmd
<LI><a href="#[bc]">&gt;&gt;</a>&nbsp;&nbsp;&nbsp;RCC_PCLK2Config
<LI><a href="#[bb]">&gt;&gt;</a>&nbsp;&nbsp;&nbsp;RCC_PCLK1Config
<LI><a href="#[b1]">&gt;&gt;</a>&nbsp;&nbsp;&nbsp;RCC_HSEConfig
<LI><a href="#[ba]">&gt;&gt;</a>&nbsp;&nbsp;&nbsp;RCC_HCLKConfig
<LI><a href="#[b9]">&gt;&gt;</a>&nbsp;&nbsp;&nbsp;RCC_GetSYSCLKSource
<LI><a href="#[b7]">&gt;&gt;</a>&nbsp;&nbsp;&nbsp;RCC_GetFlagStatus
<LI><a href="#[b0]">&gt;&gt;</a>&nbsp;&nbsp;&nbsp;RCC_DeInit
<LI><a href="#[be]">&gt;&gt;</a>&nbsp;&nbsp;&nbsp;RCC_APB2PeriphClockCmd
<LI><a href="#[bf]">&gt;&gt;</a>&nbsp;&nbsp;&nbsp;RCC_APB1PeriphClockCmd
<LI><a href="#[bd]">&gt;&gt;</a>&nbsp;&nbsp;&nbsp;RCC_AHBPeriphClockCmd
<LI><a href="#[b4]">&gt;&gt;</a>&nbsp;&nbsp;&nbsp;FLASH_SetLatency
<LI><a href="#[b3]">&gt;&gt;</a>&nbsp;&nbsp;&nbsp;FLASH_PrefetchBufferCmd
</UL>
<BR>[Called By]<UL><LI><a href="#[7f]">&gt;&gt;</a>&nbsp;&nbsp;&nbsp;Hardware_Init
</UL>

<P><STRONG><a name="[b0]"></a>RCC_DeInit</STRONG> (Thumb, 64 bytes, Stack size 0 bytes, stm32f10x_rcc.o(i.RCC_DeInit))
<BR><BR>[Called By]<UL><LI><a href="#[db]">&gt;&gt;</a>&nbsp;&nbsp;&nbsp;iap_load_app
<LI><a href="#[80]">&gt;&gt;</a>&nbsp;&nbsp;&nbsp;RCC_Configuration
</UL>

<P><STRONG><a name="[cc]"></a>RCC_GetClocksFreq</STRONG> (Thumb, 192 bytes, Stack size 12 bytes, stm32f10x_rcc.o(i.RCC_GetClocksFreq))
<BR><BR>[Stack]<UL><LI>Max Depth = 12<LI>Call Chain = RCC_GetClocksFreq
</UL>
<BR>[Called By]<UL><LI><a href="#[cb]">&gt;&gt;</a>&nbsp;&nbsp;&nbsp;USART_Init
</UL>

<P><STRONG><a name="[b7]"></a>RCC_GetFlagStatus</STRONG> (Thumb, 56 bytes, Stack size 8 bytes, stm32f10x_rcc.o(i.RCC_GetFlagStatus))
<BR><BR>[Stack]<UL><LI>Max Depth = 8<LI>Call Chain = RCC_GetFlagStatus
</UL>
<BR>[Called By]<UL><LI><a href="#[b2]">&gt;&gt;</a>&nbsp;&nbsp;&nbsp;RCC_WaitForHSEStartUp
<LI><a href="#[80]">&gt;&gt;</a>&nbsp;&nbsp;&nbsp;RCC_Configuration
</UL>

<P><STRONG><a name="[b9]"></a>RCC_GetSYSCLKSource</STRONG> (Thumb, 10 bytes, Stack size 0 bytes, stm32f10x_rcc.o(i.RCC_GetSYSCLKSource))
<BR><BR>[Called By]<UL><LI><a href="#[80]">&gt;&gt;</a>&nbsp;&nbsp;&nbsp;RCC_Configuration
</UL>

<P><STRONG><a name="[ba]"></a>RCC_HCLKConfig</STRONG> (Thumb, 18 bytes, Stack size 0 bytes, stm32f10x_rcc.o(i.RCC_HCLKConfig))
<BR><BR>[Called By]<UL><LI><a href="#[80]">&gt;&gt;</a>&nbsp;&nbsp;&nbsp;RCC_Configuration
</UL>

<P><STRONG><a name="[b1]"></a>RCC_HSEConfig</STRONG> (Thumb, 70 bytes, Stack size 0 bytes, stm32f10x_rcc.o(i.RCC_HSEConfig))
<BR><BR>[Called By]<UL><LI><a href="#[80]">&gt;&gt;</a>&nbsp;&nbsp;&nbsp;RCC_Configuration
</UL>

<P><STRONG><a name="[bb]"></a>RCC_PCLK1Config</STRONG> (Thumb, 18 bytes, Stack size 0 bytes, stm32f10x_rcc.o(i.RCC_PCLK1Config))
<BR><BR>[Called By]<UL><LI><a href="#[80]">&gt;&gt;</a>&nbsp;&nbsp;&nbsp;RCC_Configuration
</UL>

<P><STRONG><a name="[bc]"></a>RCC_PCLK2Config</STRONG> (Thumb, 20 bytes, Stack size 0 bytes, stm32f10x_rcc.o(i.RCC_PCLK2Config))
<BR><BR>[Called By]<UL><LI><a href="#[80]">&gt;&gt;</a>&nbsp;&nbsp;&nbsp;RCC_Configuration
</UL>

<P><STRONG><a name="[b6]"></a>RCC_PLLCmd</STRONG> (Thumb, 6 bytes, Stack size 0 bytes, stm32f10x_rcc.o(i.RCC_PLLCmd))
<BR><BR>[Called By]<UL><LI><a href="#[80]">&gt;&gt;</a>&nbsp;&nbsp;&nbsp;RCC_Configuration
</UL>

<P><STRONG><a name="[b5]"></a>RCC_PLLConfig</STRONG> (Thumb, 24 bytes, Stack size 0 bytes, stm32f10x_rcc.o(i.RCC_PLLConfig))
<BR><BR>[Called By]<UL><LI><a href="#[80]">&gt;&gt;</a>&nbsp;&nbsp;&nbsp;RCC_Configuration
</UL>

<P><STRONG><a name="[b8]"></a>RCC_SYSCLKConfig</STRONG> (Thumb, 18 bytes, Stack size 0 bytes, stm32f10x_rcc.o(i.RCC_SYSCLKConfig))
<BR><BR>[Called By]<UL><LI><a href="#[80]">&gt;&gt;</a>&nbsp;&nbsp;&nbsp;RCC_Configuration
</UL>

<P><STRONG><a name="[b2]"></a>RCC_WaitForHSEStartUp</STRONG> (Thumb, 56 bytes, Stack size 16 bytes, stm32f10x_rcc.o(i.RCC_WaitForHSEStartUp))
<BR><BR>[Stack]<UL><LI>Max Depth = 24<LI>Call Chain = RCC_WaitForHSEStartUp &rArr; RCC_GetFlagStatus
</UL>
<BR>[Calls]<UL><LI><a href="#[b7]">&gt;&gt;</a>&nbsp;&nbsp;&nbsp;RCC_GetFlagStatus
</UL>
<BR>[Called By]<UL><LI><a href="#[80]">&gt;&gt;</a>&nbsp;&nbsp;&nbsp;RCC_Configuration
</UL>

<P><STRONG><a name="[d]"></a>RTC_IRQHandler</STRONG> (Thumb, 2 bytes, Stack size 0 bytes, stm32f10x_it.o(i.RTC_IRQHandler))
<BR>[Address Reference Count : 1]<UL><LI> startup_stm32f10x_hd.o(RESET)
</UL>
<P><STRONG><a name="[6]"></a>SVC_Handler</STRONG> (Thumb, 2 bytes, Stack size 0 bytes, stm32f10x_it.o(i.SVC_Handler))
<BR>[Address Reference Count : 1]<UL><LI> startup_stm32f10x_hd.o(RESET)
</UL>
<P><STRONG><a name="[9]"></a>SysTick_Handler</STRONG> (Thumb, 2 bytes, Stack size 0 bytes, stm32f10x_it.o(i.SysTick_Handler))
<BR>[Address Reference Count : 1]<UL><LI> startup_stm32f10x_hd.o(RESET)
</UL>
<P><STRONG><a name="[47]"></a>SystemInit</STRONG> (Thumb, 78 bytes, Stack size 8 bytes, system_stm32f10x.o(i.SystemInit))
<BR><BR>[Stack]<UL><LI>Max Depth = 28<LI>Call Chain = SystemInit &rArr; SetSysClock &rArr; SetSysClockTo72
</UL>
<BR>[Calls]<UL><LI><a href="#[c0]">&gt;&gt;</a>&nbsp;&nbsp;&nbsp;SetSysClock
</UL>
<BR>[Address Reference Count : 1]<UL><LI> startup_stm32f10x_hd.o(.text)
</UL>
<P><STRONG><a name="[27]"></a>TIM3_IRQHandler</STRONG> (Thumb, 32 bytes, Stack size 8 bytes, timer.o(i.TIM3_IRQHandler))
<BR><BR>[Stack]<UL><LI>Max Depth = 20<LI>Call Chain = TIM3_IRQHandler &rArr; TIM_GetITStatus
</UL>
<BR>[Calls]<UL><LI><a href="#[c2]">&gt;&gt;</a>&nbsp;&nbsp;&nbsp;TIM_GetITStatus
<LI><a href="#[c3]">&gt;&gt;</a>&nbsp;&nbsp;&nbsp;TIM_ClearITPendingBit
</UL>
<BR>[Address Reference Count : 1]<UL><LI> startup_stm32f10x_hd.o(RESET)
</UL>
<P><STRONG><a name="[c4]"></a>TIM3_Int_Init</STRONG> (Thumb, 90 bytes, Stack size 32 bytes, timer.o(i.TIM3_Int_Init))
<BR><BR>[Stack]<UL><LI>Max Depth = 48<LI>Call Chain = TIM3_Int_Init &rArr; NVIC_Init
</UL>
<BR>[Calls]<UL><LI><a href="#[bf]">&gt;&gt;</a>&nbsp;&nbsp;&nbsp;RCC_APB1PeriphClockCmd
<LI><a href="#[c7]">&gt;&gt;</a>&nbsp;&nbsp;&nbsp;NVIC_Init
<LI><a href="#[c5]">&gt;&gt;</a>&nbsp;&nbsp;&nbsp;TIM_TimeBaseInit
<LI><a href="#[c6]">&gt;&gt;</a>&nbsp;&nbsp;&nbsp;TIM_ITConfig
<LI><a href="#[c8]">&gt;&gt;</a>&nbsp;&nbsp;&nbsp;TIM_Cmd
</UL>
<BR>[Called By]<UL><LI><a href="#[46]">&gt;&gt;</a>&nbsp;&nbsp;&nbsp;main
</UL>

<P><STRONG><a name="[c3]"></a>TIM_ClearITPendingBit</STRONG> (Thumb, 6 bytes, Stack size 0 bytes, stm32f10x_tim.o(i.TIM_ClearITPendingBit))
<BR><BR>[Called By]<UL><LI><a href="#[27]">&gt;&gt;</a>&nbsp;&nbsp;&nbsp;TIM3_IRQHandler
</UL>

<P><STRONG><a name="[c8]"></a>TIM_Cmd</STRONG> (Thumb, 24 bytes, Stack size 0 bytes, stm32f10x_tim.o(i.TIM_Cmd))
<BR><BR>[Called By]<UL><LI><a href="#[46]">&gt;&gt;</a>&nbsp;&nbsp;&nbsp;main
<LI><a href="#[c4]">&gt;&gt;</a>&nbsp;&nbsp;&nbsp;TIM3_Int_Init
</UL>

<P><STRONG><a name="[c2]"></a>TIM_GetITStatus</STRONG> (Thumb, 34 bytes, Stack size 12 bytes, stm32f10x_tim.o(i.TIM_GetITStatus))
<BR><BR>[Stack]<UL><LI>Max Depth = 12<LI>Call Chain = TIM_GetITStatus
</UL>
<BR>[Called By]<UL><LI><a href="#[27]">&gt;&gt;</a>&nbsp;&nbsp;&nbsp;TIM3_IRQHandler
</UL>

<P><STRONG><a name="[c6]"></a>TIM_ITConfig</STRONG> (Thumb, 18 bytes, Stack size 0 bytes, stm32f10x_tim.o(i.TIM_ITConfig))
<BR><BR>[Called By]<UL><LI><a href="#[46]">&gt;&gt;</a>&nbsp;&nbsp;&nbsp;main
<LI><a href="#[c4]">&gt;&gt;</a>&nbsp;&nbsp;&nbsp;TIM3_Int_Init
</UL>

<P><STRONG><a name="[c5]"></a>TIM_TimeBaseInit</STRONG> (Thumb, 122 bytes, Stack size 0 bytes, stm32f10x_tim.o(i.TIM_TimeBaseInit))
<BR><BR>[Called By]<UL><LI><a href="#[c4]">&gt;&gt;</a>&nbsp;&nbsp;&nbsp;TIM3_Int_Init
</UL>

<P><STRONG><a name="[2f]"></a>USART1_IRQHandler</STRONG> (Thumb, 24 bytes, Stack size 8 bytes, usart.o(i.USART1_IRQHandler))
<BR><BR>[Stack]<UL><LI>Max Depth = 24<LI>Call Chain = USART1_IRQHandler &rArr; USART_GetITStatus
</UL>
<BR>[Calls]<UL><LI><a href="#[c9]">&gt;&gt;</a>&nbsp;&nbsp;&nbsp;USART_GetITStatus
<LI><a href="#[ca]">&gt;&gt;</a>&nbsp;&nbsp;&nbsp;USART_ClearFlag
</UL>
<BR>[Address Reference Count : 1]<UL><LI> startup_stm32f10x_hd.o(RESET)
</UL>
<P><STRONG><a name="[30]"></a>USART2_IRQHandler</STRONG> (Thumb, 64 bytes, Stack size 8 bytes, esp8266.o(i.USART2_IRQHandler))
<BR><BR>[Stack]<UL><LI>Max Depth = 24<LI>Call Chain = USART2_IRQHandler &rArr; USART_GetITStatus
</UL>
<BR>[Calls]<UL><LI><a href="#[c9]">&gt;&gt;</a>&nbsp;&nbsp;&nbsp;USART_GetITStatus
<LI><a href="#[ca]">&gt;&gt;</a>&nbsp;&nbsp;&nbsp;USART_ClearFlag
</UL>
<BR>[Address Reference Count : 1]<UL><LI> startup_stm32f10x_hd.o(RESET)
</UL>
<P><STRONG><a name="[ca]"></a>USART_ClearFlag</STRONG> (Thumb, 18 bytes, Stack size 0 bytes, stm32f10x_usart.o(i.USART_ClearFlag))
<BR><BR>[Called By]<UL><LI><a href="#[2f]">&gt;&gt;</a>&nbsp;&nbsp;&nbsp;USART1_IRQHandler
<LI><a href="#[30]">&gt;&gt;</a>&nbsp;&nbsp;&nbsp;USART2_IRQHandler
</UL>

<P><STRONG><a name="[cd]"></a>USART_Cmd</STRONG> (Thumb, 24 bytes, Stack size 0 bytes, stm32f10x_usart.o(i.USART_Cmd))
<BR><BR>[Called By]<UL><LI><a href="#[84]">&gt;&gt;</a>&nbsp;&nbsp;&nbsp;Usart2_Init
<LI><a href="#[83]">&gt;&gt;</a>&nbsp;&nbsp;&nbsp;Usart1_Init
</UL>

<P><STRONG><a name="[d0]"></a>USART_GetFlagStatus</STRONG> (Thumb, 26 bytes, Stack size 0 bytes, stm32f10x_usart.o(i.USART_GetFlagStatus))
<BR><BR>[Called By]<UL><LI><a href="#[69]">&gt;&gt;</a>&nbsp;&nbsp;&nbsp;UsartPrintf
<LI><a href="#[72]">&gt;&gt;</a>&nbsp;&nbsp;&nbsp;Usart_SendString
</UL>

<P><STRONG><a name="[c9]"></a>USART_GetITStatus</STRONG> (Thumb, 84 bytes, Stack size 16 bytes, stm32f10x_usart.o(i.USART_GetITStatus))
<BR><BR>[Stack]<UL><LI>Max Depth = 16<LI>Call Chain = USART_GetITStatus
</UL>
<BR>[Called By]<UL><LI><a href="#[2f]">&gt;&gt;</a>&nbsp;&nbsp;&nbsp;USART1_IRQHandler
<LI><a href="#[30]">&gt;&gt;</a>&nbsp;&nbsp;&nbsp;USART2_IRQHandler
</UL>

<P><STRONG><a name="[ce]"></a>USART_ITConfig</STRONG> (Thumb, 74 bytes, Stack size 20 bytes, stm32f10x_usart.o(i.USART_ITConfig))
<BR><BR>[Stack]<UL><LI>Max Depth = 20<LI>Call Chain = USART_ITConfig
</UL>
<BR>[Called By]<UL><LI><a href="#[84]">&gt;&gt;</a>&nbsp;&nbsp;&nbsp;Usart2_Init
<LI><a href="#[83]">&gt;&gt;</a>&nbsp;&nbsp;&nbsp;Usart1_Init
</UL>

<P><STRONG><a name="[cb]"></a>USART_Init</STRONG> (Thumb, 210 bytes, Stack size 56 bytes, stm32f10x_usart.o(i.USART_Init))
<BR><BR>[Stack]<UL><LI>Max Depth = 68<LI>Call Chain = USART_Init &rArr; RCC_GetClocksFreq
</UL>
<BR>[Calls]<UL><LI><a href="#[cc]">&gt;&gt;</a>&nbsp;&nbsp;&nbsp;RCC_GetClocksFreq
</UL>
<BR>[Called By]<UL><LI><a href="#[84]">&gt;&gt;</a>&nbsp;&nbsp;&nbsp;Usart2_Init
<LI><a href="#[83]">&gt;&gt;</a>&nbsp;&nbsp;&nbsp;Usart1_Init
</UL>

<P><STRONG><a name="[cf]"></a>USART_SendData</STRONG> (Thumb, 8 bytes, Stack size 0 bytes, stm32f10x_usart.o(i.USART_SendData))
<BR><BR>[Called By]<UL><LI><a href="#[69]">&gt;&gt;</a>&nbsp;&nbsp;&nbsp;UsartPrintf
<LI><a href="#[72]">&gt;&gt;</a>&nbsp;&nbsp;&nbsp;Usart_SendString
</UL>

<P><STRONG><a name="[5]"></a>UsageFault_Handler</STRONG> (Thumb, 12 bytes, Stack size 0 bytes, stm32f10x_it.o(i.UsageFault_Handler))
<BR><BR>[Stack]<UL><LI>Max Depth = 352<LI>Call Chain = UsageFault_Handler &rArr; UsartPrintf &rArr; vsnprintf
</UL>
<BR>[Calls]<UL><LI><a href="#[69]">&gt;&gt;</a>&nbsp;&nbsp;&nbsp;UsartPrintf
</UL>
<BR>[Address Reference Count : 1]<UL><LI> startup_stm32f10x_hd.o(RESET)
</UL>
<P><STRONG><a name="[83]"></a>Usart1_Init</STRONG> (Thumb, 96 bytes, Stack size 32 bytes, usart.o(i.Usart1_Init))
<BR><BR>[Stack]<UL><LI>Max Depth = 100<LI>Call Chain = Usart1_Init &rArr; USART_Init &rArr; RCC_GetClocksFreq
</UL>
<BR>[Calls]<UL><LI><a href="#[cb]">&gt;&gt;</a>&nbsp;&nbsp;&nbsp;USART_Init
<LI><a href="#[ce]">&gt;&gt;</a>&nbsp;&nbsp;&nbsp;USART_ITConfig
<LI><a href="#[cd]">&gt;&gt;</a>&nbsp;&nbsp;&nbsp;USART_Cmd
<LI><a href="#[c7]">&gt;&gt;</a>&nbsp;&nbsp;&nbsp;NVIC_Init
</UL>
<BR>[Called By]<UL><LI><a href="#[7f]">&gt;&gt;</a>&nbsp;&nbsp;&nbsp;Hardware_Init
</UL>

<P><STRONG><a name="[84]"></a>Usart2_Init</STRONG> (Thumb, 162 bytes, Stack size 32 bytes, usart.o(i.Usart2_Init))
<BR><BR>[Stack]<UL><LI>Max Depth = 100<LI>Call Chain = Usart2_Init &rArr; USART_Init &rArr; RCC_GetClocksFreq
</UL>
<BR>[Calls]<UL><LI><a href="#[7b]">&gt;&gt;</a>&nbsp;&nbsp;&nbsp;GPIO_Init
<LI><a href="#[cb]">&gt;&gt;</a>&nbsp;&nbsp;&nbsp;USART_Init
<LI><a href="#[ce]">&gt;&gt;</a>&nbsp;&nbsp;&nbsp;USART_ITConfig
<LI><a href="#[cd]">&gt;&gt;</a>&nbsp;&nbsp;&nbsp;USART_Cmd
<LI><a href="#[be]">&gt;&gt;</a>&nbsp;&nbsp;&nbsp;RCC_APB2PeriphClockCmd
<LI><a href="#[bf]">&gt;&gt;</a>&nbsp;&nbsp;&nbsp;RCC_APB1PeriphClockCmd
<LI><a href="#[c7]">&gt;&gt;</a>&nbsp;&nbsp;&nbsp;NVIC_Init
</UL>
<BR>[Called By]<UL><LI><a href="#[7f]">&gt;&gt;</a>&nbsp;&nbsp;&nbsp;Hardware_Init
</UL>

<P><STRONG><a name="[69]"></a>UsartPrintf</STRONG> (Thumb, 72 bytes, Stack size 328 bytes, usart.o(i.UsartPrintf))
<BR><BR>[Stack]<UL><LI>Max Depth = 352<LI>Call Chain = UsartPrintf &rArr; vsnprintf
</UL>
<BR>[Calls]<UL><LI><a href="#[cf]">&gt;&gt;</a>&nbsp;&nbsp;&nbsp;USART_SendData
<LI><a href="#[d0]">&gt;&gt;</a>&nbsp;&nbsp;&nbsp;USART_GetFlagStatus
<LI><a href="#[a4]">&gt;&gt;</a>&nbsp;&nbsp;&nbsp;vsnprintf
</UL>
<BR>[Called By]<UL><LI><a href="#[5]">&gt;&gt;</a>&nbsp;&nbsp;&nbsp;UsageFault_Handler
<LI><a href="#[3]">&gt;&gt;</a>&nbsp;&nbsp;&nbsp;MemManage_Handler
<LI><a href="#[2]">&gt;&gt;</a>&nbsp;&nbsp;&nbsp;HardFault_Handler
<LI><a href="#[4]">&gt;&gt;</a>&nbsp;&nbsp;&nbsp;BusFault_Handler
<LI><a href="#[7c]">&gt;&gt;</a>&nbsp;&nbsp;&nbsp;GetPkgData_andCheck
<LI><a href="#[68]">&gt;&gt;</a>&nbsp;&nbsp;&nbsp;OneNet_SendData
<LI><a href="#[a2]">&gt;&gt;</a>&nbsp;&nbsp;&nbsp;OneNET_Publish
<LI><a href="#[af]">&gt;&gt;</a>&nbsp;&nbsp;&nbsp;OneNet_SendData_Get
<LI><a href="#[a9]">&gt;&gt;</a>&nbsp;&nbsp;&nbsp;OneNet_RevPro
<LI><a href="#[67]">&gt;&gt;</a>&nbsp;&nbsp;&nbsp;OneNet_DevLink
<LI><a href="#[a3]">&gt;&gt;</a>&nbsp;&nbsp;&nbsp;OneNET_Subscribe
<LI><a href="#[7d]">&gt;&gt;</a>&nbsp;&nbsp;&nbsp;GetXmlData_andCheck
<LI><a href="#[64]">&gt;&gt;</a>&nbsp;&nbsp;&nbsp;ESP8266_Init
<LI><a href="#[7f]">&gt;&gt;</a>&nbsp;&nbsp;&nbsp;Hardware_Init
</UL>

<P><STRONG><a name="[72]"></a>Usart_SendString</STRONG> (Thumb, 50 bytes, Stack size 24 bytes, usart.o(i.Usart_SendString))
<BR><BR>[Stack]<UL><LI>Max Depth = 24<LI>Call Chain = Usart_SendString
</UL>
<BR>[Calls]<UL><LI><a href="#[cf]">&gt;&gt;</a>&nbsp;&nbsp;&nbsp;USART_SendData
<LI><a href="#[d0]">&gt;&gt;</a>&nbsp;&nbsp;&nbsp;USART_GetFlagStatus
</UL>
<BR>[Called By]<UL><LI><a href="#[73]">&gt;&gt;</a>&nbsp;&nbsp;&nbsp;ESP8266_SendData
<LI><a href="#[66]">&gt;&gt;</a>&nbsp;&nbsp;&nbsp;ESP8266_SendCmd
</UL>

<P><STRONG><a name="[d1]"></a>__0snprintf</STRONG> (Thumb, 36 bytes, Stack size 32 bytes, printfa.o(i.__0snprintf), UNUSED)
<BR><BR>[Calls]<UL><LI><a href="#[d2]">&gt;&gt;</a>&nbsp;&nbsp;&nbsp;_printf_core
</UL>

<P><STRONG><a name="[f5]"></a>__1snprintf</STRONG> (Thumb, 0 bytes, Stack size 32 bytes, printfa.o(i.__0snprintf), UNUSED)

<P><STRONG><a name="[95]"></a>__2snprintf</STRONG> (Thumb, 0 bytes, Stack size 32 bytes, printfa.o(i.__0snprintf))
<BR><BR>[Stack]<UL><LI>Max Depth = 32<LI>Call Chain = __2snprintf
</UL>
<BR>[Called By]<UL><LI><a href="#[94]">&gt;&gt;</a>&nbsp;&nbsp;&nbsp;MQTT_PacketSaveData
<LI><a href="#[9d]">&gt;&gt;</a>&nbsp;&nbsp;&nbsp;OneNET_Authorization
<LI><a href="#[a9]">&gt;&gt;</a>&nbsp;&nbsp;&nbsp;OneNet_RevPro
</UL>

<P><STRONG><a name="[f6]"></a>__c89snprintf</STRONG> (Thumb, 0 bytes, Stack size 32 bytes, printfa.o(i.__0snprintf), UNUSED)

<P><STRONG><a name="[f7]"></a>snprintf</STRONG> (Thumb, 0 bytes, Stack size 32 bytes, printfa.o(i.__0snprintf), UNUSED)

<P><STRONG><a name="[d3]"></a>__0sprintf</STRONG> (Thumb, 34 bytes, Stack size 24 bytes, printfa.o(i.__0sprintf), UNUSED)
<BR><BR>[Calls]<UL><LI><a href="#[4a]">&gt;&gt;</a>&nbsp;&nbsp;&nbsp;_sputc
<LI><a href="#[d2]">&gt;&gt;</a>&nbsp;&nbsp;&nbsp;_printf_core
</UL>

<P><STRONG><a name="[f8]"></a>__1sprintf</STRONG> (Thumb, 0 bytes, Stack size 24 bytes, printfa.o(i.__0sprintf), UNUSED)

<P><STRONG><a name="[74]"></a>__2sprintf</STRONG> (Thumb, 0 bytes, Stack size 24 bytes, printfa.o(i.__0sprintf))
<BR><BR>[Stack]<UL><LI>Max Depth = 24<LI>Call Chain = __2sprintf
</UL>
<BR>[Called By]<UL><LI><a href="#[a8]">&gt;&gt;</a>&nbsp;&nbsp;&nbsp;OneNet_FillBuf_Get
<LI><a href="#[73]">&gt;&gt;</a>&nbsp;&nbsp;&nbsp;ESP8266_SendData
<LI><a href="#[a6]">&gt;&gt;</a>&nbsp;&nbsp;&nbsp;OneNet_FillBuf
</UL>

<P><STRONG><a name="[f9]"></a>__c89sprintf</STRONG> (Thumb, 0 bytes, Stack size 24 bytes, printfa.o(i.__0sprintf), UNUSED)

<P><STRONG><a name="[fa]"></a>sprintf</STRONG> (Thumb, 0 bytes, Stack size 24 bytes, printfa.o(i.__0sprintf), UNUSED)

<P><STRONG><a name="[d4]"></a>__0vsnprintf</STRONG> (Thumb, 32 bytes, Stack size 24 bytes, printfa.o(i.__0vsnprintf), UNUSED)
<BR><BR>[Calls]<UL><LI><a href="#[d2]">&gt;&gt;</a>&nbsp;&nbsp;&nbsp;_printf_core
</UL>

<P><STRONG><a name="[fb]"></a>__1vsnprintf</STRONG> (Thumb, 0 bytes, Stack size 24 bytes, printfa.o(i.__0vsnprintf), UNUSED)

<P><STRONG><a name="[fc]"></a>__2vsnprintf</STRONG> (Thumb, 0 bytes, Stack size 24 bytes, printfa.o(i.__0vsnprintf), UNUSED)

<P><STRONG><a name="[fd]"></a>__c89vsnprintf</STRONG> (Thumb, 0 bytes, Stack size 24 bytes, printfa.o(i.__0vsnprintf), UNUSED)

<P><STRONG><a name="[a4]"></a>vsnprintf</STRONG> (Thumb, 0 bytes, Stack size 24 bytes, printfa.o(i.__0vsnprintf))
<BR><BR>[Stack]<UL><LI>Max Depth = 24<LI>Call Chain = vsnprintf
</UL>
<BR>[Called By]<UL><LI><a href="#[69]">&gt;&gt;</a>&nbsp;&nbsp;&nbsp;UsartPrintf
<LI><a href="#[a3]">&gt;&gt;</a>&nbsp;&nbsp;&nbsp;OneNET_Subscribe
</UL>

<P><STRONG><a name="[51]"></a>__aeabi_errno_addr</STRONG> (Thumb, 4 bytes, Stack size 0 bytes, errno.o(i.__aeabi_errno_addr))
<BR><BR>[Called By]<UL><LI><a href="#[52]">&gt;&gt;</a>&nbsp;&nbsp;&nbsp;strtol
<LI><a href="#[50]">&gt;&gt;</a>&nbsp;&nbsp;&nbsp;atoi
<LI><a href="#[5e]">&gt;&gt;</a>&nbsp;&nbsp;&nbsp;_strtoul
</UL>

<P><STRONG><a name="[fe]"></a>__rt_errno_addr</STRONG> (Thumb, 0 bytes, Stack size 0 bytes, errno.o(i.__aeabi_errno_addr), UNUSED)

<P><STRONG><a name="[ff]"></a>__scatterload_copy</STRONG> (Thumb, 14 bytes, Stack size unknown bytes, handlers.o(i.__scatterload_copy), UNUSED)

<P><STRONG><a name="[100]"></a>__scatterload_null</STRONG> (Thumb, 2 bytes, Stack size unknown bytes, handlers.o(i.__scatterload_null), UNUSED)

<P><STRONG><a name="[101]"></a>__scatterload_zeroinit</STRONG> (Thumb, 14 bytes, Stack size unknown bytes, handlers.o(i.__scatterload_zeroinit), UNUSED)

<P><STRONG><a name="[e0]"></a>bitop</STRONG> (Thumb, 26 bytes, Stack size 8 bytes, onenethttp.o(i.bitop))
<BR><BR>[Stack]<UL><LI>Max Depth = 8<LI>Call Chain = bitop
</UL>
<BR>[Called By]<UL><LI><a href="#[46]">&gt;&gt;</a>&nbsp;&nbsp;&nbsp;main
</UL>

<P><STRONG><a name="[8b]"></a>free</STRONG> (Thumb, 76 bytes, Stack size 8 bytes, malloc.o(i.free))
<BR><BR>[Stack]<UL><LI>Max Depth = 8<LI>Call Chain = free
</UL>
<BR>[Called By]<UL><LI><a href="#[97]">&gt;&gt;</a>&nbsp;&nbsp;&nbsp;MQTT_UnPacketPublish
<LI><a href="#[8a]">&gt;&gt;</a>&nbsp;&nbsp;&nbsp;MQTT_DeleteBuffer
<LI><a href="#[a9]">&gt;&gt;</a>&nbsp;&nbsp;&nbsp;OneNet_RevPro
</UL>

<P><STRONG><a name="[e2]"></a>ft</STRONG> (Thumb, 76 bytes, Stack size 20 bytes, hmac_sha1.o(i.ft))
<BR><BR>[Stack]<UL><LI>Max Depth = 20<LI>Call Chain = ft
</UL>
<BR>[Called By]<UL><LI><a href="#[da]">&gt;&gt;</a>&nbsp;&nbsp;&nbsp;sha1
</UL>

<P><STRONG><a name="[a0]"></a>hmac_sha1</STRONG> (Thumb, 330 bytes, Stack size 4580 bytes, hmac_sha1.o(i.hmac_sha1))
<BR><BR>[Stack]<UL><LI>Max Depth = 5008<LI>Call Chain = hmac_sha1 &rArr; sha1 &rArr; rotl
</UL>
<BR>[Calls]<UL><LI><a href="#[da]">&gt;&gt;</a>&nbsp;&nbsp;&nbsp;sha1
</UL>
<BR>[Called By]<UL><LI><a href="#[9d]">&gt;&gt;</a>&nbsp;&nbsp;&nbsp;OneNET_Authorization
</UL>

<P><STRONG><a name="[db]"></a>iap_load_app</STRONG> (Thumb, 114 bytes, Stack size 16 bytes, iap.o(i.iap_load_app))
<BR><BR>[Stack]<UL><LI>Max Depth = 5576<LI>Call Chain = iap_load_app &rArr; BootStatus_Send &rArr; OneNet_DevLink &rArr; OneNET_Authorization &rArr; hmac_sha1 &rArr; sha1 &rArr; rotl
</UL>
<BR>[Calls]<UL><LI><a href="#[b0]">&gt;&gt;</a>&nbsp;&nbsp;&nbsp;RCC_DeInit
<LI><a href="#[63]">&gt;&gt;</a>&nbsp;&nbsp;&nbsp;BootStatus_Send
<LI><a href="#[dc]">&gt;&gt;</a>&nbsp;&nbsp;&nbsp;MSR_MSP
</UL>
<BR>[Called By]<UL><LI><a href="#[46]">&gt;&gt;</a>&nbsp;&nbsp;&nbsp;main
</UL>

<P><STRONG><a name="[dd]"></a>iap_write_appbin</STRONG> (Thumb, 160 bytes, Stack size 24 bytes, iap.o(i.iap_write_appbin))
<BR><BR>[Stack]<UL><LI>Max Depth = 44<LI>Call Chain = iap_write_appbin &rArr; FLASH_ProgramHalfWord &rArr; FLASH_WaitForLastOperation
</UL>
<BR>[Calls]<UL><LI><a href="#[de]">&gt;&gt;</a>&nbsp;&nbsp;&nbsp;FLASH_Unlock
<LI><a href="#[77]">&gt;&gt;</a>&nbsp;&nbsp;&nbsp;FLASH_ProgramHalfWord
<LI><a href="#[df]">&gt;&gt;</a>&nbsp;&nbsp;&nbsp;FLASH_Lock
<LI><a href="#[75]">&gt;&gt;</a>&nbsp;&nbsp;&nbsp;FLASH_ErasePage
</UL>
<BR>[Called By]<UL><LI><a href="#[46]">&gt;&gt;</a>&nbsp;&nbsp;&nbsp;main
</UL>

<P><STRONG><a name="[e3]"></a>k</STRONG> (Thumb, 34 bytes, Stack size 0 bytes, hmac_sha1.o(i.k))
<BR><BR>[Called By]<UL><LI><a href="#[da]">&gt;&gt;</a>&nbsp;&nbsp;&nbsp;sha1
</UL>

<P><STRONG><a name="[46]"></a>main</STRONG> (Thumb, 870 bytes, Stack size 24 bytes, main.o(i.main))
<BR><BR>[Stack]<UL><LI>Max Depth = 5600<LI>Call Chain = main &rArr; iap_load_app &rArr; BootStatus_Send &rArr; OneNet_DevLink &rArr; OneNET_Authorization &rArr; hmac_sha1 &rArr; sha1 &rArr; rotl
</UL>
<BR>[Calls]<UL><LI><a href="#[65]">&gt;&gt;</a>&nbsp;&nbsp;&nbsp;DelayXms
<LI><a href="#[c6]">&gt;&gt;</a>&nbsp;&nbsp;&nbsp;TIM_ITConfig
<LI><a href="#[c8]">&gt;&gt;</a>&nbsp;&nbsp;&nbsp;TIM_Cmd
<LI><a href="#[dd]">&gt;&gt;</a>&nbsp;&nbsp;&nbsp;iap_write_appbin
<LI><a href="#[db]">&gt;&gt;</a>&nbsp;&nbsp;&nbsp;iap_load_app
<LI><a href="#[e0]">&gt;&gt;</a>&nbsp;&nbsp;&nbsp;bitop
<LI><a href="#[af]">&gt;&gt;</a>&nbsp;&nbsp;&nbsp;OneNet_SendData_Get
<LI><a href="#[ae]">&gt;&gt;</a>&nbsp;&nbsp;&nbsp;OneNet_RevPro_HTTP
<LI><a href="#[a9]">&gt;&gt;</a>&nbsp;&nbsp;&nbsp;OneNet_RevPro
<LI><a href="#[67]">&gt;&gt;</a>&nbsp;&nbsp;&nbsp;OneNet_DevLink
<LI><a href="#[a3]">&gt;&gt;</a>&nbsp;&nbsp;&nbsp;OneNET_Subscribe
<LI><a href="#[7d]">&gt;&gt;</a>&nbsp;&nbsp;&nbsp;GetXmlData_andCheck
<LI><a href="#[66]">&gt;&gt;</a>&nbsp;&nbsp;&nbsp;ESP8266_SendCmd
<LI><a href="#[6f]">&gt;&gt;</a>&nbsp;&nbsp;&nbsp;ESP8266_MQTTIPD
<LI><a href="#[64]">&gt;&gt;</a>&nbsp;&nbsp;&nbsp;ESP8266_Init
<LI><a href="#[6b]">&gt;&gt;</a>&nbsp;&nbsp;&nbsp;ESP8266_GetIPD
<LI><a href="#[6a]">&gt;&gt;</a>&nbsp;&nbsp;&nbsp;ESP8266_Clear
<LI><a href="#[7f]">&gt;&gt;</a>&nbsp;&nbsp;&nbsp;Hardware_Init
<LI><a href="#[c4]">&gt;&gt;</a>&nbsp;&nbsp;&nbsp;TIM3_Int_Init
<LI><a href="#[86]">&gt;&gt;</a>&nbsp;&nbsp;&nbsp;LedF6_Set
</UL>
<BR>[Address Reference Count : 1]<UL><LI> entry9a.o(.ARM.Collect$$$$0000000B)
</UL>
<P><STRONG><a name="[8d]"></a>malloc</STRONG> (Thumb, 92 bytes, Stack size 20 bytes, malloc.o(i.malloc))
<BR><BR>[Stack]<UL><LI>Max Depth = 20<LI>Call Chain = malloc
</UL>
<BR>[Called By]<UL><LI><a href="#[8c]">&gt;&gt;</a>&nbsp;&nbsp;&nbsp;MQTT_NewBuffer
<LI><a href="#[97]">&gt;&gt;</a>&nbsp;&nbsp;&nbsp;MQTT_UnPacketPublish
</UL>

<P><STRONG><a name="[e1]"></a>rotl</STRONG> (Thumb, 46 bytes, Stack size 20 bytes, hmac_sha1.o(i.rotl))
<BR><BR>[Stack]<UL><LI>Max Depth = 20<LI>Call Chain = rotl
</UL>
<BR>[Called By]<UL><LI><a href="#[da]">&gt;&gt;</a>&nbsp;&nbsp;&nbsp;sha1
</UL>

<P><STRONG><a name="[da]"></a>sha1</STRONG> (Thumb, 632 bytes, Stack size 408 bytes, hmac_sha1.o(i.sha1))
<BR><BR>[Stack]<UL><LI>Max Depth = 428<LI>Call Chain = sha1 &rArr; rotl
</UL>
<BR>[Calls]<UL><LI><a href="#[e1]">&gt;&gt;</a>&nbsp;&nbsp;&nbsp;rotl
<LI><a href="#[e3]">&gt;&gt;</a>&nbsp;&nbsp;&nbsp;k
<LI><a href="#[e2]">&gt;&gt;</a>&nbsp;&nbsp;&nbsp;ft
</UL>
<BR>[Called By]<UL><LI><a href="#[a0]">&gt;&gt;</a>&nbsp;&nbsp;&nbsp;hmac_sha1
</UL>
<P>
<H3>
Local Symbols
</H3>
<P><STRONG><a name="[c0]"></a>SetSysClock</STRONG> (Thumb, 8 bytes, Stack size 8 bytes, system_stm32f10x.o(i.SetSysClock))
<BR><BR>[Stack]<UL><LI>Max Depth = 20<LI>Call Chain = SetSysClock &rArr; SetSysClockTo72
</UL>
<BR>[Calls]<UL><LI><a href="#[c1]">&gt;&gt;</a>&nbsp;&nbsp;&nbsp;SetSysClockTo72
</UL>
<BR>[Called By]<UL><LI><a href="#[47]">&gt;&gt;</a>&nbsp;&nbsp;&nbsp;SystemInit
</UL>

<P><STRONG><a name="[c1]"></a>SetSysClockTo72</STRONG> (Thumb, 214 bytes, Stack size 12 bytes, system_stm32f10x.o(i.SetSysClockTo72))
<BR><BR>[Stack]<UL><LI>Max Depth = 12<LI>Call Chain = SetSysClockTo72
</UL>
<BR>[Called By]<UL><LI><a href="#[c0]">&gt;&gt;</a>&nbsp;&nbsp;&nbsp;SetSysClock
</UL>

<P><STRONG><a name="[9b]"></a>OTA_UrlEncode</STRONG> (Thumb, 246 bytes, Stack size 64 bytes, onenet.o(i.OTA_UrlEncode))
<BR><BR>[Stack]<UL><LI>Max Depth = 64<LI>Call Chain = OTA_UrlEncode
</UL>
<BR>[Calls]<UL><LI><a href="#[71]">&gt;&gt;</a>&nbsp;&nbsp;&nbsp;strlen
<LI><a href="#[9c]">&gt;&gt;</a>&nbsp;&nbsp;&nbsp;strcat
</UL>
<BR>[Called By]<UL><LI><a href="#[9d]">&gt;&gt;</a>&nbsp;&nbsp;&nbsp;OneNET_Authorization
</UL>

<P><STRONG><a name="[9d]"></a>OneNET_Authorization</STRONG> (Thumb, 284 bytes, Stack size 328 bytes, onenet.o(i.OneNET_Authorization))
<BR><BR>[Stack]<UL><LI>Max Depth = 5336<LI>Call Chain = OneNET_Authorization &rArr; hmac_sha1 &rArr; sha1 &rArr; rotl
</UL>
<BR>[Calls]<UL><LI><a href="#[9b]">&gt;&gt;</a>&nbsp;&nbsp;&nbsp;OTA_UrlEncode
<LI><a href="#[a0]">&gt;&gt;</a>&nbsp;&nbsp;&nbsp;hmac_sha1
<LI><a href="#[a1]">&gt;&gt;</a>&nbsp;&nbsp;&nbsp;BASE64_Encode
<LI><a href="#[9f]">&gt;&gt;</a>&nbsp;&nbsp;&nbsp;BASE64_Decode
<LI><a href="#[95]">&gt;&gt;</a>&nbsp;&nbsp;&nbsp;__2snprintf
<LI><a href="#[71]">&gt;&gt;</a>&nbsp;&nbsp;&nbsp;strlen
<LI><a href="#[9e]">&gt;&gt;</a>&nbsp;&nbsp;&nbsp;__aeabi_memclr4
</UL>
<BR>[Called By]<UL><LI><a href="#[67]">&gt;&gt;</a>&nbsp;&nbsp;&nbsp;OneNet_DevLink
</UL>

<P><STRONG><a name="[d5]"></a>_fp_digits</STRONG> (Thumb, 334 bytes, Stack size 56 bytes, printfa.o(i._fp_digits), UNUSED)
<BR><BR>[Calls]<UL><LI><a href="#[5a]">&gt;&gt;</a>&nbsp;&nbsp;&nbsp;__aeabi_dmul
<LI><a href="#[53]">&gt;&gt;</a>&nbsp;&nbsp;&nbsp;__aeabi_dadd
<LI><a href="#[5b]">&gt;&gt;</a>&nbsp;&nbsp;&nbsp;__aeabi_uldivmod
<LI><a href="#[5f]">&gt;&gt;</a>&nbsp;&nbsp;&nbsp;__aeabi_ddiv
<LI><a href="#[60]">&gt;&gt;</a>&nbsp;&nbsp;&nbsp;__aeabi_d2ulz
<LI><a href="#[d6]">&gt;&gt;</a>&nbsp;&nbsp;&nbsp;__aeabi_cdrcmple
</UL>
<BR>[Called By]<UL><LI><a href="#[d2]">&gt;&gt;</a>&nbsp;&nbsp;&nbsp;_printf_core
</UL>

<P><STRONG><a name="[d2]"></a>_printf_core</STRONG> (Thumb, 1744 bytes, Stack size 136 bytes, printfa.o(i._printf_core), UNUSED)
<BR><BR>[Calls]<UL><LI><a href="#[5b]">&gt;&gt;</a>&nbsp;&nbsp;&nbsp;__aeabi_uldivmod
<LI><a href="#[d9]">&gt;&gt;</a>&nbsp;&nbsp;&nbsp;__aeabi_uidivmod
<LI><a href="#[d7]">&gt;&gt;</a>&nbsp;&nbsp;&nbsp;_printf_pre_padding
<LI><a href="#[d8]">&gt;&gt;</a>&nbsp;&nbsp;&nbsp;_printf_post_padding
<LI><a href="#[d5]">&gt;&gt;</a>&nbsp;&nbsp;&nbsp;_fp_digits
</UL>
<BR>[Called By]<UL><LI><a href="#[d4]">&gt;&gt;</a>&nbsp;&nbsp;&nbsp;__0vsnprintf
<LI><a href="#[d3]">&gt;&gt;</a>&nbsp;&nbsp;&nbsp;__0sprintf
<LI><a href="#[d1]">&gt;&gt;</a>&nbsp;&nbsp;&nbsp;__0snprintf
</UL>

<P><STRONG><a name="[d8]"></a>_printf_post_padding</STRONG> (Thumb, 36 bytes, Stack size 24 bytes, printfa.o(i._printf_post_padding), UNUSED)
<BR><BR>[Called By]<UL><LI><a href="#[d2]">&gt;&gt;</a>&nbsp;&nbsp;&nbsp;_printf_core
</UL>

<P><STRONG><a name="[d7]"></a>_printf_pre_padding</STRONG> (Thumb, 46 bytes, Stack size 24 bytes, printfa.o(i._printf_pre_padding), UNUSED)
<BR><BR>[Called By]<UL><LI><a href="#[d2]">&gt;&gt;</a>&nbsp;&nbsp;&nbsp;_printf_core
</UL>

<P><STRONG><a name="[49]"></a>_snputc</STRONG> (Thumb, 22 bytes, Stack size 0 bytes, printfa.o(i._snputc))
<BR>[Address Reference Count : 2]<UL><LI> printfa.o(i.__0snprintf)
<LI> printfa.o(i.__0vsnprintf)
</UL>
<P><STRONG><a name="[4a]"></a>_sputc</STRONG> (Thumb, 10 bytes, Stack size 0 bytes, printfa.o(i._sputc))
<BR><BR>[Called By]<UL><LI><a href="#[d3]">&gt;&gt;</a>&nbsp;&nbsp;&nbsp;__0sprintf
</UL>
<BR>[Address Reference Count : 1]<UL><LI> printfa.o(i.__0sprintf)
</UL><P>
<H3>
Undefined Global Symbols
</H3><HR></body></html>
