<html>
<body>
<pre>
<h1>礦ision Build Log</h1>
<h2>Tool Versions:</h2>
IDE-Version: μVision V5.12.0.0
Copyright (C) 2014 ARM Ltd and ARM Germany GmbH. All rights reserved.
License Information: xu dell, lei, LIC=6XJWF-66TUS-GQ00H-WT6SG-UBXKD-8UEKV
 
Tool Versions:
Toolchain:       MDK-ARM Professional  Version: 5.12.0.0
Toolchain Path:  d:\Keil_v5\ARM\ARMCC\Bin
C Compiler:      Armcc.exe V5.05 (build 41)
Assembler:       Armasm.exe V5.05 (build 41)
Linker/Locator:  ArmLink.exe V5.05 (build 41)
Library Manager: ArmAr.exe V5.05 (build 41)
Hex Converter:   FromElf.exe V5.05 (build 41)
CPU DLL:         SARMCM3.DLL V5.12.0.0
Dialog DLL:      DCM.DLL V1.13.0.0
    Target DLL: Segger\JL2CM3.dll
Dialog DLL:      TCM.DLL V1.14.2.0
 
<h2>Project:</h2>
D:\I\物联网\程序代码\OneNET标准板\BootLoader2.0\stm32f103.uvprojx
Project File Date:  04/21/2022

<h2>Output:</h2>
Rebuild target 'STM32F103'
compiling core_cm3.c...
compiling system_stm32f10x.c...
compiling stm32f10x_it.c...
assembling startup_stm32f10x_hd.s...
compiling misc.c...
compiling stm32f10x_rcc.c...
compiling stm32f10x_usart.c...
compiling stm32f10x_gpio.c...
compiling stm32f10x_tim.c...
compiling stm32f10x_flash.c...
compiling delay.c...
compiling usart.c...
compiling beep.c...
compiling i2c.c...
compiling sht20.c...
compiling led.c...
compiling timer.c...
compiling main.c...
compiling base64.c...
compiling hmac_sha1.c...
compiling onenet.c...
compiling onenethttp.c...
NET\protocol\src\onenethttp.c(135): warning:  #550-D: variable "MergeStatus" was set but never used
        char MergeStatus = 0;//数据合并状态成功1，失败0
NET\protocol\src\onenethttp.c: 1 warning, 0 errors
compiling MqttKit.c...
compiling esp8266.c...
compiling iap.c...
compiling sys.c...
linking...
Program Size: Code=19328 RO-data=972 RW-data=104 ZI-data=49224  
FromELF: creating hex file...
".\Objects\stm32f103.axf" - 0 Error(s), 1 Warning(s).

<h2>Collection of Component include folders:</h2>
  D:\I\物联网\程序代码\OneNET标准板\BootLoader2.0\RTE
  d:\Keil_v5\ARM\PACK\Keil\STM32F1xx_DFP\2.1.0

<h2>Collection of Component Files used:</h2>
Load "D:\\I\\物联网\\程序代码\\OneNET标准板\\BootLoader2.0\\Objects\\stm32f103.axf" 
Set JLink Project File to "D:\I\物联网\程序代码\OneNET标准板\BootLoader2.0\JLinkSettings.ini"
* JLink Info: Device "STM32F103ZE" selected (512 KB flash, 64 KB RAM).
 
JLink info:
------------
DLL: V4.91b, compiled Sep 15 2014 09:17:56
Firmware: J-Link ARM V8 compiled Nov 28 2014 13:44:46
Hardware: V8.00
Feature(s) : RDI,FlashDL,FlashBP,JFlash,GDB 
 
* JLink Info: TotalIRLen = 9, IRPrint = 0x0011
* JLink Info: TotalIRLen = 9, IRPrint = 0x0011
* JLink Info: Found Cortex-M3 r1p1, Little endian.
* JLink Info: FPUnit: 6 code (BP) slots and 2 literal slots
* JLink Info: TPIU fitted.
* JLink Info: ETM fitted.
ROMTableAddr = 0xE00FF003
 
Target info:
------------
Device: STM32F103ZE
VTarget = 3.248V
State of Pins: 
TCK: 1, TDI: 1, TDO: 1, TMS: 0, TRES: 1, TRST: 1
Hardware-Breakpoints: 6
Software-Breakpoints: 8192
Watchpoints:          4
JTAG speed: 2000 kHz
 
***JLink Error: Can not read register 0 (R0) while CPU is running
***JLink Error: Can not read register 1 (R1) while CPU is running
Erase Done.
Programming Done.
Verify OK.
</pre>
</body>
</html>
