Component: ARM Compiler 5.05 (build 41) Tool: armlink [4d0eb9]

==============================================================================

Section Cross References

    system_stm32f10x.o(i.SetSysClock) refers to system_stm32f10x.o(i.SetSysClockTo72) for SetSysClockTo72
    system_stm32f10x.o(i.SystemCoreClockUpdate) refers to system_stm32f10x.o(.data) for SystemCoreClock
    system_stm32f10x.o(i.SystemInit) refers to system_stm32f10x.o(i.SetSysClock) for SetSysClock
    stm32f10x_it.o(i.BusFault_Handler) refers to usart.o(i.UsartPrintf) for UsartPrintf
    stm32f10x_it.o(i.HardFault_Handler) refers to usart.o(i.UsartPrintf) for UsartPrintf
    stm32f10x_it.o(i.MemManage_Handler) refers to usart.o(i.UsartPrintf) for UsartPrintf
    stm32f10x_it.o(i.UsageFault_Handler) refers to usart.o(i.UsartPrintf) for UsartPrintf
    startup_stm32f10x_hd.o(RESET) refers to startup_stm32f10x_hd.o(STACK) for __initial_sp
    startup_stm32f10x_hd.o(RESET) refers to startup_stm32f10x_hd.o(.text) for Reset_Handler
    startup_stm32f10x_hd.o(RESET) refers to stm32f10x_it.o(i.NMI_Handler) for NMI_Handler
    startup_stm32f10x_hd.o(RESET) refers to stm32f10x_it.o(i.HardFault_Handler) for HardFault_Handler
    startup_stm32f10x_hd.o(RESET) refers to stm32f10x_it.o(i.MemManage_Handler) for MemManage_Handler
    startup_stm32f10x_hd.o(RESET) refers to stm32f10x_it.o(i.BusFault_Handler) for BusFault_Handler
    startup_stm32f10x_hd.o(RESET) refers to stm32f10x_it.o(i.UsageFault_Handler) for UsageFault_Handler
    startup_stm32f10x_hd.o(RESET) refers to stm32f10x_it.o(i.SVC_Handler) for SVC_Handler
    startup_stm32f10x_hd.o(RESET) refers to stm32f10x_it.o(i.DebugMon_Handler) for DebugMon_Handler
    startup_stm32f10x_hd.o(RESET) refers to stm32f10x_it.o(i.SysTick_Handler) for SysTick_Handler
    startup_stm32f10x_hd.o(RESET) refers to stm32f10x_it.o(i.RTC_IRQHandler) for RTC_IRQHandler
    startup_stm32f10x_hd.o(RESET) refers to stm32f10x_it.o(i.EXTI0_IRQHandler) for EXTI0_IRQHandler
    startup_stm32f10x_hd.o(RESET) refers to timer.o(i.TIM3_IRQHandler) for TIM3_IRQHandler
    startup_stm32f10x_hd.o(RESET) refers to usart.o(i.USART1_IRQHandler) for USART1_IRQHandler
    startup_stm32f10x_hd.o(RESET) refers to esp8266.o(i.USART2_IRQHandler) for USART2_IRQHandler
    startup_stm32f10x_hd.o(.text) refers to system_stm32f10x.o(i.SystemInit) for SystemInit
    startup_stm32f10x_hd.o(.text) refers to entry.o(.ARM.Collect$$$$00000000) for __main
    stm32f10x_rcc.o(i.RCC_GetClocksFreq) refers to stm32f10x_rcc.o(.data) for APBAHBPrescTable
    stm32f10x_rcc.o(i.RCC_WaitForHSEStartUp) refers to stm32f10x_rcc.o(i.RCC_GetFlagStatus) for RCC_GetFlagStatus
    stm32f10x_usart.o(i.USART_DeInit) refers to stm32f10x_rcc.o(i.RCC_APB2PeriphResetCmd) for RCC_APB2PeriphResetCmd
    stm32f10x_usart.o(i.USART_DeInit) refers to stm32f10x_rcc.o(i.RCC_APB1PeriphResetCmd) for RCC_APB1PeriphResetCmd
    stm32f10x_usart.o(i.USART_Init) refers to stm32f10x_rcc.o(i.RCC_GetClocksFreq) for RCC_GetClocksFreq
    stm32f10x_gpio.o(i.GPIO_AFIODeInit) refers to stm32f10x_rcc.o(i.RCC_APB2PeriphResetCmd) for RCC_APB2PeriphResetCmd
    stm32f10x_gpio.o(i.GPIO_DeInit) refers to stm32f10x_rcc.o(i.RCC_APB2PeriphResetCmd) for RCC_APB2PeriphResetCmd
    stm32f10x_tim.o(i.TIM_DeInit) refers to stm32f10x_rcc.o(i.RCC_APB2PeriphResetCmd) for RCC_APB2PeriphResetCmd
    stm32f10x_tim.o(i.TIM_DeInit) refers to stm32f10x_rcc.o(i.RCC_APB1PeriphResetCmd) for RCC_APB1PeriphResetCmd
    stm32f10x_tim.o(i.TIM_ETRClockMode1Config) refers to stm32f10x_tim.o(i.TIM_ETRConfig) for TIM_ETRConfig
    stm32f10x_tim.o(i.TIM_ETRClockMode2Config) refers to stm32f10x_tim.o(i.TIM_ETRConfig) for TIM_ETRConfig
    stm32f10x_tim.o(i.TIM_ICInit) refers to stm32f10x_tim.o(i.TI1_Config) for TI1_Config
    stm32f10x_tim.o(i.TIM_ICInit) refers to stm32f10x_tim.o(i.TIM_SetIC1Prescaler) for TIM_SetIC1Prescaler
    stm32f10x_tim.o(i.TIM_ICInit) refers to stm32f10x_tim.o(i.TI2_Config) for TI2_Config
    stm32f10x_tim.o(i.TIM_ICInit) refers to stm32f10x_tim.o(i.TIM_SetIC2Prescaler) for TIM_SetIC2Prescaler
    stm32f10x_tim.o(i.TIM_ICInit) refers to stm32f10x_tim.o(i.TI3_Config) for TI3_Config
    stm32f10x_tim.o(i.TIM_ICInit) refers to stm32f10x_tim.o(i.TIM_SetIC3Prescaler) for TIM_SetIC3Prescaler
    stm32f10x_tim.o(i.TIM_ICInit) refers to stm32f10x_tim.o(i.TI4_Config) for TI4_Config
    stm32f10x_tim.o(i.TIM_ICInit) refers to stm32f10x_tim.o(i.TIM_SetIC4Prescaler) for TIM_SetIC4Prescaler
    stm32f10x_tim.o(i.TIM_ITRxExternalClockConfig) refers to stm32f10x_tim.o(i.TIM_SelectInputTrigger) for TIM_SelectInputTrigger
    stm32f10x_tim.o(i.TIM_PWMIConfig) refers to stm32f10x_tim.o(i.TI1_Config) for TI1_Config
    stm32f10x_tim.o(i.TIM_PWMIConfig) refers to stm32f10x_tim.o(i.TIM_SetIC1Prescaler) for TIM_SetIC1Prescaler
    stm32f10x_tim.o(i.TIM_PWMIConfig) refers to stm32f10x_tim.o(i.TI2_Config) for TI2_Config
[...]
    Removing sht20.o(i.SHT2x_CalcRH), (72 bytes).
    Removing sht20.o(i.SHT2x_CalcTemperatureC), (76 bytes).
    Removing sht20.o(i.SHT2x_CheckCrc), (74 bytes).
    Removing sht20.o(i.SHT2x_MeasureHM), (208 bytes).
    Removing sht20.o(.constdata), (2 bytes).
    Removing sht20.o(.data), (8 bytes).
    Removing led.o(.data), (4 bytes).
    Removing hmac_sha1.o(i.rotr), (40 bytes).
    Removing hmac_sha1.o(.data), (973 bytes).
    Removing onenet.o(i.OneNET_RegisterDevice), (436 bytes).
    Removing onenet.o(.bss), (64 bytes).
    Removing mqttkit.o(i.MQTT_PacketCmdResp), (140 bytes).
    Removing mqttkit.o(i.MQTT_PacketDisConnect), (48 bytes).
    Removing mqttkit.o(i.MQTT_PacketPublishAck), (72 bytes).
    Removing mqttkit.o(i.MQTT_PacketPublishComp), (72 bytes).
    Removing mqttkit.o(i.MQTT_PacketPublishRec), (72 bytes).
    Removing mqttkit.o(i.MQTT_PacketPublishRel), (72 bytes).
    Removing mqttkit.o(i.MQTT_PacketSaveBinData), (212 bytes).
    Removing mqttkit.o(i.MQTT_PacketUnSubscribe), (238 bytes).
    Removing mqttkit.o(i.MQTT_UnPacketCmd), (140 bytes).
    Removing mqttkit.o(i.MQTT_UnPacketPublishComp), (30 bytes).
    Removing mqttkit.o(i.MQTT_UnPacketPublishRec), (30 bytes).
    Removing mqttkit.o(i.MQTT_UnPacketPublishRel), (36 bytes).
    Removing mqttkit.o(i.MQTT_UnPacketUnSubscribe), (18 bytes).
    Removing esp8266.o(i.ESP8266_Get_Init), (440 bytes).
    Removing sys.o(i.INTX_DISABLE), (4 bytes).
    Removing sys.o(i.INTX_ENABLE), (4 bytes).
    Removing sys.o(i.WFI_SET), (4 bytes).
    Removing ffltui.o(.text), (10 bytes).
    Removing ffixui.o(.text), (40 bytes).
    Removing f2d.o(.text), (38 bytes).
    Removing d2f.o(.text), (56 bytes).
    Removing fepilogue.o(.text), (110 bytes).

221 unused section(s) (total 11878 bytes) removed from the image.

==============================================================================

Image Symbol Table

    Local Symbols

    Symbol Name                              Value     Ov Type        Size  Object(Section)

    ../clib/microlib/ctype/ctype.c           0x00000000   Number         0  ispunct_o.o ABSOLUTE
    ../clib/microlib/ctype/ctype.c           0x00000000   Number         0  isalpha_o.o ABSOLUTE
    ../clib/microlib/ctype/ctype.c           0x00000000   Number         0  isspace_c.o ABSOLUTE
    ../clib/microlib/ctype/ctype.c           0x00000000   Number         0  isalnum_o.o ABSOLUTE
    ../clib/microlib/ctype/ctype.c           0x00000000   Number         0  isxdigit_o.o ABSOLUTE
    ../clib/microlib/ctype/ctype.c           0x00000000   Number         0  isupper_o.o ABSOLUTE
    ../clib/microlib/ctype/ctype.c           0x00000000   Number         0  isspace_o.o ABSOLUTE
    ../clib/microlib/ctype/ctype.c           0x00000000   Number         0  iscntrl_o.o ABSOLUTE
    ../clib/microlib/ctype/ctype.c           0x00000000   Number         0  ctype_c.o ABSOLUTE
    ../clib/microlib/ctype/ctype.c           0x00000000   Number         0  isprint_o.o ABSOLUTE
    ../clib/microlib/ctype/ctype.c           0x00000000   Number         0  islower_o.o ABSOLUTE
    ../clib/microlib/ctype/ctype.c           0x00000000   Number         0  isgraph_o.o ABSOLUTE
    ../clib/microlib/ctype/ctype.c           0x00000000   Number         0  isdigit_o.o ABSOLUTE
    ../clib/microlib/ctype/ctype.c           0x00000000   Number         0  ctype_o.o ABSOLUTE
    ../clib/microlib/ctype/ctype.c           0x00000000   Number         0  isblank_o.o ABSOLUTE
    ../clib/microlib/division.c              0x00000000   Number         0  uidiv.o ABSOLUTE
    ../clib/microlib/division.c              0x00000000   Number         0  uldiv.o ABSOLUTE
    ../clib/microlib/errno.c                 0x00000000   Number         0  errno.o ABSOLUTE
    ../clib/microlib/init/entry.s            0x00000000   Number         0  entry7b.o ABSOLUTE
    ../clib/microlib/init/entry.s            0x00000000   Number         0  entry8b.o ABSOLUTE
    ../clib/microlib/init/entry.s            0x00000000   Number         0  entry11b.o ABSOLUTE
    ../clib/microlib/init/entry.s            0x00000000   Number         0  entry11a.o ABSOLUTE
    ../clib/microlib/init/entry.s            0x00000000   Number         0  entry10b.o ABSOLUTE
    ../clib/microlib/init/entry.s            0x00000000   Number         0  entry10a.o ABSOLUTE
    ../clib/microlib/init/entry.s            0x00000000   Number         0  entry9b.o ABSOLUTE
    ../clib/microlib/init/entry.s            0x00000000   Number         0  entry2.o ABSOLUTE
    ../clib/microlib/init/entry.s            0x00000000   Number         0  entry9a.o ABSOLUTE
    ../clib/microlib/init/entry.s            0x00000000   Number         0  entry5.o ABSOLUTE
    ../clib/microlib/init/entry.s            0x00000000   Number         0  entry8a.o ABSOLUTE
    ../clib/microlib/init/entry.s            0x00000000   Number         0  entry7a.o ABSOLUTE
    ../clib/microlib/init/entry.s            0x00000000   Number         0  entry.o ABSOLUTE
    ../clib/microlib/longlong.c              0x00000000   Number         0  llshl.o ABSOLUTE
    ../clib/microlib/longlong.c              0x00000000   Number         0  llsshr.o ABSOLUTE
    ../clib/microlib/longlong.c              0x00000000   Number         0  llushr.o ABSOLUTE
    ../clib/microlib/malloc/malloc.c         0x00000000   Number         0  mallocr.o ABSOLUTE
    ../clib/microlib/malloc/malloc.c         0x00000000   Number         0  mallocra.o ABSOLUTE
    ../clib/microlib/malloc/malloc.c         0x00000000   Number         0  malloc.o ABSOLUTE
    ../clib/microlib/malloc/malloc.c         0x00000000   Number         0  malloca.o ABSOLUTE
    ../clib/microlib/malloc/mvars.c          0x00000000   Number         0  mvars.o ABSOLUTE
    ../clib/microlib/printf/printf.c         0x00000000   Number         0  printf7.o ABSOLUTE
    ../clib/microlib/printf/printf.c         0x00000000   Number         0  printfa.o ABSOLUTE
    ../clib/microlib/printf/printf.c         0x00000000   Number         0  printf1.o ABSOLUTE
    ../clib/microlib/printf/printf.c         0x00000000   Number         0  printf5.o ABSOLUTE
    ../clib/microlib/printf/printf.c         0x00000000   Number         0  printfb.o ABSOLUTE
    ../clib/microlib/printf/printf.c         0x00000000   Number         0  printf0.o ABSOLUTE
    ../clib/microlib/printf/printf.c         0x00000000   Number         0  printf2.o ABSOLUTE
    ../clib/microlib/printf/printf.c         0x00000000   Number         0  printf3.o ABSOLUTE
    ../clib/microlib/printf/printf.c         0x00000000   Number         0  printf4.o ABSOLUTE
    ../clib/microlib/printf/printf.c         0x00000000   Number         0  printf6.o ABSOLUTE
    ../clib/microlib/printf/printf.c         0x00000000   Number         0  printf8.o ABSOLUTE
    ../clib/microlib/printf/stubs.s          0x00000000   Number         0  stubs.o ABSOLUTE
    ../clib/microlib/stdio/fputc.c           0x00000000   Number         0  fputc.o ABSOLUTE
    ../clib/microlib/stdio/semi.s            0x00000000   Number         0  semi.o ABSOLUTE
    ../clib/microlib/stdio/streams.c         0x00000000   Number         0  stdout.o ABSOLUTE
    ../clib/microlib/string/memcpy.c         0x00000000   Number         0  memcpyb.o ABSOLUTE
    ../clib/microlib/string/memcpy.c         0x00000000   Number         0  memcpya.o ABSOLUTE
    ../clib/microlib/string/memset.c         0x00000000   Number         0  memseta.o ABSOLUTE
    ../clib/microlib/string/strcat.c         0x00000000   Number         0  strcat.o ABSOLUTE
    ../clib/microlib/string/strchr.c         0x00000000   Number         0  strchr.o ABSOLUTE
    ../clib/microlib/string/strcpy.c         0x00000000   Number         0  strcpy.o ABSOLUTE
    ../clib/microlib/string/strlen.c         0x00000000   Number         0  strlen.o ABSOLUTE
    ../clib/microlib/string/strncat.c        0x00000000   Number         0  strncat.o ABSOLUTE
    ../clib/microlib/string/strstr.c         0x00000000   Number         0  strstr.o ABSOLUTE
    ../clib/microlib/stubs.s                 0x00000000   Number         0  iusefp.o ABSOLUTE
    ../clib/microlib/stubs.s                 0x00000000   Number         0  iusesemip.o ABSOLUTE
    ../clib/scanf.c                          0x00000000   Number         0  _sgetc.o ABSOLUTE
    ../clib/scanf.c                          0x00000000   Number         0  strtol.o ABSOLUTE
    ../clib/scanf.c                          0x00000000   Number         0  _scanf_str.o ABSOLUTE
    ../clib/scanf.c                          0x00000000   Number         0  scanf_char.o ABSOLUTE
    ../clib/scanf.c                          0x00000000   Number         0  _chval.o ABSOLUTE
    ../clib/scanf.c                          0x00000000   Number         0  __0sscanf.o ABSOLUTE
    ../clib/scanf.c                          0x00000000   Number         0  _scanf_int.o ABSOLUTE
    ../clib/scanf.c                          0x00000000   Number         0  _strtoul.o ABSOLUTE
    ../clib/scanf.c                          0x00000000   Number         0  atoi.o ABSOLUTE
    ../clib/scanf.c                          0x00000000   Number         0  _scanf.o ABSOLUTE
    ../fplib/microlib/d2f.c                  0x00000000   Number         0  d2f.o ABSOLUTE
    ../fplib/microlib/f2d.c                  0x00000000   Number         0  f2d.o ABSOLUTE
    ../fplib/microlib/fpadd.c                0x00000000   Number         0  dadd.o ABSOLUTE
    ../fplib/microlib/fpdiv.c                0x00000000   Number         0  ddiv.o ABSOLUTE
    ../fplib/microlib/fpepilogue.c           0x00000000   Number         0  depilogue.o ABSOLUTE
    ../fplib/microlib/fpepilogue.c           0x00000000   Number         0  fepilogue.o ABSOLUTE
    ../fplib/microlib/fpfix.c                0x00000000   Number         0  dfixul.o ABSOLUTE
    ../fplib/microlib/fpfix.c                0x00000000   Number         0  ffixui.o ABSOLUTE
    ../fplib/microlib/fpflt.c                0x00000000   Number         0  ffltui.o ABSOLUTE
    ../fplib/microlib/fpmul.c                0x00000000   Number         0  dmul.o ABSOLUTE
    IAP\\sys\\sys.c                          0x00000000   Number         0  sys.o ABSOLUTE
    IAP\iap.c                                0x00000000   Number         0  iap.o ABSOLUTE
    IAP\sys\sys.c                            0x00000000   Number         0  sys.o ABSOLUTE
    NET\MQTT\MqttKit.c                       0x00000000   Number         0  mqttkit.o ABSOLUTE
    NET\device\src\esp8266.c                 0x00000000   Number         0  esp8266.o ABSOLUTE
    NET\onenet\src\base64.c                  0x00000000   Number         0  base64.o ABSOLUTE
    NET\onenet\src\hmac_sha1.c               0x00000000   Number         0  hmac_sha1.o ABSOLUTE
    NET\onenet\src\onenet.c                  0x00000000   Number         0  onenet.o ABSOLUTE
    NET\protocol\src\onenethttp.c            0x00000000   Number         0  onenethttp.o ABSOLUTE
    cdrcmple.s                               0x00000000   Number         0  cdrcmple.o ABSOLUTE
    core\\core_cm3.c                         0x00000000   Number         0  core_cm3.o ABSOLUTE
    core\core_cm3.c                          0x00000000   Number         0  core_cm3.o ABSOLUTE
    core\startup\arm\startup_stm32f10x_hd.s  0x00000000   Number         0  startup_stm32f10x_hd.o ABSOLUTE
    core\stm32f10x_it.c                      0x00000000   Number         0  stm32f10x_it.o ABSOLUTE
    core\system_stm32f10x.c                  0x00000000   Number         0  system_stm32f10x.o ABSOLUTE
    dc.s                                     0x00000000   Number         0  dc.o ABSOLUTE
    fwlib\src\misc.c                         0x00000000   Number         0  misc.o ABSOLUTE
    fwlib\src\stm32f10x_flash.c              0x00000000   Number         0  stm32f10x_flash.o ABSOLUTE
    fwlib\src\stm32f10x_gpio.c               0x00000000   Number         0  stm32f10x_gpio.o ABSOLUTE
    fwlib\src\stm32f10x_rcc.c                0x00000000   Number         0  stm32f10x_rcc.o ABSOLUTE
    fwlib\src\stm32f10x_tim.c                0x00000000   Number         0  stm32f10x_tim.o ABSOLUTE
    fwlib\src\stm32f10x_usart.c              0x00000000   Number         0  stm32f10x_usart.o ABSOLUTE
    handlers.s                               0x00000000   Number         0  handlers.o ABSOLUTE
    hardware\src\beep.c                      0x00000000   Number         0  beep.o ABSOLUTE
    hardware\src\delay.c                     0x00000000   Number         0  delay.o ABSOLUTE
    hardware\src\i2c.c                       0x00000000   Number         0  i2c.o ABSOLUTE
    hardware\src\led.c                       0x00000000   Number         0  led.o ABSOLUTE
    hardware\src\sht20.c                     0x00000000   Number         0  sht20.o ABSOLUTE
    hardware\src\timer.c                     0x00000000   Number         0  timer.o ABSOLUTE
    hardware\src\usart.c                     0x00000000   Number         0  usart.o ABSOLUTE
    init.s                                   0x00000000   Number         0  init.o ABSOLUTE
    user\main.c                              0x00000000   Number         0  main.o ABSOLUTE
    RESET                                    0x08000000   Section      304  startup_stm32f10x_hd.o(RESET)
    .ARM.Collect$$$$00000000                 0x08000130   Section        0  entry.o(.ARM.Collect$$$$00000000)
    .ARM.Collect$$$$00000001                 0x08000130   Section        4  entry2.o(.ARM.Collect$$$$00000001)
    .ARM.Collect$$$$00000004                 0x08000134   Section        4  entry5.o(.ARM.Collect$$$$00000004)
    .ARM.Collect$$$$00000008                 0x08000138   Section        0  entry7b.o(.ARM.Collect$$$$00000008)
    .ARM.Collect$$$$0000000A                 0x08000138   Section        0  entry8b.o(.ARM.Collect$$$$0000000A)
    .ARM.Collect$$$$0000000B                 0x08000138   Section        8  entry9a.o(.ARM.Collect$$$$0000000B)
    .ARM.Collect$$$$0000000D                 0x08000140   Section        0  entry10a.o(.ARM.Collect$$$$0000000D)
    .ARM.Collect$$$$0000000F                 0x08000140   Section        0  entry11a.o(.ARM.Collect$$$$0000000F)
    .ARM.Collect$$$$00002712                 0x08000140   Section        4  entry2.o(.ARM.Collect$$$$00002712)
    __lit__00000000                          0x08000140   Data           4  entry2.o(.ARM.Collect$$$$00002712)
    .emb_text                                0x08000144   Section        6  sys.o(.emb_text)
    .text                                    0x0800014c   Section       36  startup_stm32f10x_hd.o(.text)
    .text                                    0x08000170   Section        0  memcpya.o(.text)
    .text                                    0x08000194   Section        0  memseta.o(.text)
    .text                                    0x080001b8   Section        0  strcat.o(.text)
    .text                                    0x080001d0   Section        0  strstr.o(.text)
    .text                                    0x080001f4   Section        0  strchr.o(.text)
    .text                                    0x08000208   Section        0  strlen.o(.text)
    .text                                    0x08000216   Section        0  strncat.o(.text)
    .text                                    0x0800023e   Section        0  strcpy.o(.text)
    .text                                    0x08000250   Section        0  atoi.o(.text)
    .text                                    0x0800026a   Section        0  dadd.o(.text)
    .text                                    0x080003b8   Section        0  dmul.o(.text)
    .text                                    0x0800049c   Section        0  uidiv.o(.text)
    .text                                    0x080004c8   Section        0  uldiv.o(.text)
    .text                                    0x0800052a   Section        0  llshl.o(.text)
    .text                                    0x08000548   Section        0  llsshr.o(.text)
    .text                                    0x0800056c   Section        0  _chval.o(.text)
    .text                                    0x08000588   Section        0  strtol.o(.text)
    .text                                    0x080005f8   Section        0  depilogue.o(.text)
    .text                                    0x080005f8   Section        0  iusefp.o(.text)
    .text                                    0x080006b2   Section        0  ddiv.o(.text)
    .text                                    0x08000790   Section        0  dfixul.o(.text)
    .text                                    0x080007c0   Section       48  cdrcmple.o(.text)
    .text                                    0x080007f0   Section       36  init.o(.text)
    .text                                    0x08000814   Section        0  llushr.o(.text)
    .text                                    0x08000834   Section        0  ctype_o.o(.text)
    .text                                    0x0800083c   Section        0  _strtoul.o(.text)
    i.BASE64_Decode                          0x080008dc   Section        0  base64.o(i.BASE64_Decode)
    i.BASE64_Encode                          0x08000a48   Section        0  base64.o(i.BASE64_Encode)
    i.BootStatus_Send                        0x08000b8c   Section        0  onenet.o(i.BootStatus_Send)
    i.BusFault_Handler                       0x08000bfc   Section        0  stm32f10x_it.o(i.BusFault_Handler)
    i.DebugMon_Handler                       0x08000c48   Section        0  stm32f10x_it.o(i.DebugMon_Handler)
    i.DelayXms                               0x08000c4c   Section        0  delay.o(i.DelayXms)
    i.Delay_Init                             0x08000c94   Section        0  delay.o(i.Delay_Init)
    i.ESP8266_Clear                          0x08000ccc   Section        0  esp8266.o(i.ESP8266_Clear)
    i.ESP8266_GetIPD                         0x08000ce8   Section        0  esp8266.o(i.ESP8266_GetIPD)
    i.ESP8266_Init                           0x08000d28   Section        0  esp8266.o(i.ESP8266_Init)
    i.ESP8266_MQTTIPD                        0x08000e78   Section        0  esp8266.o(i.ESP8266_MQTTIPD)
    i.ESP8266_SendCmd                        0x08000ec8   Section        0  esp8266.o(i.ESP8266_SendCmd)
    i.ESP8266_SendData                       0x08000f1c   Section        0  esp8266.o(i.ESP8266_SendData)
    i.ESP8266_WaitRecive                     0x08000f64   Section        0  esp8266.o(i.ESP8266_WaitRecive)
    i.EXTI0_IRQHandler                       0x08000f98   Section        0  stm32f10x_it.o(i.EXTI0_IRQHandler)
    i.FLASH_ErasePage                        0x08000f9c   Section        0  stm32f10x_flash.o(i.FLASH_ErasePage)
    i.FLASH_GetBank1Status                   0x08000fe8   Section        0  stm32f10x_flash.o(i.FLASH_GetBank1Status)
    i.FLASH_Lock                             0x0800101c   Section        0  stm32f10x_flash.o(i.FLASH_Lock)
    i.FLASH_PrefetchBufferCmd                0x08001030   Section        0  stm32f10x_flash.o(i.FLASH_PrefetchBufferCmd)
    i.FLASH_ProgramHalfWord                  0x0800104c   Section        0  stm32f10x_flash.o(i.FLASH_ProgramHalfWord)
    i.FLASH_SetLatency                       0x0800108c   Section        0  stm32f10x_flash.o(i.FLASH_SetLatency)
    i.FLASH_Unlock                           0x080010a4   Section        0  stm32f10x_flash.o(i.FLASH_Unlock)
    i.FLASH_WaitForLastOperation             0x080010bc   Section        0  stm32f10x_flash.o(i.FLASH_WaitForLastOperation)
    i.GPIO_Configuration                     0x080010e4   Section        0  main.o(i.GPIO_Configuration)
    i.GPIO_Init                              0x08001230   Section        0  stm32f10x_gpio.o(i.GPIO_Init)
    i.GPIO_PinRemapConfig                    0x08001348   Section        0  stm32f10x_gpio.o(i.GPIO_PinRemapConfig)
    i.GPIO_WriteBit                          0x080013d8   Section        0  stm32f10x_gpio.o(i.GPIO_WriteBit)
    i.GetPkgData_andCheck                    0x080013e4   Section        0  onenethttp.o(i.GetPkgData_andCheck)
    i.GetXmlData_andCheck                    0x08001488   Section        0  onenethttp.o(i.GetXmlData_andCheck)
    i.Get_Splice_Points                      0x0800154c   Section        0  onenethttp.o(i.Get_Splice_Points)
    i.HardFault_Handler                      0x08001614   Section        0  stm32f10x_it.o(i.HardFault_Handler)
    i.Hardware_Init                          0x08001660   Section        0  main.o(i.Hardware_Init)
    i.LedF6_Set                              0x080016dc   Section        0  led.o(i.LedF6_Set)
    i.LedF7_Set                              0x08001700   Section        0  led.o(i.LedF7_Set)
    i.LedF8_Set                              0x08001724   Section        0  led.o(i.LedF8_Set)
    i.LedF9_Set                              0x0800174c   Section        0  led.o(i.LedF9_Set)
    i.Led_Init                               0x08001774   Section        0  led.o(i.Led_Init)
    i.MQTT_DeleteBuffer                      0x08001790   Section        0  mqttkit.o(i.MQTT_DeleteBuffer)
    i.MQTT_DumpLength                        0x080017ac   Section        0  mqttkit.o(i.MQTT_DumpLength)
    i.MQTT_NewBuffer                         0x080017da   Section        0  mqttkit.o(i.MQTT_NewBuffer)
    i.MQTT_PacketConnect                     0x08001834   Section        0  mqttkit.o(i.MQTT_PacketConnect)
    i.MQTT_PacketPing                        0x08001ad4   Section        0  mqttkit.o(i.MQTT_PacketPing)
    i.MQTT_PacketPublish                     0x08001b04   Section        0  mqttkit.o(i.MQTT_PacketPublish)
    i.MQTT_PacketSaveData                    0x08001cbc   Section        0  mqttkit.o(i.MQTT_PacketSaveData)
    i.MQTT_PacketSubscribe                   0x08001d18   Section        0  mqttkit.o(i.MQTT_PacketSubscribe)
    i.MQTT_ReadLength                        0x08001e16   Section        0  mqttkit.o(i.MQTT_ReadLength)
    i.MQTT_UnPacketConnectAck                0x08001e5c   Section        0  mqttkit.o(i.MQTT_UnPacketConnectAck)
    i.MQTT_UnPacketPing                      0x08001e7a   Section        0  mqttkit.o(i.MQTT_UnPacketPing)
    i.MQTT_UnPacketPublish                   0x08001e88   Section        0  mqttkit.o(i.MQTT_UnPacketPublish)
    i.MQTT_UnPacketPublishAck                0x08002048   Section        0  mqttkit.o(i.MQTT_UnPacketPublishAck)
    i.MQTT_UnPacketRecv                      0x08002068   Section        0  mqttkit.o(i.MQTT_UnPacketRecv)
    i.MQTT_UnPacketSubscribe                 0x080020dc   Section        0  mqttkit.o(i.MQTT_UnPacketSubscribe)
    i.MemManage_Handler                      0x08002110   Section        0  stm32f10x_it.o(i.MemManage_Handler)
    i.Merge_Pkg                              0x0800215c   Section        0  onenethttp.o(i.Merge_Pkg)
    i.NMI_Handler                            0x080021fc   Section        0  stm32f10x_it.o(i.NMI_Handler)
    i.NVIC_Init                              0x08002200   Section        0  misc.o(i.NVIC_Init)
    i.NVIC_PriorityGroupConfig               0x08002270   Section        0  misc.o(i.NVIC_PriorityGroupConfig)
    i.OTA_UrlEncode                          0x08002284   Section        0  onenet.o(i.OTA_UrlEncode)
    OTA_UrlEncode                            0x08002285   Thumb Code   246  onenet.o(i.OTA_UrlEncode)
    i.OneNET_Authorization                   0x0800239c   Section        0  onenet.o(i.OneNET_Authorization)
    OneNET_Authorization                     0x0800239d   Thumb Code   284  onenet.o(i.OneNET_Authorization)
    i.OneNET_Publish                         0x08002538   Section        0  onenet.o(i.OneNET_Publish)
    i.OneNET_Subscribe                       0x080025b4   Section        0  onenet.o(i.OneNET_Subscribe)
    i.OneNet_DevLink                         0x0800262c   Section        0  onenet.o(i.OneNet_DevLink)
    i.OneNet_FillBuf                         0x080028a8   Section        0  onenet.o(i.OneNet_FillBuf)
    i.OneNet_FillBuf_Get                     0x080029a0   Section        0  onenethttp.o(i.OneNet_FillBuf_Get)
    i.OneNet_RevPro                          0x080029c8   Section        0  onenet.o(i.OneNet_RevPro)
    i.OneNet_RevPro_HTTP                     0x08002cd4   Section        0  onenethttp.o(i.OneNet_RevPro_HTTP)
    i.OneNet_SendData                        0x08002d30   Section        0  onenet.o(i.OneNet_SendData)
    i.OneNet_SendData_Get                    0x08002e18   Section        0  onenethttp.o(i.OneNet_SendData_Get)
    i.OneNet_ping                            0x08002e5c   Section        0  onenet.o(i.OneNet_ping)
    i.RCC_AHBPeriphClockCmd                  0x08002e84   Section        0  stm32f10x_rcc.o(i.RCC_AHBPeriphClockCmd)
    i.RCC_APB1PeriphClockCmd                 0x08002ea4   Section        0  stm32f10x_rcc.o(i.RCC_APB1PeriphClockCmd)
    i.RCC_APB2PeriphClockCmd                 0x08002ec4   Section        0  stm32f10x_rcc.o(i.RCC_APB2PeriphClockCmd)
    i.RCC_Configuration                      0x08002ee4   Section        0  main.o(i.RCC_Configuration)
    i.RCC_DeInit                             0x08002f6c   Section        0  stm32f10x_rcc.o(i.RCC_DeInit)
    i.RCC_GetClocksFreq                      0x08002fb8   Section        0  stm32f10x_rcc.o(i.RCC_GetClocksFreq)
    i.RCC_GetFlagStatus                      0x0800308c   Section        0  stm32f10x_rcc.o(i.RCC_GetFlagStatus)
    i.RCC_GetSYSCLKSource                    0x080030c8   Section        0  stm32f10x_rcc.o(i.RCC_GetSYSCLKSource)
    i.RCC_HCLKConfig                         0x080030d8   Section        0  stm32f10x_rcc.o(i.RCC_HCLKConfig)
    i.RCC_HSEConfig                          0x080030f0   Section        0  stm32f10x_rcc.o(i.RCC_HSEConfig)
    i.RCC_PCLK1Config                        0x0800313c   Section        0  stm32f10x_rcc.o(i.RCC_PCLK1Config)
    i.RCC_PCLK2Config                        0x08003154   Section        0  stm32f10x_rcc.o(i.RCC_PCLK2Config)
    i.RCC_PLLCmd                             0x0800316c   Section        0  stm32f10x_rcc.o(i.RCC_PLLCmd)
    i.RCC_PLLConfig                          0x08003178   Section        0  stm32f10x_rcc.o(i.RCC_PLLConfig)
    i.RCC_SYSCLKConfig                       0x08003194   Section        0  stm32f10x_rcc.o(i.RCC_SYSCLKConfig)
    i.RCC_WaitForHSEStartUp                  0x080031ac   Section        0  stm32f10x_rcc.o(i.RCC_WaitForHSEStartUp)
    i.RTC_IRQHandler                         0x080031e4   Section        0  stm32f10x_it.o(i.RTC_IRQHandler)
    i.SVC_Handler                            0x080031e6   Section        0  stm32f10x_it.o(i.SVC_Handler)
    i.SetSysClock                            0x080031e8   Section        0  system_stm32f10x.o(i.SetSysClock)
    SetSysClock                              0x080031e9   Thumb Code     8  system_stm32f10x.o(i.SetSysClock)
    i.SetSysClockTo72                        0x080031f0   Section        0  system_stm32f10x.o(i.SetSysClockTo72)
    SetSysClockTo72                          0x080031f1   Thumb Code   214  system_stm32f10x.o(i.SetSysClockTo72)
    i.SysTick_Handler                        0x080032d0   Section        0  stm32f10x_it.o(i.SysTick_Handler)
    i.SystemInit                             0x080032d4   Section        0  system_stm32f10x.o(i.SystemInit)
    i.TIM3_IRQHandler                        0x08003334   Section        0  timer.o(i.TIM3_IRQHandler)
    i.TIM3_Int_Init                          0x0800335c   Section        0  timer.o(i.TIM3_Int_Init)
    i.TIM_ClearITPendingBit                  0x080033bc   Section        0  stm32f10x_tim.o(i.TIM_ClearITPendingBit)
    i.TIM_Cmd                                0x080033c2   Section        0  stm32f10x_tim.o(i.TIM_Cmd)
    i.TIM_GetITStatus                        0x080033da   Section        0  stm32f10x_tim.o(i.TIM_GetITStatus)
    i.TIM_ITConfig                           0x080033fc   Section        0  stm32f10x_tim.o(i.TIM_ITConfig)
    i.TIM_TimeBaseInit                       0x08003410   Section        0  stm32f10x_tim.o(i.TIM_TimeBaseInit)
    i.USART1_IRQHandler                      0x080034b4   Section        0  usart.o(i.USART1_IRQHandler)
    i.USART2_IRQHandler                      0x080034d0   Section        0  esp8266.o(i.USART2_IRQHandler)
    i.USART_ClearFlag                        0x0800351c   Section        0  stm32f10x_usart.o(i.USART_ClearFlag)
    i.USART_Cmd                              0x0800352e   Section        0  stm32f10x_usart.o(i.USART_Cmd)
    i.USART_GetFlagStatus                    0x08003546   Section        0  stm32f10x_usart.o(i.USART_GetFlagStatus)
    i.USART_GetITStatus                      0x08003560   Section        0  stm32f10x_usart.o(i.USART_GetITStatus)
    i.USART_ITConfig                         0x080035b4   Section        0  stm32f10x_usart.o(i.USART_ITConfig)
    i.USART_Init                             0x08003600   Section        0  stm32f10x_usart.o(i.USART_Init)
    i.USART_SendData                         0x080036d8   Section        0  stm32f10x_usart.o(i.USART_SendData)
    i.UsageFault_Handler                     0x080036e0   Section        0  stm32f10x_it.o(i.UsageFault_Handler)
    i.Usart1_Init                            0x08003730   Section        0  usart.o(i.Usart1_Init)
    i.Usart2_Init                            0x08003794   Section        0  usart.o(i.Usart2_Init)
    i.UsartPrintf                            0x08003840   Section        0  usart.o(i.UsartPrintf)
    i.Usart_SendString                       0x08003888   Section        0  usart.o(i.Usart_SendString)
    i.__0snprintf                            0x080038bc   Section        0  printfa.o(i.__0snprintf)
    i.__0sprintf                             0x080038e4   Section        0  printfa.o(i.__0sprintf)
    i.__0vsnprintf                           0x0800390c   Section        0  printfa.o(i.__0vsnprintf)
    i.__aeabi_errno_addr                     0x08003930   Section        0  errno.o(i.__aeabi_errno_addr)
    i.__scatterload_copy                     0x08003938   Section       14  handlers.o(i.__scatterload_copy)
    i.__scatterload_null                     0x08003946   Section        2  handlers.o(i.__scatterload_null)
    i.__scatterload_zeroinit                 0x08003948   Section       14  handlers.o(i.__scatterload_zeroinit)
    i._fp_digits                             0x08003958   Section        0  printfa.o(i._fp_digits)
    _fp_digits                               0x08003959   Thumb Code   334  printfa.o(i._fp_digits)
    i._printf_core                           0x08003abc   Section        0  printfa.o(i._printf_core)
    _printf_core                             0x08003abd   Thumb Code  1744  printfa.o(i._printf_core)
    i._printf_post_padding                   0x08004198   Section        0  printfa.o(i._printf_post_padding)
    _printf_post_padding                     0x08004199   Thumb Code    36  printfa.o(i._printf_post_padding)
    i._printf_pre_padding                    0x080041bc   Section        0  printfa.o(i._printf_pre_padding)
    _printf_pre_padding                      0x080041bd   Thumb Code    46  printfa.o(i._printf_pre_padding)
    i._snputc                                0x080041ea   Section        0  printfa.o(i._snputc)
    _snputc                                  0x080041eb   Thumb Code    22  printfa.o(i._snputc)
    i._sputc                                 0x08004200   Section        0  printfa.o(i._sputc)
    _sputc                                   0x08004201   Thumb Code    10  printfa.o(i._sputc)
    i.bitop                                  0x0800420a   Section        0  onenethttp.o(i.bitop)
    i.free                                   0x08004224   Section        0  malloc.o(i.free)
    i.ft                                     0x08004274   Section        0  hmac_sha1.o(i.ft)
    i.hmac_sha1                              0x080042c0   Section        0  hmac_sha1.o(i.hmac_sha1)
    i.iap_load_app                           0x0800440c   Section        0  iap.o(i.iap_load_app)
    i.iap_write_appbin                       0x08004490   Section        0  iap.o(i.iap_write_appbin)
    i.k                                      0x08004534   Section        0  hmac_sha1.o(i.k)
    i.main                                   0x08004568   Section        0  main.o(i.main)
    i.malloc                                 0x08004990   Section        0  malloc.o(i.malloc)
    i.rotl                                   0x080049fc   Section        0  hmac_sha1.o(i.rotl)
    i.sha1                                   0x08004a2c   Section        0  hmac_sha1.o(i.sha1)
    .constdata                               0x08004cb0   Section      192  base64.o(.constdata)
    base64_enc_map                           0x08004cb0   Data          64  base64.o(.constdata)
    base64_dec_map                           0x08004cf0   Data         128  base64.o(.constdata)
    .constdata                               0x08004d70   Section      129  ctype_o.o(.constdata)
    .constdata                               0x08004df4   Section        4  ctype_o.o(.constdata)
    table                                    0x08004df4   Data           4  ctype_o.o(.constdata)
    .conststring                             0x08004df8   Section       71  onenet.o(.conststring)
    .conststring                             0x08004e40   Section      235  onenethttp.o(.conststring)
    .data                                    0x20000000   Section       20  stm32f10x_rcc.o(.data)
    APBAHBPrescTable                         0x20000000   Data          16  stm32f10x_rcc.o(.data)
    ADCPrescTable                            0x20000010   Data           4  stm32f10x_rcc.o(.data)
    .data                                    0x20000014   Section        4  delay.o(.data)
    .data                                    0x20000018   Section        4  timer.o(.data)
    .data                                    0x20000020   Section       48  main.o(.data)
    .data                                    0x20000050   Section        2  onenet.o(.data)
    pkt_id                                   0x20000050   Data           2  onenet.o(.data)
    .data                                    0x20000052   Section        4  esp8266.o(.data)
    .data                                    0x20000058   Section        4  iap.o(.data)
    .data                                    0x2000005c   Section        4  mvars.o(.data)
    .data                                    0x20000060   Section        4  mvars.o(.data)
    .data                                    0x20000064   Section        4  errno.o(.data)
    _errno                                   0x20000064   Data           4  errno.o(.data)
    .bss                                     0x20000068   Section       44  main.o(.bss)
    .bss                                     0x20000094   Section    20504  onenethttp.o(.bss)
    .bss                                     0x200050ac   Section    20480  esp8266.o(.bss)
    HEAP                                     0x2000a0b0   Section     4096  startup_stm32f10x_hd.o(HEAP)
    STACK                                    0x2000b0b0   Section     4096  startup_stm32f10x_hd.o(STACK)

    Global Symbols

    Symbol Name                              Value     Ov Type        Size  Object(Section)

    BuildAttributes$$THM_ISAv4$P$D$K$B$S$PE$A:L22UL41UL21$X:L11$S22US41US21$IEEE1$IW$USESV6$~STKCKD$USESV7$~SHL$OTIME$ROPI$EBA8$MICROLIB$REQ8$PRES8$EABIv2 0x00000000   Number         0  anon$$obj.o ABSOLUTE
    __ARM_use_no_argv                        0x00000000   Number         0  main.o ABSOLUTE
    _printf_a                                0x00000000   Number         0  stubs.o ABSOLUTE
    _printf_c                                0x00000000   Number         0  stubs.o ABSOLUTE
    _printf_charcount                        0x00000000   Number         0  stubs.o ABSOLUTE
    _printf_d                                0x00000000   Number         0  stubs.o ABSOLUTE
    _printf_e                                0x00000000   Number         0  stubs.o ABSOLUTE
    _printf_f                                0x00000000   Number         0  stubs.o ABSOLUTE
    _printf_flags                            0x00000000   Number         0  stubs.o ABSOLUTE
    _printf_fp_dec                           0x00000000   Number         0  stubs.o ABSOLUTE
    _printf_fp_hex                           0x00000000   Number         0  stubs.o ABSOLUTE
    _printf_g                                0x00000000   Number         0  stubs.o ABSOLUTE
    _printf_i                                0x00000000   Number         0  stubs.o ABSOLUTE
    _printf_int_dec                          0x00000000   Number         0  stubs.o ABSOLUTE
    _printf_l                                0x00000000   Number         0  stubs.o ABSOLUTE
    _printf_lc                               0x00000000   Number         0  stubs.o ABSOLUTE
    _printf_ll                               0x00000000   Number         0  stubs.o ABSOLUTE
    _printf_lld                              0x00000000   Number         0  stubs.o ABSOLUTE
    _printf_lli                              0x00000000   Number         0  stubs.o ABSOLUTE
    _printf_llo                              0x00000000   Number         0  stubs.o ABSOLUTE
    _printf_llu                              0x00000000   Number         0  stubs.o ABSOLUTE
    _printf_llx                              0x00000000   Number         0  stubs.o ABSOLUTE
    _printf_longlong_dec                     0x00000000   Number         0  stubs.o ABSOLUTE
    _printf_longlong_hex                     0x00000000   Number         0  stubs.o ABSOLUTE
    _printf_longlong_oct                     0x00000000   Number         0  stubs.o ABSOLUTE
    _printf_ls                               0x00000000   Number         0  stubs.o ABSOLUTE
    _printf_mbtowc                           0x00000000   Number         0  stubs.o ABSOLUTE
    _printf_n                                0x00000000   Number         0  stubs.o ABSOLUTE
    _printf_o                                0x00000000   Number         0  stubs.o ABSOLUTE
    _printf_p                                0x00000000   Number         0  stubs.o ABSOLUTE
    _printf_percent                          0x00000000   Number         0  stubs.o ABSOLUTE
    _printf_pre_padding                      0x00000000   Number         0  stubs.o ABSOLUTE
    _printf_return_value                     0x00000000   Number         0  stubs.o ABSOLUTE
    _printf_s                                0x00000000   Number         0  stubs.o ABSOLUTE
    _printf_sizespec                         0x00000000   Number         0  stubs.o ABSOLUTE
    _printf_str                              0x00000000   Number         0  stubs.o ABSOLUTE
    _printf_truncate_signed                  0x00000000   Number         0  stubs.o ABSOLUTE
    _printf_truncate_unsigned                0x00000000   Number         0  stubs.o ABSOLUTE
    _printf_u                                0x00000000   Number         0  stubs.o ABSOLUTE
    _printf_wc                               0x00000000   Number         0  stubs.o ABSOLUTE
    _printf_wctomb                           0x00000000   Number         0  stubs.o ABSOLUTE
    _printf_widthprec                        0x00000000   Number         0  stubs.o ABSOLUTE
    _printf_x                                0x00000000   Number         0  stubs.o ABSOLUTE
    __cpp_initialize__aeabi_                  - Undefined Weak Reference
    __cxa_finalize                            - Undefined Weak Reference
    __decompress                              - Undefined Weak Reference
    _clock_init                               - Undefined Weak Reference
    _microlib_exit                            - Undefined Weak Reference
    _scanf_longlong                           - Undefined Weak Reference
    _scanf_real                               - Undefined Weak Reference
    __Vectors_Size                           0x00000130   Number         0  startup_stm32f10x_hd.o ABSOLUTE
    __Vectors                                0x08000000   Data           4  startup_stm32f10x_hd.o(RESET)
    __Vectors_End                            0x08000130   Data           0  startup_stm32f10x_hd.o(RESET)
    __main                                   0x08000131   Thumb Code     0  entry.o(.ARM.Collect$$$$00000000)
    _main_stk                                0x08000131   Thumb Code     0  entry2.o(.ARM.Collect$$$$00000001)
    _main_scatterload                        0x08000135   Thumb Code     0  entry5.o(.ARM.Collect$$$$00000004)
    __main_after_scatterload                 0x08000139   Thumb Code     0  entry5.o(.ARM.Collect$$$$00000004)
    _main_clock                              0x08000139   Thumb Code     0  entry7b.o(.ARM.Collect$$$$00000008)
    _main_cpp_init                           0x08000139   Thumb Code     0  entry8b.o(.ARM.Collect$$$$0000000A)
    _main_init                               0x08000139   Thumb Code     0  entry9a.o(.ARM.Collect$$$$0000000B)
    __rt_final_cpp                           0x08000141   Thumb Code     0  entry10a.o(.ARM.Collect$$$$0000000D)
    __rt_final_exit                          0x08000141   Thumb Code     0  entry11a.o(.ARM.Collect$$$$0000000F)
    MSR_MSP                                  0x08000145   Thumb Code     6  sys.o(.emb_text)
    Reset_Handler                            0x0800014d   Thumb Code     8  startup_stm32f10x_hd.o(.text)
    PendSV_Handler                           0x08000163   Thumb Code     2  startup_stm32f10x_hd.o(.text)
    ADC1_2_IRQHandler                        0x08000167   Thumb Code     0  startup_stm32f10x_hd.o(.text)
    ADC3_IRQHandler                          0x08000167   Thumb Code     0  startup_stm32f10x_hd.o(.text)
    CAN1_RX1_IRQHandler                      0x08000167   Thumb Code     0  startup_stm32f10x_hd.o(.text)
    CAN1_SCE_IRQHandler                      0x08000167   Thumb Code     0  startup_stm32f10x_hd.o(.text)
    DMA1_Channel1_IRQHandler                 0x08000167   Thumb Code     0  startup_stm32f10x_hd.o(.text)
    DMA1_Channel2_IRQHandler                 0x08000167   Thumb Code     0  startup_stm32f10x_hd.o(.text)
    DMA1_Channel3_IRQHandler                 0x08000167   Thumb Code     0  startup_stm32f10x_hd.o(.text)
    DMA1_Channel4_IRQHandler                 0x08000167   Thumb Code     0  startup_stm32f10x_hd.o(.text)
    DMA1_Channel5_IRQHandler                 0x08000167   Thumb Code     0  startup_stm32f10x_hd.o(.text)
    DMA1_Channel6_IRQHandler                 0x08000167   Thumb Code     0  startup_stm32f10x_hd.o(.text)
    DMA1_Channel7_IRQHandler                 0x08000167   Thumb Code     0  startup_stm32f10x_hd.o(.text)
    DMA2_Channel1_IRQHandler                 0x08000167   Thumb Code     0  startup_stm32f10x_hd.o(.text)
    DMA2_Channel2_IRQHandler                 0x08000167   Thumb Code     0  startup_stm32f10x_hd.o(.text)
    DMA2_Channel3_IRQHandler                 0x08000167   Thumb Code     0  startup_stm32f10x_hd.o(.text)
    DMA2_Channel4_5_IRQHandler               0x08000167   Thumb Code     0  startup_stm32f10x_hd.o(.text)
    EXTI15_10_IRQHandler                     0x08000167   Thumb Code     0  startup_stm32f10x_hd.o(.text)
    EXTI1_IRQHandler                         0x08000167   Thumb Code     0  startup_stm32f10x_hd.o(.text)
    EXTI2_IRQHandler                         0x08000167   Thumb Code     0  startup_stm32f10x_hd.o(.text)
    EXTI3_IRQHandler                         0x08000167   Thumb Code     0  startup_stm32f10x_hd.o(.text)
    EXTI4_IRQHandler                         0x08000167   Thumb Code     0  startup_stm32f10x_hd.o(.text)
    EXTI9_5_IRQHandler                       0x08000167   Thumb Code     0  startup_stm32f10x_hd.o(.text)
    FLASH_IRQHandler                         0x08000167   Thumb Code     0  startup_stm32f10x_hd.o(.text)
    FSMC_IRQHandler                          0x08000167   Thumb Code     0  startup_stm32f10x_hd.o(.text)
    I2C1_ER_IRQHandler                       0x08000167   Thumb Code     0  startup_stm32f10x_hd.o(.text)
    I2C1_EV_IRQHandler                       0x08000167   Thumb Code     0  startup_stm32f10x_hd.o(.text)
    I2C2_ER_IRQHandler                       0x08000167   Thumb Code     0  startup_stm32f10x_hd.o(.text)
    I2C2_EV_IRQHandler                       0x08000167   Thumb Code     0  startup_stm32f10x_hd.o(.text)
    PVD_IRQHandler                           0x08000167   Thumb Code     0  startup_stm32f10x_hd.o(.text)
    RCC_IRQHandler                           0x08000167   Thumb Code     0  startup_stm32f10x_hd.o(.text)
    RTCAlarm_IRQHandler                      0x08000167   Thumb Code     0  startup_stm32f10x_hd.o(.text)
    SDIO_IRQHandler                          0x08000167   Thumb Code     0  startup_stm32f10x_hd.o(.text)
    SPI1_IRQHandler                          0x08000167   Thumb Code     0  startup_stm32f10x_hd.o(.text)
    SPI2_IRQHandler                          0x08000167   Thumb Code     0  startup_stm32f10x_hd.o(.text)
    SPI3_IRQHandler                          0x08000167   Thumb Code     0  startup_stm32f10x_hd.o(.text)
    TAMPER_IRQHandler                        0x08000167   Thumb Code     0  startup_stm32f10x_hd.o(.text)
    TIM1_BRK_IRQHandler                      0x08000167   Thumb Code     0  startup_stm32f10x_hd.o(.text)
    TIM1_CC_IRQHandler                       0x08000167   Thumb Code     0  startup_stm32f10x_hd.o(.text)
    TIM1_TRG_COM_IRQHandler                  0x08000167   Thumb Code     0  startup_stm32f10x_hd.o(.text)
    TIM1_UP_IRQHandler                       0x08000167   Thumb Code     0  startup_stm32f10x_hd.o(.text)
    TIM2_IRQHandler                          0x08000167   Thumb Code     0  startup_stm32f10x_hd.o(.text)
    TIM4_IRQHandler                          0x08000167   Thumb Code     0  startup_stm32f10x_hd.o(.text)
    TIM5_IRQHandler                          0x08000167   Thumb Code     0  startup_stm32f10x_hd.o(.text)
    TIM6_IRQHandler                          0x08000167   Thumb Code     0  startup_stm32f10x_hd.o(.text)
    TIM7_IRQHandler                          0x08000167   Thumb Code     0  startup_stm32f10x_hd.o(.text)
    TIM8_BRK_IRQHandler                      0x08000167   Thumb Code     0  startup_stm32f10x_hd.o(.text)
    TIM8_CC_IRQHandler                       0x08000167   Thumb Code     0  startup_stm32f10x_hd.o(.text)
    TIM8_TRG_COM_IRQHandler                  0x08000167   Thumb Code     0  startup_stm32f10x_hd.o(.text)
    TIM8_UP_IRQHandler                       0x08000167   Thumb Code     0  startup_stm32f10x_hd.o(.text)
    UART4_IRQHandler                         0x08000167   Thumb Code     0  startup_stm32f10x_hd.o(.text)
    UART5_IRQHandler                         0x08000167   Thumb Code     0  startup_stm32f10x_hd.o(.text)
    USART3_IRQHandler                        0x08000167   Thumb Code     0  startup_stm32f10x_hd.o(.text)
    USBWakeUp_IRQHandler                     0x08000167   Thumb Code     0  startup_stm32f10x_hd.o(.text)
    USB_HP_CAN1_TX_IRQHandler                0x08000167   Thumb Code     0  startup_stm32f10x_hd.o(.text)
    USB_LP_CAN1_RX0_IRQHandler               0x08000167   Thumb Code     0  startup_stm32f10x_hd.o(.text)
    WWDG_IRQHandler                          0x08000167   Thumb Code     0  startup_stm32f10x_hd.o(.text)
    __aeabi_memcpy                           0x08000171   Thumb Code    36  memcpya.o(.text)
    __aeabi_memcpy4                          0x08000171   Thumb Code     0  memcpya.o(.text)
    __aeabi_memcpy8                          0x08000171   Thumb Code     0  memcpya.o(.text)
    __aeabi_memset                           0x08000195   Thumb Code    14  memseta.o(.text)
    __aeabi_memset4                          0x08000195   Thumb Code     0  memseta.o(.text)
    __aeabi_memset8                          0x08000195   Thumb Code     0  memseta.o(.text)
    __aeabi_memclr                           0x080001a3   Thumb Code     4  memseta.o(.text)
    __aeabi_memclr4                          0x080001a3   Thumb Code     0  memseta.o(.text)
    __aeabi_memclr8                          0x080001a3   Thumb Code     0  memseta.o(.text)
    _memset$wrapper                          0x080001a7   Thumb Code    18  memseta.o(.text)
    strcat                                   0x080001b9   Thumb Code    24  strcat.o(.text)
    strstr                                   0x080001d1   Thumb Code    36  strstr.o(.text)
    strchr                                   0x080001f5   Thumb Code    20  strchr.o(.text)
    strlen                                   0x08000209   Thumb Code    14  strlen.o(.text)
    strncat                                  0x08000217   Thumb Code    40  strncat.o(.text)
    strcpy                                   0x0800023f   Thumb Code    18  strcpy.o(.text)
    atoi                                     0x08000251   Thumb Code    26  atoi.o(.text)
    __aeabi_dadd                             0x0800026b   Thumb Code   322  dadd.o(.text)
    __aeabi_dsub                             0x080003ad   Thumb Code     6  dadd.o(.text)
    __aeabi_drsub                            0x080003b3   Thumb Code     6  dadd.o(.text)
    __aeabi_dmul                             0x080003b9   Thumb Code   228  dmul.o(.text)
    __aeabi_uidiv                            0x0800049d   Thumb Code     0  uidiv.o(.text)
    __aeabi_uidivmod                         0x0800049d   Thumb Code    44  uidiv.o(.text)
    __aeabi_uldivmod                         0x080004c9   Thumb Code    98  uldiv.o(.text)
    __aeabi_llsl                             0x0800052b   Thumb Code    30  llshl.o(.text)
    _ll_shift_l                              0x0800052b   Thumb Code     0  llshl.o(.text)
    __aeabi_lasr                             0x08000549   Thumb Code    36  llsshr.o(.text)
    _ll_sshift_r                             0x08000549   Thumb Code     0  llsshr.o(.text)
    _chval                                   0x0800056d   Thumb Code    28  _chval.o(.text)
    strtol                                   0x08000589   Thumb Code   112  strtol.o(.text)
    __I$use$fp                               0x080005f9   Thumb Code     0  iusefp.o(.text)
    _double_round                            0x080005f9   Thumb Code    30  depilogue.o(.text)
    _double_epilogue                         0x08000617   Thumb Code   156  depilogue.o(.text)
    __aeabi_ddiv                             0x080006b3   Thumb Code   222  ddiv.o(.text)
    __aeabi_d2ulz                            0x08000791   Thumb Code    48  dfixul.o(.text)
    __aeabi_cdrcmple                         0x080007c1   Thumb Code    48  cdrcmple.o(.text)
    __scatterload                            0x080007f1   Thumb Code    28  init.o(.text)
    __scatterload_rt2                        0x080007f1   Thumb Code     0  init.o(.text)
    __aeabi_llsr                             0x08000815   Thumb Code    32  llushr.o(.text)
    _ll_ushift_r                             0x08000815   Thumb Code     0  llushr.o(.text)
    __rt_ctype_table                         0x08000835   Thumb Code     4  ctype_o.o(.text)
    _strtoul                                 0x0800083d   Thumb Code   158  _strtoul.o(.text)
    BASE64_Decode                            0x080008dd   Thumb Code   360  base64.o(i.BASE64_Decode)
    BASE64_Encode                            0x08000a49   Thumb Code   320  base64.o(i.BASE64_Encode)
    BootStatus_Send                          0x08000b8d   Thumb Code    58  onenet.o(i.BootStatus_Send)
    BusFault_Handler                         0x08000bfd   Thumb Code    12  stm32f10x_it.o(i.BusFault_Handler)
    DebugMon_Handler                         0x08000c49   Thumb Code     2  stm32f10x_it.o(i.DebugMon_Handler)
    DelayXms                                 0x08000c4d   Thumb Code    66  delay.o(i.DelayXms)
    Delay_Init                               0x08000c95   Thumb Code    48  delay.o(i.Delay_Init)
    ESP8266_Clear                            0x08000ccd   Thumb Code    20  esp8266.o(i.ESP8266_Clear)
    ESP8266_GetIPD                           0x08000ce9   Thumb Code    50  esp8266.o(i.ESP8266_GetIPD)
    ESP8266_Init                             0x08000d29   Thumb Code   172  esp8266.o(i.ESP8266_Init)
    ESP8266_MQTTIPD                          0x08000e79   Thumb Code    68  esp8266.o(i.ESP8266_MQTTIPD)
    ESP8266_SendCmd                          0x08000ec9   Thumb Code    76  esp8266.o(i.ESP8266_SendCmd)
    ESP8266_SendData                         0x08000f1d   Thumb Code    46  esp8266.o(i.ESP8266_SendData)
    ESP8266_WaitRecive                       0x08000f65   Thumb Code    42  esp8266.o(i.ESP8266_WaitRecive)
    EXTI0_IRQHandler                         0x08000f99   Thumb Code     2  stm32f10x_it.o(i.EXTI0_IRQHandler)
    FLASH_ErasePage                          0x08000f9d   Thumb Code    72  stm32f10x_flash.o(i.FLASH_ErasePage)
    FLASH_GetBank1Status                     0x08000fe9   Thumb Code    48  stm32f10x_flash.o(i.FLASH_GetBank1Status)
    FLASH_Lock                               0x0800101d   Thumb Code    14  stm32f10x_flash.o(i.FLASH_Lock)
    FLASH_PrefetchBufferCmd                  0x08001031   Thumb Code    22  stm32f10x_flash.o(i.FLASH_PrefetchBufferCmd)
    FLASH_ProgramHalfWord                    0x0800104d   Thumb Code    60  stm32f10x_flash.o(i.FLASH_ProgramHalfWord)
    FLASH_SetLatency                         0x0800108d   Thumb Code    18  stm32f10x_flash.o(i.FLASH_SetLatency)
    FLASH_Unlock                             0x080010a5   Thumb Code    12  stm32f10x_flash.o(i.FLASH_Unlock)
    FLASH_WaitForLastOperation               0x080010bd   Thumb Code    38  stm32f10x_flash.o(i.FLASH_WaitForLastOperation)
    GPIO_Configuration                       0x080010e5   Thumb Code   312  main.o(i.GPIO_Configuration)
    GPIO_Init                                0x08001231   Thumb Code   278  stm32f10x_gpio.o(i.GPIO_Init)
    GPIO_PinRemapConfig                      0x08001349   Thumb Code   138  stm32f10x_gpio.o(i.GPIO_PinRemapConfig)
    GPIO_WriteBit                            0x080013d9   Thumb Code    10  stm32f10x_gpio.o(i.GPIO_WriteBit)
    GetPkgData_andCheck                      0x080013e5   Thumb Code   134  onenethttp.o(i.GetPkgData_andCheck)
    GetXmlData_andCheck                      0x08001489   Thumb Code   158  onenethttp.o(i.GetXmlData_andCheck)
    Get_Splice_Points                        0x0800154d   Thumb Code   192  onenethttp.o(i.Get_Splice_Points)
    HardFault_Handler                        0x08001615   Thumb Code    12  stm32f10x_it.o(i.HardFault_Handler)
    Hardware_Init                            0x08001661   Thumb Code    92  main.o(i.Hardware_Init)
    LedF6_Set                                0x080016dd   Thumb Code    32  led.o(i.LedF6_Set)
    LedF7_Set                                0x08001701   Thumb Code    32  led.o(i.LedF7_Set)
    LedF8_Set                                0x08001725   Thumb Code    34  led.o(i.LedF8_Set)
    LedF9_Set                                0x0800174d   Thumb Code    34  led.o(i.LedF9_Set)
    Led_Init                                 0x08001775   Thumb Code    28  led.o(i.Led_Init)
    MQTT_DeleteBuffer                        0x08001791   Thumb Code    28  mqttkit.o(i.MQTT_DeleteBuffer)
    MQTT_DumpLength                          0x080017ad   Thumb Code    46  mqttkit.o(i.MQTT_DumpLength)
    MQTT_NewBuffer                           0x080017db   Thumb Code    88  mqttkit.o(i.MQTT_NewBuffer)
    MQTT_PacketConnect                       0x08001835   Thumb Code   666  mqttkit.o(i.MQTT_PacketConnect)
    MQTT_PacketPing                          0x08001ad5   Thumb Code    48  mqttkit.o(i.MQTT_PacketPing)
    MQTT_PacketPublish                       0x08001b05   Thumb Code   440  mqttkit.o(i.MQTT_PacketPublish)
    MQTT_PacketSaveData                      0x08001cbd   Thumb Code    68  mqttkit.o(i.MQTT_PacketSaveData)
    MQTT_PacketSubscribe                     0x08001d19   Thumb Code   254  mqttkit.o(i.MQTT_PacketSubscribe)
    MQTT_ReadLength                          0x08001e17   Thumb Code    70  mqttkit.o(i.MQTT_ReadLength)
    MQTT_UnPacketConnectAck                  0x08001e5d   Thumb Code    30  mqttkit.o(i.MQTT_UnPacketConnectAck)
    MQTT_UnPacketPing                        0x08001e7b   Thumb Code    14  mqttkit.o(i.MQTT_UnPacketPing)
    MQTT_UnPacketPublish                     0x08001e89   Thumb Code   438  mqttkit.o(i.MQTT_UnPacketPublish)
    MQTT_UnPacketPublishAck                  0x08002049   Thumb Code    30  mqttkit.o(i.MQTT_UnPacketPublishAck)
    MQTT_UnPacketRecv                        0x08002069   Thumb Code   106  mqttkit.o(i.MQTT_UnPacketRecv)
    MQTT_UnPacketSubscribe                   0x080020dd   Thumb Code    52  mqttkit.o(i.MQTT_UnPacketSubscribe)
    MemManage_Handler                        0x08002111   Thumb Code    12  stm32f10x_it.o(i.MemManage_Handler)
    Merge_Pkg                                0x0800215d   Thumb Code   152  onenethttp.o(i.Merge_Pkg)
    NMI_Handler                              0x080021fd   Thumb Code     2  stm32f10x_it.o(i.NMI_Handler)
    NVIC_Init                                0x08002201   Thumb Code   100  misc.o(i.NVIC_Init)
    NVIC_PriorityGroupConfig                 0x08002271   Thumb Code    10  misc.o(i.NVIC_PriorityGroupConfig)
    OneNET_Publish                           0x08002539   Thumb Code    86  onenet.o(i.OneNET_Publish)
    OneNET_Subscribe                         0x080025b5   Thumb Code    90  onenet.o(i.OneNET_Subscribe)
    OneNet_DevLink                           0x0800262d   Thumb Code   242  onenet.o(i.OneNet_DevLink)
    OneNet_FillBuf                           0x080028a9   Thumb Code   126  onenet.o(i.OneNet_FillBuf)
    OneNet_FillBuf_Get                       0x080029a1   Thumb Code    30  onenethttp.o(i.OneNet_FillBuf_Get)
    OneNet_RevPro                            0x080029c9   Thumb Code   514  onenet.o(i.OneNet_RevPro)
    OneNet_RevPro_HTTP                       0x08002cd5   Thumb Code    82  onenethttp.o(i.OneNet_RevPro_HTTP)
    OneNet_SendData                          0x08002d31   Thumb Code   130  onenet.o(i.OneNet_SendData)
    OneNet_SendData_Get                      0x08002e19   Thumb Code    54  onenethttp.o(i.OneNet_SendData_Get)
    OneNet_ping                              0x08002e5d   Thumb Code    38  onenet.o(i.OneNet_ping)
    RCC_AHBPeriphClockCmd                    0x08002e85   Thumb Code    26  stm32f10x_rcc.o(i.RCC_AHBPeriphClockCmd)
    RCC_APB1PeriphClockCmd                   0x08002ea5   Thumb Code    26  stm32f10x_rcc.o(i.RCC_APB1PeriphClockCmd)
    RCC_APB2PeriphClockCmd                   0x08002ec5   Thumb Code    26  stm32f10x_rcc.o(i.RCC_APB2PeriphClockCmd)
    RCC_Configuration                        0x08002ee5   Thumb Code   136  main.o(i.RCC_Configuration)
    RCC_DeInit                               0x08002f6d   Thumb Code    64  stm32f10x_rcc.o(i.RCC_DeInit)
    RCC_GetClocksFreq                        0x08002fb9   Thumb Code   192  stm32f10x_rcc.o(i.RCC_GetClocksFreq)
    RCC_GetFlagStatus                        0x0800308d   Thumb Code    56  stm32f10x_rcc.o(i.RCC_GetFlagStatus)
    RCC_GetSYSCLKSource                      0x080030c9   Thumb Code    10  stm32f10x_rcc.o(i.RCC_GetSYSCLKSource)
    RCC_HCLKConfig                           0x080030d9   Thumb Code    18  stm32f10x_rcc.o(i.RCC_HCLKConfig)
    RCC_HSEConfig                            0x080030f1   Thumb Code    70  stm32f10x_rcc.o(i.RCC_HSEConfig)
    RCC_PCLK1Config                          0x0800313d   Thumb Code    18  stm32f10x_rcc.o(i.RCC_PCLK1Config)
    RCC_PCLK2Config                          0x08003155   Thumb Code    20  stm32f10x_rcc.o(i.RCC_PCLK2Config)
    RCC_PLLCmd                               0x0800316d   Thumb Code     6  stm32f10x_rcc.o(i.RCC_PLLCmd)
    RCC_PLLConfig                            0x08003179   Thumb Code    24  stm32f10x_rcc.o(i.RCC_PLLConfig)
    RCC_SYSCLKConfig                         0x08003195   Thumb Code    18  stm32f10x_rcc.o(i.RCC_SYSCLKConfig)
    RCC_WaitForHSEStartUp                    0x080031ad   Thumb Code    56  stm32f10x_rcc.o(i.RCC_WaitForHSEStartUp)
    RTC_IRQHandler                           0x080031e5   Thumb Code     2  stm32f10x_it.o(i.RTC_IRQHandler)
    SVC_Handler                              0x080031e7   Thumb Code     2  stm32f10x_it.o(i.SVC_Handler)
    SysTick_Handler                          0x080032d1   Thumb Code     2  stm32f10x_it.o(i.SysTick_Handler)
    SystemInit                               0x080032d5   Thumb Code    78  system_stm32f10x.o(i.SystemInit)
    TIM3_IRQHandler                          0x08003335   Thumb Code    32  timer.o(i.TIM3_IRQHandler)
    TIM3_Int_Init                            0x0800335d   Thumb Code    90  timer.o(i.TIM3_Int_Init)
    TIM_ClearITPendingBit                    0x080033bd   Thumb Code     6  stm32f10x_tim.o(i.TIM_ClearITPendingBit)
    TIM_Cmd                                  0x080033c3   Thumb Code    24  stm32f10x_tim.o(i.TIM_Cmd)
    TIM_GetITStatus                          0x080033db   Thumb Code    34  stm32f10x_tim.o(i.TIM_GetITStatus)
    TIM_ITConfig                             0x080033fd   Thumb Code    18  stm32f10x_tim.o(i.TIM_ITConfig)
    TIM_TimeBaseInit                         0x08003411   Thumb Code   122  stm32f10x_tim.o(i.TIM_TimeBaseInit)
    USART1_IRQHandler                        0x080034b5   Thumb Code    24  usart.o(i.USART1_IRQHandler)
    USART2_IRQHandler                        0x080034d1   Thumb Code    64  esp8266.o(i.USART2_IRQHandler)
    USART_ClearFlag                          0x0800351d   Thumb Code    18  stm32f10x_usart.o(i.USART_ClearFlag)
    USART_Cmd                                0x0800352f   Thumb Code    24  stm32f10x_usart.o(i.USART_Cmd)
    USART_GetFlagStatus                      0x08003547   Thumb Code    26  stm32f10x_usart.o(i.USART_GetFlagStatus)
    USART_GetITStatus                        0x08003561   Thumb Code    84  stm32f10x_usart.o(i.USART_GetITStatus)
    USART_ITConfig                           0x080035b5   Thumb Code    74  stm32f10x_usart.o(i.USART_ITConfig)
    USART_Init                               0x08003601   Thumb Code   210  stm32f10x_usart.o(i.USART_Init)
    USART_SendData                           0x080036d9   Thumb Code     8  stm32f10x_usart.o(i.USART_SendData)
    UsageFault_Handler                       0x080036e1   Thumb Code    12  stm32f10x_it.o(i.UsageFault_Handler)
    Usart1_Init                              0x08003731   Thumb Code    96  usart.o(i.Usart1_Init)
    Usart2_Init                              0x08003795   Thumb Code   162  usart.o(i.Usart2_Init)
    UsartPrintf                              0x08003841   Thumb Code    72  usart.o(i.UsartPrintf)
    Usart_SendString                         0x08003889   Thumb Code    50  usart.o(i.Usart_SendString)
    __0snprintf                              0x080038bd   Thumb Code    36  printfa.o(i.__0snprintf)
    __1snprintf                              0x080038bd   Thumb Code     0  printfa.o(i.__0snprintf)
    __2snprintf                              0x080038bd   Thumb Code     0  printfa.o(i.__0snprintf)
    __c89snprintf                            0x080038bd   Thumb Code     0  printfa.o(i.__0snprintf)
    snprintf                                 0x080038bd   Thumb Code     0  printfa.o(i.__0snprintf)
    __0sprintf                               0x080038e5   Thumb Code    34  printfa.o(i.__0sprintf)
    __1sprintf                               0x080038e5   Thumb Code     0  printfa.o(i.__0sprintf)
    __2sprintf                               0x080038e5   Thumb Code     0  printfa.o(i.__0sprintf)
    __c89sprintf                             0x080038e5   Thumb Code     0  printfa.o(i.__0sprintf)
    sprintf                                  0x080038e5   Thumb Code     0  printfa.o(i.__0sprintf)
    __0vsnprintf                             0x0800390d   Thumb Code    32  printfa.o(i.__0vsnprintf)
    __1vsnprintf                             0x0800390d   Thumb Code     0  printfa.o(i.__0vsnprintf)
    __2vsnprintf                             0x0800390d   Thumb Code     0  printfa.o(i.__0vsnprintf)
    __c89vsnprintf                           0x0800390d   Thumb Code     0  printfa.o(i.__0vsnprintf)
    vsnprintf                                0x0800390d   Thumb Code     0  printfa.o(i.__0vsnprintf)
    __aeabi_errno_addr                       0x08003931   Thumb Code     4  errno.o(i.__aeabi_errno_addr)
    __rt_errno_addr                          0x08003931   Thumb Code     0  errno.o(i.__aeabi_errno_addr)
    __scatterload_copy                       0x08003939   Thumb Code    14  handlers.o(i.__scatterload_copy)
    __scatterload_null                       0x08003947   Thumb Code     2  handlers.o(i.__scatterload_null)
    __scatterload_zeroinit                   0x08003949   Thumb Code    14  handlers.o(i.__scatterload_zeroinit)
    bitop                                    0x0800420b   Thumb Code    26  onenethttp.o(i.bitop)
    free                                     0x08004225   Thumb Code    76  malloc.o(i.free)
    ft                                       0x08004275   Thumb Code    76  hmac_sha1.o(i.ft)
    hmac_sha1                                0x080042c1   Thumb Code   330  hmac_sha1.o(i.hmac_sha1)
    iap_load_app                             0x0800440d   Thumb Code   114  iap.o(i.iap_load_app)
    iap_write_appbin                         0x08004491   Thumb Code   160  iap.o(i.iap_write_appbin)
    k                                        0x08004535   Thumb Code    34  hmac_sha1.o(i.k)
    main                                     0x08004569   Thumb Code   870  main.o(i.main)
    malloc                                   0x08004991   Thumb Code    92  malloc.o(i.malloc)
    rotl                                     0x080049fd   Thumb Code    46  hmac_sha1.o(i.rotl)
    sha1                                     0x08004a2d   Thumb Code   632  hmac_sha1.o(i.sha1)
    __ctype_table                            0x08004d70   Data         129  ctype_o.o(.constdata)
    Region$$Table$$Base                      0x08004f2c   Number         0  anon$$obj.o(Region$$Table)
    Region$$Table$$Limit                     0x08004f4c   Number         0  anon$$obj.o(Region$$Table)
    UsCount                                  0x20000014   Data           1  delay.o(.data)
    MsCount                                  0x20000016   Data           2  delay.o(.data)
    TickMs                                   0x20000018   Data           4  timer.o(.data)
    power                                    0x20000020   Data           8  main.o(.data)
    temperatrue                              0x20000028   Data           8  main.o(.data)
    GPIO_InitStructure                       0x20000030   Data           4  main.o(.data)
    UPSTART                                  0x20000034   Data           1  main.o(.data)
    Pkg_Count                                0x20000035   Data           1  main.o(.data)
    Pkg_Index                                0x20000036   Data           1  main.o(.data)
    APPLength                                0x20000038   Data           4  main.o(.data)
    Load_Finish                              0x2000003c   Data           4  main.o(.data)
    Flash_AddrOffset                         0x20000040   Data           4  main.o(.data)
    Software_Ver                             0x20000044   Data           4  main.o(.data)
    Compiler_Date                            0x20000048   Data           4  main.o(.data)
    Xml_Err                                  0x2000004c   Data           1  main.o(.data)
    BootStatus                               0x2000004e   Data           2  main.o(.data)
    esp8266_cnt                              0x20000052   Data           2  esp8266.o(.data)
    esp8266_cntPre                           0x20000054   Data           2  esp8266.o(.data)
    jump2app                                 0x20000058   Data           4  iap.o(.data)
    __microlib_freelist                      0x2000005c   Data           4  mvars.o(.data)
    __microlib_freelist_initialised          0x20000060   Data           4  mvars.o(.data)
    Xml_Data                                 0x20000068   Data          44  main.o(.bss)
    AppPkg_Data                              0x20000094   Data          24  onenethttp.o(.bss)
    Appdata_buf                              0x200000ac   Data       20480  onenethttp.o(.bss)
    esp8266_buf                              0x200050ac   Data       20480  esp8266.o(.bss)
    __heap_base                              0x2000a0b0   Data           0  startup_stm32f10x_hd.o(HEAP)
    __heap_limit                             0x2000b0b0   Data           0  startup_stm32f10x_hd.o(HEAP)
    __initial_sp                             0x2000c0b0   Data           0  startup_stm32f10x_hd.o(STACK)



==============================================================================

Memory Map of the image

  Image Entry point : 0x08000131

  Load Region LR_IROM1 (Base: 0x08000000, Size: 0x00004fb4, Max: 0x00008000, ABSOLUTE)

    Execution Region ER_IROM1 (Base: 0x08000000, Size: 0x00004f4c, Max: 0x00008000, ABSOLUTE)

    Base Addr    Size         Type   Attr      Idx    E Section Name        Object

    0x08000000   0x00000130   Data   RO          209    RESET               startup_stm32f10x_hd.o
    0x08000130   0x00000000   Code   RO         2448  * .ARM.Collect$$$$00000000  mc_w.l(entry.o)
    0x08000130   0x00000004   Code   RO         2778    .ARM.Collect$$$$00000001  mc_w.l(entry2.o)
    0x08000134   0x00000004   Code   RO         2781    .ARM.Collect$$$$00000004  mc_w.l(entry5.o)
    0x08000138   0x00000000   Code   RO         2783    .ARM.Collect$$$$00000008  mc_w.l(entry7b.o)
    0x08000138   0x00000000   Code   RO         2785    .ARM.Collect$$$$0000000A  mc_w.l(entry8b.o)
    0x08000138   0x00000008   Code   RO         2786    .ARM.Collect$$$$0000000B  mc_w.l(entry9a.o)
    0x08000140   0x00000000   Code   RO         2788    .ARM.Collect$$$$0000000D  mc_w.l(entry10a.o)
    0x08000140   0x00000000   Code   RO         2790    .ARM.Collect$$$$0000000F  mc_w.l(entry11a.o)
    0x08000140   0x00000004   Code   RO         2779    .ARM.Collect$$$$00002712  mc_w.l(entry2.o)
    0x08000144   0x00000006   Code   RO         2417    .emb_text           sys.o
    0x0800014a   0x00000002   PAD
    0x0800014c   0x00000024   Code   RO          210    .text               startup_stm32f10x_hd.o
    0x08000170   0x00000024   Code   RO         2451    .text               mc_w.l(memcpya.o)
    0x08000194   0x00000024   Code   RO         2453    .text               mc_w.l(memseta.o)
    0x080001b8   0x00000018   Code   RO         2455    .text               mc_w.l(strcat.o)
    0x080001d0   0x00000024   Code   RO         2457    .text               mc_w.l(strstr.o)
    0x080001f4   0x00000014   Code   RO         2459    .text               mc_w.l(strchr.o)
    0x08000208   0x0000000e   Code   RO         2461    .text               mc_w.l(strlen.o)
    0x08000216   0x00000028   Code   RO         2463    .text               mc_w.l(strncat.o)
    0x0800023e   0x00000012   Code   RO         2465    .text               mc_w.l(strcpy.o)
    0x08000250   0x0000001a   Code   RO         2764    .text               mc_w.l(atoi.o)
    0x0800026a   0x0000014e   Code   RO         2766    .text               mf_w.l(dadd.o)
    0x080003b8   0x000000e4   Code   RO         2768    .text               mf_w.l(dmul.o)
    0x0800049c   0x0000002c   Code   RO         2795    .text               mc_w.l(uidiv.o)
    0x080004c8   0x00000062   Code   RO         2797    .text               mc_w.l(uldiv.o)
    0x0800052a   0x0000001e   Code   RO         2799    .text               mc_w.l(llshl.o)
    0x08000548   0x00000024   Code   RO         2801    .text               mc_w.l(llsshr.o)
    0x0800056c   0x0000001c   Code   RO         2812    .text               mc_w.l(_chval.o)
    0x08000588   0x00000070   Code   RO         2818    .text               mc_w.l(strtol.o)
    0x080005f8   0x00000000   Code   RO         2820    .text               mc_w.l(iusefp.o)
    0x080005f8   0x000000ba   Code   RO         2823    .text               mf_w.l(depilogue.o)
    0x080006b2   0x000000de   Code   RO         2825    .text               mf_w.l(ddiv.o)
    0x08000790   0x00000030   Code   RO         2827    .text               mf_w.l(dfixul.o)
    0x080007c0   0x00000030   Code   RO         2829    .text               mf_w.l(cdrcmple.o)
    0x080007f0   0x00000024   Code   RO         2831    .text               mc_w.l(init.o)
    0x08000814   0x00000020   Code   RO         2834    .text               mc_w.l(llushr.o)
    0x08000834   0x00000008   Code   RO         2838    .text               mc_w.l(ctype_o.o)
    0x0800083c   0x0000009e   Code   RO         2868    .text               mc_w.l(_strtoul.o)
    0x080008da   0x00000002   PAD
    0x080008dc   0x0000016c   Code   RO         1887    i.BASE64_Decode     base64.o
    0x08000a48   0x00000144   Code   RO         1888    i.BASE64_Encode     base64.o
    0x08000b8c   0x00000070   Code   RO         1972    i.BootStatus_Send   onenet.o
    0x08000bfc   0x0000004c   Code   RO          130    i.BusFault_Handler  stm32f10x_it.o
    0x08000c48   0x00000002   Code   RO          131    i.DebugMon_Handler  stm32f10x_it.o
    0x08000c4a   0x00000002   PAD
    0x08000c4c   0x00000048   Code   RO         1494    i.DelayXms          delay.o
    0x08000c94   0x00000038   Code   RO         1495    i.Delay_Init        delay.o
    0x08000ccc   0x0000001c   Code   RO         2321    i.ESP8266_Clear     esp8266.o
    0x08000ce8   0x00000040   Code   RO         2322    i.ESP8266_GetIPD    esp8266.o
    0x08000d28   0x00000150   Code   RO         2324    i.ESP8266_Init      esp8266.o
    0x08000e78   0x00000050   Code   RO         2325    i.ESP8266_MQTTIPD   esp8266.o
    0x08000ec8   0x00000054   Code   RO         2326    i.ESP8266_SendCmd   esp8266.o
    0x08000f1c   0x00000048   Code   RO         2327    i.ESP8266_SendData  esp8266.o
    0x08000f64   0x00000034   Code   RO         2328    i.ESP8266_WaitRecive  esp8266.o
    0x08000f98   0x00000002   Code   RO          132    i.EXTI0_IRQHandler  stm32f10x_it.o
    0x08000f9a   0x00000002   PAD
    0x08000f9c   0x0000004c   Code   RO         1323    i.FLASH_ErasePage   stm32f10x_flash.o
    0x08000fe8   0x00000034   Code   RO         1324    i.FLASH_GetBank1Status  stm32f10x_flash.o
    0x0800101c   0x00000014   Code   RO         1333    i.FLASH_Lock        stm32f10x_flash.o
    0x08001030   0x0000001c   Code   RO         1335    i.FLASH_PrefetchBufferCmd  stm32f10x_flash.o
    0x0800104c   0x00000040   Code   RO         1336    i.FLASH_ProgramHalfWord  stm32f10x_flash.o
    0x0800108c   0x00000018   Code   RO         1340    i.FLASH_SetLatency  stm32f10x_flash.o
    0x080010a4   0x00000018   Code   RO         1341    i.FLASH_Unlock      stm32f10x_flash.o
    0x080010bc   0x00000026   Code   RO         1345    i.FLASH_WaitForLastOperation  stm32f10x_flash.o
    0x080010e2   0x00000002   PAD
    0x080010e4   0x0000014c   Code   RO         1816    i.GPIO_Configuration  main.o
    0x08001230   0x00000116   Code   RO          662    i.GPIO_Init         stm32f10x_gpio.o
    0x08001346   0x00000002   PAD
    0x08001348   0x00000090   Code   RO          664    i.GPIO_PinRemapConfig  stm32f10x_gpio.o
    0x080013d8   0x0000000a   Code   RO          673    i.GPIO_WriteBit     stm32f10x_gpio.o
    0x080013e2   0x00000002   PAD
    0x080013e4   0x000000a4   Code   RO         2070    i.GetPkgData_andCheck  onenethttp.o
    0x08001488   0x000000c4   Code   RO         2071    i.GetXmlData_andCheck  onenethttp.o
    0x0800154c   0x000000c8   Code   RO         2072    i.Get_Splice_Points  onenethttp.o
    0x08001614   0x0000004c   Code   RO          133    i.HardFault_Handler  stm32f10x_it.o
    0x08001660   0x0000007c   Code   RO         1817    i.Hardware_Init     main.o
    0x080016dc   0x00000024   Code   RO         1747    i.LedF6_Set         led.o
    0x08001700   0x00000024   Code   RO         1748    i.LedF7_Set         led.o
    0x08001724   0x00000028   Code   RO         1749    i.LedF8_Set         led.o
    0x0800174c   0x00000028   Code   RO         1750    i.LedF9_Set         led.o
    0x08001774   0x0000001c   Code   RO         1751    i.Led_Init          led.o
    0x08001790   0x0000001c   Code   RO         2131    i.MQTT_DeleteBuffer  mqttkit.o
    0x080017ac   0x0000002e   Code   RO         2132    i.MQTT_DumpLength   mqttkit.o
    0x080017da   0x00000058   Code   RO         2133    i.MQTT_NewBuffer    mqttkit.o
    0x08001832   0x00000002   PAD
    0x08001834   0x000002a0   Code   RO         2135    i.MQTT_PacketConnect  mqttkit.o
    0x08001ad4   0x00000030   Code   RO         2137    i.MQTT_PacketPing   mqttkit.o
    0x08001b04   0x000001b8   Code   RO         2138    i.MQTT_PacketPublish  mqttkit.o
    0x08001cbc   0x0000005c   Code   RO         2144    i.MQTT_PacketSaveData  mqttkit.o
    0x08001d18   0x000000fe   Code   RO         2145    i.MQTT_PacketSubscribe  mqttkit.o
    0x08001e16   0x00000046   Code   RO         2147    i.MQTT_ReadLength   mqttkit.o
    0x08001e5c   0x0000001e   Code   RO         2149    i.MQTT_UnPacketConnectAck  mqttkit.o
    0x08001e7a   0x0000000e   Code   RO         2150    i.MQTT_UnPacketPing  mqttkit.o
    0x08001e88   0x000001c0   Code   RO         2151    i.MQTT_UnPacketPublish  mqttkit.o
    0x08002048   0x0000001e   Code   RO         2152    i.MQTT_UnPacketPublishAck  mqttkit.o
    0x08002066   0x00000002   PAD
    0x08002068   0x00000074   Code   RO         2156    i.MQTT_UnPacketRecv  mqttkit.o
    0x080020dc   0x00000034   Code   RO         2157    i.MQTT_UnPacketSubscribe  mqttkit.o
    0x08002110   0x0000004c   Code   RO          134    i.MemManage_Handler  stm32f10x_it.o
    0x0800215c   0x000000a0   Code   RO         2073    i.Merge_Pkg         onenethttp.o
    0x080021fc   0x00000002   Code   RO          135    i.NMI_Handler       stm32f10x_it.o
    0x080021fe   0x00000002   PAD
    0x08002200   0x00000070   Code   RO          214    i.NVIC_Init         misc.o
    0x08002270   0x00000014   Code   RO          215    i.NVIC_PriorityGroupConfig  misc.o
    0x08002284   0x00000118   Code   RO         1973    i.OTA_UrlEncode     onenet.o
    0x0800239c   0x0000019c   Code   RO         1974    i.OneNET_Authorization  onenet.o
    0x08002538   0x0000007c   Code   RO         1975    i.OneNET_Publish    onenet.o
    0x080025b4   0x00000078   Code   RO         1977    i.OneNET_Subscribe  onenet.o
    0x0800262c   0x0000027c   Code   RO         1978    i.OneNet_DevLink    onenet.o
    0x080028a8   0x000000f8   Code   RO         1979    i.OneNet_FillBuf    onenet.o
    0x080029a0   0x00000028   Code   RO         2074    i.OneNet_FillBuf_Get  onenethttp.o
    0x080029c8   0x0000030c   Code   RO         1980    i.OneNet_RevPro     onenet.o
    0x08002cd4   0x0000005c   Code   RO         2075    i.OneNet_RevPro_HTTP  onenethttp.o
    0x08002d30   0x000000e8   Code   RO         1981    i.OneNet_SendData   onenet.o
    0x08002e18   0x00000044   Code   RO         2076    i.OneNet_SendData_Get  onenethttp.o
    0x08002e5c   0x00000026   Code   RO         1982    i.OneNet_ping       onenet.o
    0x08002e82   0x00000002   PAD
    0x08002e84   0x00000020   Code   RO          277    i.RCC_AHBPeriphClockCmd  stm32f10x_rcc.o
    0x08002ea4   0x00000020   Code   RO          278    i.RCC_APB1PeriphClockCmd  stm32f10x_rcc.o
    0x08002ec4   0x00000020   Code   RO          280    i.RCC_APB2PeriphClockCmd  stm32f10x_rcc.o
    0x08002ee4   0x00000088   Code   RO         1818    i.RCC_Configuration  main.o
    0x08002f6c   0x0000004c   Code   RO          287    i.RCC_DeInit        stm32f10x_rcc.o
    0x08002fb8   0x000000d4   Code   RO          288    i.RCC_GetClocksFreq  stm32f10x_rcc.o
    0x0800308c   0x0000003c   Code   RO          289    i.RCC_GetFlagStatus  stm32f10x_rcc.o
    0x080030c8   0x00000010   Code   RO          291    i.RCC_GetSYSCLKSource  stm32f10x_rcc.o
    0x080030d8   0x00000018   Code   RO          292    i.RCC_HCLKConfig    stm32f10x_rcc.o
    0x080030f0   0x0000004c   Code   RO          293    i.RCC_HSEConfig     stm32f10x_rcc.o
    0x0800313c   0x00000018   Code   RO          299    i.RCC_PCLK1Config   stm32f10x_rcc.o
    0x08003154   0x00000018   Code   RO          300    i.RCC_PCLK2Config   stm32f10x_rcc.o
    0x0800316c   0x0000000c   Code   RO          301    i.RCC_PLLCmd        stm32f10x_rcc.o
    0x08003178   0x0000001c   Code   RO          302    i.RCC_PLLConfig     stm32f10x_rcc.o
    0x08003194   0x00000018   Code   RO          305    i.RCC_SYSCLKConfig  stm32f10x_rcc.o
    0x080031ac   0x00000038   Code   RO          307    i.RCC_WaitForHSEStartUp  stm32f10x_rcc.o
    0x080031e4   0x00000002   Code   RO          136    i.RTC_IRQHandler    stm32f10x_it.o
    0x080031e6   0x00000002   Code   RO          137    i.SVC_Handler       stm32f10x_it.o
    0x080031e8   0x00000008   Code   RO           17    i.SetSysClock       system_stm32f10x.o
    0x080031f0   0x000000e0   Code   RO           18    i.SetSysClockTo72   system_stm32f10x.o
    0x080032d0   0x00000002   Code   RO          138    i.SysTick_Handler   stm32f10x_it.o
    0x080032d2   0x00000002   PAD
    0x080032d4   0x00000060   Code   RO           20    i.SystemInit        system_stm32f10x.o
    0x08003334   0x00000028   Code   RO         1789    i.TIM3_IRQHandler   timer.o
    0x0800335c   0x00000060   Code   RO         1790    i.TIM3_Int_Init     timer.o
    0x080033bc   0x00000006   Code   RO          781    i.TIM_ClearITPendingBit  stm32f10x_tim.o
    0x080033c2   0x00000018   Code   RO          786    i.TIM_Cmd           stm32f10x_tim.o
    0x080033da   0x00000022   Code   RO          807    i.TIM_GetITStatus   stm32f10x_tim.o
    0x080033fc   0x00000012   Code   RO          811    i.TIM_ITConfig      stm32f10x_tim.o
    0x0800340e   0x00000002   PAD
    0x08003410   0x000000a4   Code   RO          857    i.TIM_TimeBaseInit  stm32f10x_tim.o
    0x080034b4   0x0000001c   Code   RO         1528    i.USART1_IRQHandler  usart.o
    0x080034d0   0x0000004c   Code   RO         2329    i.USART2_IRQHandler  esp8266.o
    0x0800351c   0x00000012   Code   RO          476    i.USART_ClearFlag   stm32f10x_usart.o
    0x0800352e   0x00000018   Code   RO          480    i.USART_Cmd         stm32f10x_usart.o
    0x08003546   0x0000001a   Code   RO          483    i.USART_GetFlagStatus  stm32f10x_usart.o
    0x08003560   0x00000054   Code   RO          484    i.USART_GetITStatus  stm32f10x_usart.o
    0x080035b4   0x0000004a   Code   RO          486    i.USART_ITConfig    stm32f10x_usart.o
    0x080035fe   0x00000002   PAD
    0x08003600   0x000000d8   Code   RO          487    i.USART_Init        stm32f10x_usart.o
    0x080036d8   0x00000008   Code   RO          497    i.USART_SendData    stm32f10x_usart.o
    0x080036e0   0x00000050   Code   RO          139    i.UsageFault_Handler  stm32f10x_it.o
    0x08003730   0x00000064   Code   RO         1529    i.Usart1_Init       usart.o
    0x08003794   0x000000ac   Code   RO         1530    i.Usart2_Init       usart.o
    0x08003840   0x00000048   Code   RO         1531    i.UsartPrintf       usart.o
    0x08003888   0x00000032   Code   RO         1532    i.Usart_SendString  usart.o
    0x080038ba   0x00000002   PAD
    0x080038bc   0x00000028   Code   RO         2703    i.__0snprintf       mc_w.l(printfa.o)
    0x080038e4   0x00000028   Code   RO         2704    i.__0sprintf        mc_w.l(printfa.o)
    0x0800390c   0x00000024   Code   RO         2707    i.__0vsnprintf      mc_w.l(printfa.o)
    0x08003930   0x00000008   Code   RO         2805    i.__aeabi_errno_addr  mc_w.l(errno.o)
    0x08003938   0x0000000e   Code   RO         2876    i.__scatterload_copy  mc_w.l(handlers.o)
    0x08003946   0x00000002   Code   RO         2877    i.__scatterload_null  mc_w.l(handlers.o)
    0x08003948   0x0000000e   Code   RO         2878    i.__scatterload_zeroinit  mc_w.l(handlers.o)
    0x08003956   0x00000002   PAD
    0x08003958   0x00000164   Code   RO         2709    i._fp_digits        mc_w.l(printfa.o)
    0x08003abc   0x000006dc   Code   RO         2710    i._printf_core      mc_w.l(printfa.o)
    0x08004198   0x00000024   Code   RO         2711    i._printf_post_padding  mc_w.l(printfa.o)
    0x080041bc   0x0000002e   Code   RO         2712    i._printf_pre_padding  mc_w.l(printfa.o)
    0x080041ea   0x00000016   Code   RO         2713    i._snputc           mc_w.l(printfa.o)
    0x08004200   0x0000000a   Code   RO         2714    i._sputc            mc_w.l(printfa.o)
    0x0800420a   0x0000001a   Code   RO         2077    i.bitop             onenethttp.o
    0x08004224   0x00000050   Code   RO         2730    i.free              mc_w.l(malloc.o)
    0x08004274   0x0000004c   Code   RO         1917    i.ft                hmac_sha1.o
    0x080042c0   0x0000014a   Code   RO         1918    i.hmac_sha1         hmac_sha1.o
    0x0800440a   0x00000002   PAD
    0x0800440c   0x00000084   Code   RO         2389    i.iap_load_app      iap.o
    0x08004490   0x000000a4   Code   RO         2390    i.iap_write_appbin  iap.o
    0x08004534   0x00000034   Code   RO         1919    i.k                 hmac_sha1.o
    0x08004568   0x00000428   Code   RO         1819    i.main              main.o
    0x08004990   0x0000006c   Code   RO         2731    i.malloc            mc_w.l(malloc.o)
    0x080049fc   0x0000002e   Code   RO         1920    i.rotl              hmac_sha1.o
    0x08004a2a   0x00000002   PAD
    0x08004a2c   0x00000284   Code   RO         1922    i.sha1              hmac_sha1.o
    0x08004cb0   0x000000c0   Data   RO         1889    .constdata          base64.o
    0x08004d70   0x00000081   Data   RO         2839    .constdata          mc_w.l(ctype_o.o)
    0x08004df1   0x00000003   PAD
    0x08004df4   0x00000004   Data   RO         2840    .constdata          mc_w.l(ctype_o.o)
    0x08004df8   0x00000047   Data   RO         1984    .conststring        onenet.o
    0x08004e3f   0x00000001   PAD
    0x08004e40   0x000000eb   Data   RO         2079    .conststring        onenethttp.o
    0x08004f2b   0x00000001   PAD
    0x08004f2c   0x00000020   Data   RO         2874    Region$$Table       anon$$obj.o


    Execution Region RW_IRAM1 (Base: 0x20000000, Size: 0x0000c0b0, Max: 0x00010000, ABSOLUTE)

    Base Addr    Size         Type   Attr      Idx    E Section Name        Object

    0x20000000   0x00000014   Data   RW          308    .data               stm32f10x_rcc.o
    0x20000014   0x00000004   Data   RW         1496    .data               delay.o
    0x20000018   0x00000004   Data   RW         1791    .data               timer.o
    0x2000001c   0x00000004   PAD
    0x20000020   0x00000030   Data   RW         1821    .data               main.o
    0x20000050   0x00000002   Data   RW         1985    .data               onenet.o
    0x20000052   0x00000004   Data   RW         2331    .data               esp8266.o
    0x20000056   0x00000002   PAD
    0x20000058   0x00000004   Data   RW         2391    .data               iap.o
    0x2000005c   0x00000004   Data   RW         2803    .data               mc_w.l(mvars.o)
    0x20000060   0x00000004   Data   RW         2804    .data               mc_w.l(mvars.o)
    0x20000064   0x00000004   Data   RW         2808    .data               mc_w.l(errno.o)
    0x20000068   0x0000002c   Zero   RW         1820    .bss                main.o
    0x20000094   0x00005018   Zero   RW         2078    .bss                onenethttp.o
    0x200050ac   0x00005000   Zero   RW         2330    .bss                esp8266.o
    0x2000a0ac   0x00000004   PAD
    0x2000a0b0   0x00001000   Zero   RW          208    HEAP                startup_stm32f10x_hd.o
    0x2000b0b0   0x00001000   Zero   RW          207    STACK               startup_stm32f10x_hd.o


==============================================================================

Image component sizes


      Code (inc. data)   RO Data    RW Data    ZI Data      Debug   Object Name

       688          8        192          0          0       3376   base64.o
         0          0          0          0          0       4524   core_cm3.o
       128         14          0          4          0       1238   delay.o
       792        254          0          4      20480       5381   esp8266.o
      1148         30          0          0          0       4143   hmac_sha1.o
       296         22          0          4          0      18028   iap.o
       180         20          0          0          0       2679   led.o
      1656        246          0         48         44      19528   main.o
       132         22          0          0          0     206099   misc.o
      2428         50          0          0          0      14154   mqttkit.o
      2982       1174         71          2          0       9360   onenet.o
       946        118        235          0      20504       6918   onenethttp.o
        36          8        304          0       8192        788   startup_stm32f10x_hd.o
       326         42          0          0          0       4131   stm32f10x_flash.o
       432          6          0          0          0       3166   stm32f10x_gpio.o
       320        260          0          0          0       4089   stm32f10x_it.o
       728         98          0         20          0      10294   stm32f10x_rcc.o
       246         42          0          0          0       3266   stm32f10x_tim.o
       450          6          0          0          0       5763   stm32f10x_usart.o
         6          0          0          0          0        308   sys.o
       328         28          0          0          0      51433   system_stm32f10x.o
       136         14          0          4          0       1267   timer.o
       422         18          0          0          0       4021   usart.o

    ----------------------------------------------------------------------
     14838       2480        836         92      49224     383954   Object Totals
         0          0         32          0          0          0   (incl. Generated)
        32          0          2          6          4          0   (incl. Padding)

    ----------------------------------------------------------------------

      Code (inc. data)   RO Data    RW Data    ZI Data      Debug   Library Member Name

        28          0          0          0          0         68   _chval.o
       158          0          0          0          0         92   _strtoul.o
        26          0          0          0          0         80   atoi.o
         8          4        133          0          0         68   ctype_o.o
         0          0          0          0          0          0   entry.o
         0          0          0          0          0          0   entry10a.o
         0          0          0          0          0          0   entry11a.o
         8          4          0          0          0          0   entry2.o
         4          0          0          0          0          0   entry5.o
         0          0          0          0          0          0   entry7b.o
         0          0          0          0          0          0   entry8b.o
         8          4          0          0          0          0   entry9a.o
         8          4          0          4          0         68   errno.o
        30          0          0          0          0          0   handlers.o
        36          8          0          0          0         68   init.o
         0          0          0          0          0          0   iusefp.o
        30          0          0          0          0         68   llshl.o
        36          0          0          0          0         68   llsshr.o
        32          0          0          0          0         68   llushr.o
       188         20          0          0          0        160   malloc.o
        36          0          0          0          0         68   memcpya.o
        36          0          0          0          0        108   memseta.o
         0          0          0          8          0          0   mvars.o
      2342         94          0          0          0        744   printfa.o
        24          0          0          0          0         68   strcat.o
        20          0          0          0          0         68   strchr.o
        18          0          0          0          0         68   strcpy.o
        14          0          0          0          0         68   strlen.o
        40          0          0          0          0         76   strncat.o
        36          0          0          0          0         80   strstr.o
       112          0          0          0          0         88   strtol.o
        44          0          0          0          0         80   uidiv.o
        98          0          0          0          0         92   uldiv.o
        48          0          0          0          0         68   cdrcmple.o
       334          0          0          0          0        148   dadd.o
       222          0          0          0          0        100   ddiv.o
       186          0          0          0          0        176   depilogue.o
        48          0          0          0          0         68   dfixul.o
       228          0          0          0          0         96   dmul.o

    ----------------------------------------------------------------------
      4490        138        136         12          0       3072   Library Totals
         4          0          3          0          0          0   (incl. Padding)

    ----------------------------------------------------------------------

      Code (inc. data)   RO Data    RW Data    ZI Data      Debug   Library Name

      3420        138        133         12          0       2416   mc_w.l
      1066          0          0          0          0        656   mf_w.l

    ----------------------------------------------------------------------
      4490        138        136         12          0       3072   Library Totals

    ----------------------------------------------------------------------

==============================================================================


      Code (inc. data)   RO Data    RW Data    ZI Data      Debug   

     19328       2618        972        104      49224     379326   Grand Totals
     19328       2618        972        104      49224     379326   ELF Image Totals
     19328       2618        972        104          0          0   ROM Totals

==============================================================================

    Total RO  Size (Code + RO Data)                20300 (  19.82kB)
    Total RW  Size (RW Data + ZI Data)             49328 (  48.17kB)
    Total ROM Size (Code + RO Data + RW Data)      20404 (  19.93kB)

==============================================================================

